
R version 3.4.0 (2017-04-21) -- "You Stupid Darkness"
Copyright (C) 2017 The R Foundation for Statistical Computing
Platform: x86_64-redhat-linux-gnu (64-bit)

R is free software and comes with ABSOLUTELY NO WARRANTY.
You are welcome to redistribute it under certain conditions.
Type 'license()' or 'licence()' for distribution details.

R is a collaborative project with many contributors.
Type 'contributors()' for more information and
'citation()' on how to cite R or R packages in publications.

Type 'demo()' for some demos, 'help()' for on-line help, or
'help.start()' for an HTML browser interface to help.
Type 'q()' to quit R.

> 
> # get data
> mpledata<- read.csv("mpledata_all.csv")
> 
> 
> #install.packages("statnet", Sys.getenv("R_LIBS_USER"), repos = "http://cran.case.edu" )
> #library(statnet)
> #library(doParallel)
> 
> # set seed
> set.seed(333)
> 
> # MPLE
> mple.est <- glm(edgeij ~ istar2+ostar2+mutual+triangle+ edgecov.mq.t+ edgecov.same.issue.area.t+ edgecov.year.diff.t +edgecov.year.diff.square.t +  
+                 nodeicov.AbsDiffMQscores+ nodeicov.NumberJusticesPro+ edgecov.year.t + nodeifactor.SameIssueArea.2+ nodeifactor.SameIssueArea.3+ 
+                 nodeifactor.SameIssueArea.4+nodeifactor.SameIssueArea.5+ nodeifactor.SameIssueArea.6+ nodeifactor.SameIssueArea.7+ 
+                 nodeifactor.SameIssueArea.8+nodeifactor.SameIssueArea.9+  nodeifactor.SameIssueArea.10+
+                 nodeifactor.SameIssueArea.11+ nodeifactor.SameIssueArea.12+ nodeifactor.SameIssueArea.13+nodeifactor.SameIssueArea.14+ 
+                 nodeofactor.SameIssueArea.2+ nodeofactor.SameIssueArea.3+ nodeofactor.SameIssueArea.4+nodeofactor.SameIssueArea.5+ 
+                 nodeofactor.SameIssueArea.6+nodeofactor.SameIssueArea.7+
+                 nodeofactor.SameIssueArea.8+nodeofactor.SameIssueArea.9+nodeofactor.SameIssueArea.10+ nodeofactor.SameIssueArea.11+ 
+                 nodeofactor.SameIssueArea.12+ nodeofactor.SameIssueArea.13+nodeofactor.SameIssueArea.14+ nodeicov.Overruled +
+                 instar2_sendertime+outstar2_sendertime+ mutual_sendertime+ triangle_sendertime+mq_sendertime +sameissuearea_sendertime+
+                 yeardiff_sendertime + yeardiffsquare_sendertime+ AbsDiffMQscores_sendertime + NumberJusticesPro_sendertime+ Overruled_sendertime +
+                 instar2_sendertime2+outstar2_sendertime2+ mutual_sendertime2+ triangle_sendertime2+mq_sendertime2 +sameissuearea_sendertime2+
+                 yeardiff_sendertime2 + yeardiffsquare_sendertime2+ AbsDiffMQscores_sendertime2 + NumberJusticesPro_sendertime2+ Overruled_sendertime2 +
+                 instar2_sendertime3+outstar2_sendertime3+ mutual_sendertime3+ triangle_sendertime3+mq_sendertime3 +sameissuearea_sendertime3+
+                 yeardiff_sendertime3 + yeardiffsquare_sendertime3+ AbsDiffMQscores_sendertime3 + NumberJusticesPro_sendertime3 + Overruled_sendertime3 +
+                 edgecov.year.t2 + edgecov.year.t3,family=binomial,data=mpledata)
> summary(mple.est)

Call:
glm(formula = edgeij ~ istar2 + ostar2 + mutual + triangle + 
    edgecov.mq.t + edgecov.same.issue.area.t + edgecov.year.diff.t + 
    edgecov.year.diff.square.t + nodeicov.AbsDiffMQscores + nodeicov.NumberJusticesPro + 
    edgecov.year.t + nodeifactor.SameIssueArea.2 + nodeifactor.SameIssueArea.3 + 
    nodeifactor.SameIssueArea.4 + nodeifactor.SameIssueArea.5 + 
    nodeifactor.SameIssueArea.6 + nodeifactor.SameIssueArea.7 + 
    nodeifactor.SameIssueArea.8 + nodeifactor.SameIssueArea.9 + 
    nodeifactor.SameIssueArea.10 + nodeifactor.SameIssueArea.11 + 
    nodeifactor.SameIssueArea.12 + nodeifactor.SameIssueArea.13 + 
    nodeifactor.SameIssueArea.14 + nodeofactor.SameIssueArea.2 + 
    nodeofactor.SameIssueArea.3 + nodeofactor.SameIssueArea.4 + 
    nodeofactor.SameIssueArea.5 + nodeofactor.SameIssueArea.6 + 
    nodeofactor.SameIssueArea.7 + nodeofactor.SameIssueArea.8 + 
    nodeofactor.SameIssueArea.9 + nodeofactor.SameIssueArea.10 + 
    nodeofactor.SameIssueArea.11 + nodeofactor.SameIssueArea.12 + 
    nodeofactor.SameIssueArea.13 + nodeofactor.SameIssueArea.14 + 
    nodeicov.Overruled + instar2_sendertime + outstar2_sendertime + 
    mutual_sendertime + triangle_sendertime + mq_sendertime + 
    sameissuearea_sendertime + yeardiff_sendertime + yeardiffsquare_sendertime + 
    AbsDiffMQscores_sendertime + NumberJusticesPro_sendertime + 
    Overruled_sendertime + instar2_sendertime2 + outstar2_sendertime2 + 
    mutual_sendertime2 + triangle_sendertime2 + mq_sendertime2 + 
    sameissuearea_sendertime2 + yeardiff_sendertime2 + yeardiffsquare_sendertime2 + 
    AbsDiffMQscores_sendertime2 + NumberJusticesPro_sendertime2 + 
    Overruled_sendertime2 + instar2_sendertime3 + outstar2_sendertime3 + 
    mutual_sendertime3 + triangle_sendertime3 + mq_sendertime3 + 
    sameissuearea_sendertime3 + yeardiff_sendertime3 + yeardiffsquare_sendertime3 + 
    AbsDiffMQscores_sendertime3 + NumberJusticesPro_sendertime3 + 
    Overruled_sendertime3 + edgecov.year.t2 + edgecov.year.t3, 
    family = binomial, data = mpledata)

Deviance Residuals: 
    Min       1Q   Median       3Q      Max  
-8.4904  -0.1656  -0.1038  -0.0704   3.7771  

Coefficients:
                                Estimate Std. Error z value Pr(>|z|)    
(Intercept)                   -6.340e+00  1.549e-01 -40.943  < 2e-16 ***
istar2                         7.848e-02  4.834e-03  16.235  < 2e-16 ***
ostar2                         2.346e-02  2.522e-03   9.299  < 2e-16 ***
mutual                         3.713e+00  1.478e+00   2.513 0.011980 *  
triangle                       1.759e+00  2.923e-02  60.183  < 2e-16 ***
edgecov.mq.t                   9.705e-02  4.046e-02   2.399 0.016441 *  
edgecov.same.issue.area.t      1.009e+00  5.507e-02  18.324  < 2e-16 ***
edgecov.year.diff.t           -2.027e-01  1.338e-02 -15.148  < 2e-16 ***
edgecov.year.diff.square.t     6.086e-04  7.425e-04   0.820 0.412387    
nodeicov.AbsDiffMQscores      -3.556e-02  2.295e-02  -1.550 0.121197    
nodeicov.NumberJusticesPro    -2.930e-02  2.645e-02  -1.108 0.268012    
edgecov.year.t                 3.450e-02  1.524e-02   2.264 0.023569 *  
nodeifactor.SameIssueArea.2    1.361e-01  1.779e-02   7.652 1.98e-14 ***
nodeifactor.SameIssueArea.3   -3.506e-01  2.393e-02 -14.654  < 2e-16 ***
nodeifactor.SameIssueArea.4    5.023e-01  2.692e-02  18.657  < 2e-16 ***
nodeifactor.SameIssueArea.5    2.177e-01  5.501e-02   3.958 7.57e-05 ***
nodeifactor.SameIssueArea.6    5.615e-01  5.173e-02  10.854  < 2e-16 ***
nodeifactor.SameIssueArea.7    3.585e-01  2.448e-02  14.641  < 2e-16 ***
nodeifactor.SameIssueArea.8    1.405e-01  1.678e-02   8.376  < 2e-16 ***
nodeifactor.SameIssueArea.9    2.924e-01  1.816e-02  16.098  < 2e-16 ***
nodeifactor.SameIssueArea.10   3.894e-01  2.639e-02  14.756  < 2e-16 ***
nodeifactor.SameIssueArea.11   3.960e-02  6.745e-02   0.587 0.557086    
nodeifactor.SameIssueArea.12   1.354e-01  2.720e-02   4.977 6.45e-07 ***
nodeifactor.SameIssueArea.13   6.626e-01  9.202e-02   7.201 5.99e-13 ***
nodeifactor.SameIssueArea.14   4.278e-01  7.894e-02   5.419 5.99e-08 ***
nodeofactor.SameIssueArea.2    2.386e-01  1.709e-02  13.955  < 2e-16 ***
nodeofactor.SameIssueArea.3   -1.006e-01  2.316e-02  -4.346 1.39e-05 ***
nodeofactor.SameIssueArea.4    4.805e-01  2.629e-02  18.274  < 2e-16 ***
nodeofactor.SameIssueArea.5    3.768e-01  4.260e-02   8.844  < 2e-16 ***
nodeofactor.SameIssueArea.6    5.259e-01  4.611e-02  11.405  < 2e-16 ***
nodeofactor.SameIssueArea.7    4.107e-01  2.613e-02  15.715  < 2e-16 ***
nodeofactor.SameIssueArea.8    2.074e-01  1.662e-02  12.479  < 2e-16 ***
nodeofactor.SameIssueArea.9    3.149e-01  1.796e-02  17.530  < 2e-16 ***
nodeofactor.SameIssueArea.10   5.077e-01  2.487e-02  20.416  < 2e-16 ***
nodeofactor.SameIssueArea.11   2.832e-01  5.922e-02   4.782 1.74e-06 ***
nodeofactor.SameIssueArea.12   4.092e-01  2.863e-02  14.293  < 2e-16 ***
nodeofactor.SameIssueArea.13   9.875e-01  7.172e-02  13.769  < 2e-16 ***
nodeofactor.SameIssueArea.14   6.942e-01  1.265e-01   5.486 4.11e-08 ***
nodeicov.Overruled             3.247e+00  8.319e-01   3.903 9.51e-05 ***
instar2_sendertime            -2.465e-03  3.622e-04  -6.806 1.00e-11 ***
outstar2_sendertime           -3.791e-04  2.514e-04  -1.508 0.131589    
mutual_sendertime             -1.766e-01  2.374e-01  -0.744 0.456921    
triangle_sendertime           -1.945e-02  2.911e-03  -6.683 2.34e-11 ***
mq_sendertime                 -5.391e-03  3.558e-03  -1.515 0.129736    
sameissuearea_sendertime       4.939e-02  5.645e-03   8.749  < 2e-16 ***
yeardiff_sendertime            1.167e-02  9.576e-04  12.186  < 2e-16 ***
yeardiffsquare_sendertime     -2.930e-05  3.878e-05  -0.756 0.449921    
AbsDiffMQscores_sendertime     2.338e-03  1.984e-03   1.178 0.238641    
NumberJusticesPro_sendertime   6.669e-04  2.490e-03   0.268 0.788834    
Overruled_sendertime          -3.251e-01  6.177e-02  -5.263 1.42e-07 ***
instar2_sendertime2            3.286e-05  8.443e-06   3.892 9.94e-05 ***
outstar2_sendertime2          -5.560e-06  6.783e-06  -0.820 0.412389    
mutual_sendertime2             1.126e-02  9.724e-03   1.158 0.246946    
triangle_sendertime2           2.890e-04  8.156e-05   3.543 0.000395 ***
mq_sendertime2                 9.885e-05  9.506e-05   1.040 0.298414    
sameissuearea_sendertime2     -1.619e-03  1.607e-04 -10.072  < 2e-16 ***
yeardiff_sendertime2          -2.825e-04  2.298e-05 -12.291  < 2e-16 ***
yeardiffsquare_sendertime2     1.633e-06  7.004e-07   2.332 0.019693 *  
AbsDiffMQscores_sendertime2    1.501e-05  5.207e-05   0.288 0.773119    
NumberJusticesPro_sendertime2 -1.269e-05  6.756e-05  -0.188 0.850986    
Overruled_sendertime2          7.996e-03  1.453e-03   5.502 3.74e-08 ***
instar2_sendertime3           -1.402e-07  6.064e-08  -2.312 0.020790 *  
outstar2_sendertime3           1.048e-07  5.336e-08   1.964 0.049564 *  
mutual_sendertime3            -1.154e-04  1.067e-04  -1.081 0.279721    
triangle_sendertime3          -5.301e-07  6.662e-07  -0.796 0.426198    
mq_sendertime3                -5.627e-07  7.589e-07  -0.741 0.458455    
sameissuearea_sendertime3      1.278e-05  1.317e-06   9.706  < 2e-16 ***
yeardiff_sendertime3           2.173e-06  1.703e-07  12.759  < 2e-16 ***
yeardiffsquare_sendertime3    -1.893e-08  4.301e-09  -4.401 1.08e-05 ***
AbsDiffMQscores_sendertime3   -7.232e-07  4.128e-07  -1.752 0.079759 .  
NumberJusticesPro_sendertime3  3.624e-07  5.399e-07   0.671 0.502031    
Overruled_sendertime3         -5.799e-05  1.069e-05  -5.427 5.72e-08 ***
edgecov.year.t2                5.567e-04  4.241e-04   1.313 0.189310    
edgecov.year.t3               -8.031e-06  3.430e-06  -2.341 0.019222 *  
---
Signif. codes:  0 '***' 0.001 '**' 0.01 '*' 0.05 '.' 0.1 ' ' 1

(Dispersion parameter for binomial family taken to be 1)

    Null deviance: 947401  on 2888923  degrees of freedom
Residual deviance: 386664  on 2888850  degrees of freedom
AIC: 386812

Number of Fisher Scoring iterations: 8

> 
> colnames(mpledata)[12]
[1] "edgecov.sender.time.t"
> 
> # nonparametric bootstrap resampling
> nboot <- 200 # this number should be 200 or higher
> ncoef <- length(coef(mple.est))
> boot.results <- matrix(NA,nboot,ncoef)
> # need to weight by the number of potential edges in a time period
> n.per.time <- table(mpledata[,12])
> # get unique sender times, over which to weight
> unique.sender.times <- as.numeric(names(n.per.time))
> # calculate weights for weighted resampling of times
> #time.weights <- n.per.time/sum(n.per.time)
> 
> # loop over bootstrap iterations (easily paralellize)
> for(b in 1:nboot){
+   print(b)
+   # sample time periods with replacement
+   time.periods.b <- sample(unique.sender.times,length(unique.sender.times),rep=T)
+   # construct the data for iteration b
+   data.b <- list()
+   for(k in 1:length(time.periods.b)){
+    t<- time.periods.b[k]
+     data.b[[k]] <- subset(mpledata,mpledata[,12]==t)
+   }
+   # collapse into a matrix
+   data.b <- do.call('rbind',data.b)
+   # convert to data frame
+   data.b <- data.frame(data.b)
+   # run mple
+   mple.est.b <- glm(edgeij ~ istar2+ostar2+mutual+triangle+ edgecov.mq.t+ edgecov.same.issue.area.t+ edgecov.year.diff.t +edgecov.year.diff.square.t +  
+                 nodeicov.AbsDiffMQscores+ nodeicov.NumberJusticesPro+ edgecov.year.t + nodeifactor.SameIssueArea.2+ nodeifactor.SameIssueArea.3+ 
+                 nodeifactor.SameIssueArea.4+nodeifactor.SameIssueArea.5+ nodeifactor.SameIssueArea.6+ nodeifactor.SameIssueArea.7+ 
+                 nodeifactor.SameIssueArea.8+nodeifactor.SameIssueArea.9+  nodeifactor.SameIssueArea.10+
+                 nodeifactor.SameIssueArea.11+ nodeifactor.SameIssueArea.12+ nodeifactor.SameIssueArea.13+nodeifactor.SameIssueArea.14+ 
+                 nodeofactor.SameIssueArea.2+ nodeofactor.SameIssueArea.3+ nodeofactor.SameIssueArea.4+nodeofactor.SameIssueArea.5+ 
+                 nodeofactor.SameIssueArea.6+nodeofactor.SameIssueArea.7+
+                 nodeofactor.SameIssueArea.8+nodeofactor.SameIssueArea.9+nodeofactor.SameIssueArea.10+ nodeofactor.SameIssueArea.11+ 
+                 nodeofactor.SameIssueArea.12+ nodeofactor.SameIssueArea.13+nodeofactor.SameIssueArea.14+ nodeicov.Overruled +
+                 instar2_sendertime+outstar2_sendertime+ mutual_sendertime+ triangle_sendertime+mq_sendertime +sameissuearea_sendertime+
+                 yeardiff_sendertime + yeardiffsquare_sendertime+ AbsDiffMQscores_sendertime + NumberJusticesPro_sendertime+ Overruled_sendertime +
+                 instar2_sendertime2+outstar2_sendertime2+ mutual_sendertime2+ triangle_sendertime2+mq_sendertime2 +sameissuearea_sendertime2+
+                 yeardiff_sendertime2 + yeardiffsquare_sendertime2+ AbsDiffMQscores_sendertime2 + NumberJusticesPro_sendertime2+ Overruled_sendertime2 +
+                 instar2_sendertime3+outstar2_sendertime3+ mutual_sendertime3+ triangle_sendertime3+mq_sendertime3 +sameissuearea_sendertime3+
+                 yeardiff_sendertime3 + yeardiffsquare_sendertime3+ AbsDiffMQscores_sendertime3 + NumberJusticesPro_sendertime3 + Overruled_sendertime3 +
+                 edgecov.year.t2 + edgecov.year.t3 ,family=binomial,data=data.b)
+   # store results
+   boot.results[b,] <- coef(mple.est.b)
+ }
[1] 1
[1] 2
[1] 3
[1] 4
[1] 5
[1] 6
[1] 7
[1] 8
[1] 9
[1] 10
[1] 11
[1] 12
[1] 13
[1] 14
[1] 15
[1] 16
[1] 17
[1] 18
[1] 19
[1] 20
[1] 21
[1] 22
[1] 23
[1] 24
[1] 25
[1] 26
[1] 27
[1] 28
[1] 29
[1] 30
[1] 31
[1] 32
[1] 33
[1] 34
[1] 35
[1] 36
[1] 37
[1] 38
[1] 39
[1] 40
[1] 41
[1] 42
[1] 43
[1] 44
[1] 45
[1] 46
[1] 47
[1] 48
[1] 49
[1] 50
[1] 51
[1] 52
[1] 53
[1] 54
[1] 55
[1] 56
[1] 57
[1] 58
[1] 59
[1] 60
[1] 61
[1] 62
[1] 63
[1] 64
[1] 65
[1] 66
[1] 67
[1] 68
[1] 69
[1] 70
[1] 71
[1] 72
[1] 73
[1] 74
[1] 75
[1] 76
[1] 77
[1] 78
[1] 79
[1] 80
[1] 81
[1] 82
[1] 83
[1] 84
[1] 85
[1] 86
[1] 87
[1] 88
[1] 89
[1] 90
[1] 91
[1] 92
[1] 93
[1] 94
[1] 95
[1] 96
[1] 97
[1] 98
[1] 99
[1] 100
[1] 101
[1] 102
[1] 103
[1] 104
[1] 105
[1] 106
[1] 107
[1] 108
[1] 109
[1] 110
[1] 111
[1] 112
[1] 113
[1] 114
[1] 115
[1] 116
[1] 117
[1] 118
[1] 119
[1] 120
[1] 121
[1] 122
[1] 123
[1] 124
[1] 125
[1] 126
[1] 127
[1] 128
[1] 129
[1] 130
[1] 131
[1] 132
[1] 133
[1] 134
[1] 135
[1] 136
[1] 137
[1] 138
[1] 139
[1] 140
[1] 141
[1] 142
[1] 143
[1] 144
[1] 145
[1] 146
[1] 147
[1] 148
[1] 149
[1] 150
[1] 151
[1] 152
[1] 153
[1] 154
[1] 155
[1] 156
[1] 157
[1] 158
[1] 159
[1] 160
[1] 161
[1] 162
[1] 163
[1] 164
[1] 165
[1] 166
[1] 167
[1] 168
[1] 169
[1] 170
[1] 171
[1] 172
[1] 173
[1] 174
[1] 175
[1] 176
[1] 177
[1] 178
[1] 179
[1] 180
[1] 181
[1] 182
[1] 183
[1] 184
[1] 185
[1] 186
[1] 187
[1] 188
[1] 189
[1] 190
[1] 191
[1] 192
[1] 193
[1] 194
[1] 195
[1] 196
[1] 197
[1] 198
[1] 199
[1] 200
> 
> write.csv(boot.results, file = "bootresults_3.csv")
> 
> ### take percentiles
> 
> apply(boot.results, 2, quantile, probs = c(0.25, 0.75),  na.rm = TRUE)
         [,1]       [,2]       [,3]      [,4]     [,5]       [,6]      [,7]
25% -6.522876 0.07442048 0.02024255 -12.81034 1.680076 0.05832605 0.9568424
75% -6.213759 0.08282124 0.04316070   4.96105 1.790898 0.12867886 1.0615636
          [,8]          [,9]       [,10]       [,11]      [,12]     [,13]
25% -0.2188661 -8.709462e-05 -0.05004160 -0.05616131 0.02015051 0.1212328
75% -0.1892509  1.132145e-03 -0.01271882 -0.01128932 0.04821573 0.1474596
         [,14]     [,15]     [,16]     [,17]     [,18]     [,19]     [,20]
25% -0.3748200 0.4827469 0.1640537 0.5326305 0.3375389 0.1219756 0.2763138
75% -0.3239617 0.5289151 0.2552887 0.5978988 0.3801717 0.1532619 0.3058640
        [,21]       [,22]     [,23]     [,24]     [,25]     [,26]       [,27]
25% 0.3669979 -0.02738121 0.1074463 0.5990645 0.3668590 0.2167649 -0.13540744
75% 0.4083755  0.09413206 0.1628108 0.7280693 0.4712813 0.2618025 -0.07318515
        [,28]     [,29]     [,30]     [,31]     [,32]     [,33]     [,34]
25% 0.4521107 0.3268275 0.4742387 0.3917252 0.1908849 0.2969175 0.4758550
75% 0.5103090 0.4298178 0.5612325 0.4368938 0.2277125 0.3322655 0.5328678
        [,35]     [,36]     [,37]     [,38]    [,39]        [,40]         [,41]
25% 0.2126966 0.3940191 0.9394844 0.6280331 2.321245 -0.002798128 -0.0014894277
75% 0.3424766 0.4520161 1.0562246 0.7868117 3.744188 -0.002212155 -0.0001163938
         [,42]       [,43]         [,44]      [,45]      [,46]         [,47]
25% -0.3884347 -0.02325272 -0.0090617916 0.04449857 0.01073782 -6.081802e-05
75%  2.3042320 -0.01216102 -0.0008733726 0.05583166 0.01282925  5.343821e-06
           [,48]        [,49]      [,50]        [,51]         [,52]       [,53]
25% 0.0005688889 -0.001231941 -0.3786565 2.692426e-05 -1.144725e-05 -0.09195821
75% 0.0038302694  0.003267940 -0.2542394 4.060962e-05  1.669930e-05  0.01860343
           [,54]         [,55]        [,56]         [,57]        [,58]
25% 9.618247e-05 -8.526768e-06 -0.001790308 -0.0003097766 9.479498e-07
75% 4.086016e-04  2.010795e-04 -0.001471941 -0.0002610534 2.359542e-06
            [,59]         [,60]       [,61]         [,62]         [,63]
25% -2.666872e-05 -7.767365e-05 0.006281079 -1.936929e-07 -2.691469e-08
75%  5.989025e-05  4.050445e-05 0.009380144 -9.771331e-08  1.608019e-07
           [,64]         [,65]         [,66]        [,67]        [,68]
25% -0.000192047 -1.638283e-06 -1.415763e-06 1.160759e-05 2.018227e-06
75%  0.001447104  9.802052e-07  3.202608e-07 1.406731e-05 2.379858e-06
            [,69]         [,70]         [,71]         [,72]        [,73]
25% -2.338390e-08 -1.083324e-06 -3.203702e-08 -6.841804e-05 0.0002087445
75% -1.449546e-08 -4.055869e-07  8.670322e-07 -4.490286e-05 0.0009518686
            [,74]
25% -1.141914e-05
75% -5.544550e-06
> 
> 
