
R version 3.4.0 (2017-04-21) -- "You Stupid Darkness"
Copyright (C) 2017 The R Foundation for Statistical Computing
Platform: x86_64-redhat-linux-gnu (64-bit)

R is free software and comes with ABSOLUTELY NO WARRANTY.
You are welcome to redistribute it under certain conditions.
Type 'license()' or 'licence()' for distribution details.

R is a collaborative project with many contributors.
Type 'contributors()' for more information and
'citation()' on how to cite R or R packages in publications.

Type 'demo()' for some demos, 'help()' for on-line help, or
'help.start()' for an HTML browser interface to help.
Type 'q()' to quit R.

> 
> # get data
> load(file="ERCM_MPLE_canned.RData")
> 
> #install.packages("statnet", Sys.getenv("R_LIBS_USER"), repos = "http://cran.case.edu" )
> library(statnet)
> 
> mq.matrix[is.na(mq.matrix)]<- 0
> 
> # id = time.periods
> # number of time periods
> time.periods <- 1900
> 
> cases.total<- scc1[,71]
> year.total <- scc1[,4]-1936 #-1936 => the first year 1937 is 1, 1938 is 2 aso 
> 
> # number of cases
> cases <- max(which(time.periods==cases.total))
> 
> # simple assignment of time periods to cases
> case.time <- cases.total[1:cases]
> years <- year.total[1:cases] 
> 
> # going to need a sender time matrix covariate
> sender.time <- matrix(case.time,length(case.time),length(case.time),byrow=F)
> # a receiver time covariate
> receiver.time <- matrix(case.time,length(case.time),length(case.time),byrow=T)
> # and a unique dyad id to prevent ergmMPLE from using weights
> dyad.id <- matrix(runif(length(case.time)^2),length(case.time),length(case.time))
> # year
> year <- matrix(years, length(case.time),length(case.time),byrow=F)
> 
> year.diff.square<- year.diff.matrix^2
> 
> # Store the data for MPLE in a year-by-year list
> mple.data <- list()
> 
> # loop over time periods to construct data for mple
> for(t in 1582:time.periods){ # time.periods
+   # extract the network up to time t
+   net.t <- network(adjacency.matrix[which(case.time <= t),which(case.time <= t)])
+   # subset MQ matrix
+   mq.t <- mq.matrix[which(case.time <= t),which(case.time <= t)]
+   # subset same issue matrix
+   same.issue.area.t <- same.issue.area[which(case.time <= t),which(case.time <= t)]
+   # subset year diff matrix
+   year.diff.t <- year.diff.matrix[which(case.time <= t),which(case.time <= t)]
+   # subset year diff matrix square
+   year.diff.square.t <- year.diff.square[which(case.time <= t),which(case.time <= t)]
+   # subset sender time matrix
+   sender.time.t <- sender.time[which(case.time <= t),which(case.time <= t)]
+   # subset receiver time matrix
+   receiver.time.t <- receiver.time[which(case.time <= t),which(case.time <= t)]
+   # subset unique dyad id matrix
+   dyad.id.t <- dyad.id[which(case.time <= t),which(case.time <= t)]
+   # subset year matrix
+   year.t<- year[which(case.time <= t),which(case.time <= t)]
+ 
+   #### set vertex attributes
+   # same issue area
+   net.t <- set.vertex.attribute(net.t,"SameIssueArea", scc1[which(case.time <= t),57])
+   # abs diff of MQ score
+   net.t <- set.vertex.attribute(net.t,"AbsDiffMQscores", scc1[which(case.time <= t),79])
+   # number justices that voted for the case
+   net.t <- set.vertex.attribute(net.t,"NumberJusticesPro", scc1[which(case.time <= t),68])
+   # number justices that voted for the case
+   net.t <- set.vertex.attribute(net.t,"sender.time", sender.time.t[,1])
+   # use ergmMPLE to create data for time t
+   data.t <- ergmMPLE(net.t~edges+istar(2)+mutual+ostar(2)+triangle+edgecov(mq.t)+edgecov(same.issue.area.t)+edgecov(year.diff.t)+ edgecov(year.diff.square.t )+edgecov(sender.time.t)+edgecov(receiver.time.t)+
+                       edgecov(dyad.id.t)+ edgecov(year.t) +nodeocov('sender.time')+ nodeicov('AbsDiffMQscores')+ nodeicov('NumberJusticesPro')+ nodeifactor('SameIssueArea', base=1)+ nodeofactor('SameIssueArea', base=1))
+   # combine into a matrix
+   data.t <- cbind(data.t[[1]],data.t[[2]])
+   # add dependent variable label
+   colnames(data.t)[1] <- "edgeij"
+   # subset the data for this year to include nodes with sender time t
+   data.t <- data.t[which(data.t[,"edgecov.sender.time.t"] >= data.t[,"edgecov.receiver.time.t"] & data.t[,"edgecov.sender.time.t"] == t),]
+   # store in the list
+   mple.data[[t-1581]] <- data.t
+   print(t)
+ }
[1] 1582
[1] 1583
[1] 1584
[1] 1585
[1] 1586
[1] 1587
[1] 1588
[1] 1589
[1] 1590
[1] 1591
[1] 1592
[1] 1593
[1] 1594
[1] 1595
[1] 1596
[1] 1597
[1] 1598
[1] 1599
[1] 1600
[1] 1601
[1] 1602
[1] 1603
[1] 1604
[1] 1605
[1] 1606
[1] 1607
[1] 1608
[1] 1609
[1] 1610
[1] 1611
[1] 1612
[1] 1613
[1] 1614
[1] 1615
[1] 1616
[1] 1617
[1] 1618
[1] 1619
[1] 1620
[1] 1621
[1] 1622
[1] 1623
[1] 1624
[1] 1625
[1] 1626
[1] 1627
[1] 1628
[1] 1629
[1] 1630
[1] 1631
[1] 1632
[1] 1633
[1] 1634
[1] 1635
[1] 1636
[1] 1637
[1] 1638
[1] 1639
[1] 1640
[1] 1641
[1] 1642
[1] 1643
[1] 1644
[1] 1645
[1] 1646
[1] 1647
[1] 1648
[1] 1649
[1] 1650
[1] 1651
[1] 1652
[1] 1653
[1] 1654
[1] 1655
[1] 1656
[1] 1657
[1] 1658
[1] 1659
[1] 1660
[1] 1661
[1] 1662
[1] 1663
[1] 1664
[1] 1665
[1] 1666
[1] 1667
[1] 1668
[1] 1669
[1] 1670
[1] 1671
[1] 1672
[1] 1673
[1] 1674
[1] 1675
[1] 1676
[1] 1677
[1] 1678
[1] 1679
[1] 1680
[1] 1681
[1] 1682
[1] 1683
[1] 1684
[1] 1685
[1] 1686
[1] 1687
[1] 1688
[1] 1689
[1] 1690
[1] 1691
[1] 1692
[1] 1693
[1] 1694
[1] 1695
[1] 1696
[1] 1697
[1] 1698
[1] 1699
[1] 1700
[1] 1701
[1] 1702
[1] 1703
[1] 1704
[1] 1705
[1] 1706
[1] 1707
[1] 1708
[1] 1709
[1] 1710
[1] 1711
[1] 1712
[1] 1713
[1] 1714
[1] 1715
[1] 1716
[1] 1717
[1] 1718
[1] 1719
[1] 1720
[1] 1721
[1] 1722
[1] 1723
[1] 1724
[1] 1725
[1] 1726
[1] 1727
[1] 1728
[1] 1729
[1] 1730
[1] 1731
[1] 1732
[1] 1733
[1] 1734
[1] 1735
[1] 1736
[1] 1737
[1] 1738
[1] 1739
[1] 1740
[1] 1741
[1] 1742
[1] 1743
[1] 1744
[1] 1745
[1] 1746
[1] 1747
[1] 1748
[1] 1749
[1] 1750
[1] 1751
[1] 1752
[1] 1753
[1] 1754
[1] 1755
[1] 1756
[1] 1757
[1] 1758
[1] 1759
[1] 1760
[1] 1761
[1] 1762
[1] 1763
[1] 1764
[1] 1765
[1] 1766
[1] 1767
[1] 1768
[1] 1769
[1] 1770
[1] 1771
[1] 1772
[1] 1773
[1] 1774
[1] 1775
[1] 1776
[1] 1777
[1] 1778
[1] 1779
[1] 1780
[1] 1781
[1] 1782
[1] 1783
[1] 1784
[1] 1785
[1] 1786
[1] 1787
[1] 1788
[1] 1789
[1] 1790
[1] 1791
[1] 1792
[1] 1793
[1] 1794
[1] 1795
[1] 1796
[1] 1797
[1] 1798
[1] 1799
[1] 1800
[1] 1801
[1] 1802
[1] 1803
[1] 1804
[1] 1805
[1] 1806
[1] 1807
[1] 1808
[1] 1809
[1] 1810
[1] 1811
[1] 1812
[1] 1813
[1] 1814
[1] 1815
[1] 1816
[1] 1817
[1] 1818
[1] 1819
[1] 1820
[1] 1821
[1] 1822
[1] 1823
[1] 1824
[1] 1825
[1] 1826
[1] 1827
[1] 1828
[1] 1829
[1] 1830
[1] 1831
[1] 1832
[1] 1833
[1] 1834
[1] 1835
[1] 1836
[1] 1837
[1] 1838
[1] 1839
[1] 1840
[1] 1841
[1] 1842
[1] 1843
[1] 1844
[1] 1845
[1] 1846
[1] 1847
[1] 1848
[1] 1849
[1] 1850
[1] 1851
[1] 1852
[1] 1853
[1] 1854
[1] 1855
[1] 1856
[1] 1857
[1] 1858
[1] 1859
[1] 1860
[1] 1861
[1] 1862
[1] 1863
[1] 1864
[1] 1865
[1] 1866
[1] 1867
[1] 1868
[1] 1869
[1] 1870
[1] 1871
[1] 1872
[1] 1873
[1] 1874
[1] 1875
[1] 1876
[1] 1877
[1] 1878
[1] 1879
[1] 1880
[1] 1881
[1] 1882
[1] 1883
[1] 1884
[1] 1885
[1] 1886
[1] 1887
[1] 1888
[1] 1889
[1] 1890
[1] 1891
[1] 1892
[1] 1893
[1] 1894
[1] 1895
[1] 1896
[1] 1897
[1] 1898
[1] 1899
[1] 1900
> 
> save.image("MPLE4.RData")
> 
> #### matrices have different dimensions due to nodeifactor and nodeofactor -> put all matrices into the right dimension
> l<- length(mple.data)
> mple.data.same<- list()
> for(i in 1:l){
+   rowM<- dim(mple.data[[i]])[1]
+   d<- dim(mple.data[[i]])[2]
+   
+   aux.matrix<- matrix(0, rowM, 43)
+   colnames(aux.matrix)<- c( "edgeij", "edges", "istar2",  "mutual",  "ostar2",  "triangle", "edgecov.mq.t", "edgecov.same.issue.area.t",   
+            "edgecov.year.diff.t","edgecov.year.diff.square.t",  "edgecov.sender.time.t",  "edgecov.receiver.time.t",  "edgecov.dyad.id.t",  "edgecov.year.t", "nodeocov.sender.time", "nodeicov.AbsDiffMQscores",
+             "nodeicov.NumberJusticesPro", "nodeifactor.SameIssueArea.2","nodeifactor.SameIssueArea.3","nodeifactor.SameIssueArea.4","nodeifactor.SameIssueArea.5",
+            "nodeifactor.SameIssueArea.6","nodeifactor.SameIssueArea.7","nodeifactor.SameIssueArea.8","nodeifactor.SameIssueArea.9","nodeifactor.SameIssueArea.10",
+            "nodeifactor.SameIssueArea.11","nodeifactor.SameIssueArea.12","nodeifactor.SameIssueArea.13","nodeifactor.SameIssueArea.14", "nodeofactor.SameIssueArea.2",
+            "nodeofactor.SameIssueArea.3","nodeofactor.SameIssueArea.4","nodeofactor.SameIssueArea.5","nodeofactor.SameIssueArea.6","nodeofactor.SameIssueArea.7",
+            "nodeofactor.SameIssueArea.8","nodeofactor.SameIssueArea.9","nodeofactor.SameIssueArea.10","nodeofactor.SameIssueArea.11","nodeofactor.SameIssueArea.12",
+            "nodeofactor.SameIssueArea.13","nodeofactor.SameIssueArea.14")
+    
+   aux.matrix[,1:17]<- mple.data[[i]][, 1:17]  
+   # enter columns of mple.data into the right column in aux.matrix
+   for(j in 18:d){
+     col.in.aux.matrix<- which(colnames(aux.matrix)==colnames(mple.data[[i]])[j])
+     aux.matrix[,col.in.aux.matrix]<- mple.data[[i]][,j]
+   }
+   # save auxiliary matrix with right dimension into new list
+   mple.data.same[[i]]<- aux.matrix
+   }
> 
> 
> # collapse list into a data frame
> mple.data <- data.frame(do.call('rbind',mple.data.same))
> 
> 
> write.csv(mple.data, file = "mpledata4.csv")
> 
> # estimate mple
> mple.est <- glm(edgeij ~ istar2+ostar2+mutual+triangle+ edgecov.mq.t+ edgecov.same.issue.area.t+ edgecov.year.diff.t +edgecov.year.diff.square.t  +
+                 nodeicov.AbsDiffMQscores+ nodeicov.NumberJusticesPro + nodeocov.sender.time+ nodeifactor.SameIssueArea.2+ nodeifactor.SameIssueArea.3+ 
+                 nodeifactor.SameIssueArea.4+nodeifactor.SameIssueArea.5+ nodeifactor.SameIssueArea.6+ nodeifactor.SameIssueArea.7+ 
+                 nodeifactor.SameIssueArea.8+nodeifactor.SameIssueArea.9+  nodeifactor.SameIssueArea.10+
+                 nodeifactor.SameIssueArea.11+ nodeifactor.SameIssueArea.12+ nodeifactor.SameIssueArea.13+nodeifactor.SameIssueArea.14+ 
+                 nodeofactor.SameIssueArea.2+ nodeofactor.SameIssueArea.3+ nodeofactor.SameIssueArea.4+nodeofactor.SameIssueArea.5+ 
+                 nodeofactor.SameIssueArea.6+nodeofactor.SameIssueArea.7+
+                 nodeofactor.SameIssueArea.8+nodeofactor.SameIssueArea.9+nodeofactor.SameIssueArea.10+ nodeofactor.SameIssueArea.11+ 
+                 nodeofactor.SameIssueArea.12+ nodeofactor.SameIssueArea.13+nodeofactor.SameIssueArea.14,family=binomial,data=mple.data)
> summary(mple.est)

Call:
glm(formula = edgeij ~ istar2 + ostar2 + mutual + triangle + 
    edgecov.mq.t + edgecov.same.issue.area.t + edgecov.year.diff.t + 
    edgecov.year.diff.square.t + nodeicov.AbsDiffMQscores + nodeicov.NumberJusticesPro + 
    nodeocov.sender.time + nodeifactor.SameIssueArea.2 + nodeifactor.SameIssueArea.3 + 
    nodeifactor.SameIssueArea.4 + nodeifactor.SameIssueArea.5 + 
    nodeifactor.SameIssueArea.6 + nodeifactor.SameIssueArea.7 + 
    nodeifactor.SameIssueArea.8 + nodeifactor.SameIssueArea.9 + 
    nodeifactor.SameIssueArea.10 + nodeifactor.SameIssueArea.11 + 
    nodeifactor.SameIssueArea.12 + nodeifactor.SameIssueArea.13 + 
    nodeifactor.SameIssueArea.14 + nodeofactor.SameIssueArea.2 + 
    nodeofactor.SameIssueArea.3 + nodeofactor.SameIssueArea.4 + 
    nodeofactor.SameIssueArea.5 + nodeofactor.SameIssueArea.6 + 
    nodeofactor.SameIssueArea.7 + nodeofactor.SameIssueArea.8 + 
    nodeofactor.SameIssueArea.9 + nodeofactor.SameIssueArea.10 + 
    nodeofactor.SameIssueArea.11 + nodeofactor.SameIssueArea.12 + 
    nodeofactor.SameIssueArea.13 + nodeofactor.SameIssueArea.14, 
    family = binomial, data = mple.data)

Deviance Residuals: 
    Min       1Q   Median       3Q      Max  
-7.0316  -0.2497  -0.1994  -0.1603   3.2026  

Coefficients: (1 not defined because of singularities)
                               Estimate Std. Error z value Pr(>|z|)    
(Intercept)                  -6.533e+00  2.814e-01 -23.216  < 2e-16 ***
istar2                        2.189e-02  8.055e-04  27.170  < 2e-16 ***
ostar2                        4.477e-03  9.360e-04   4.783 1.73e-06 ***
mutual                        1.019e+01  5.481e+01   0.186  0.85246    
triangle                      1.532e+00  1.356e-02 113.002  < 2e-16 ***
edgecov.mq.t                 -9.383e-04  1.388e-02  -0.068  0.94610    
edgecov.same.issue.area.t     9.431e-01  3.135e-02  30.088  < 2e-16 ***
edgecov.year.diff.t          -5.586e-02  3.166e-03 -17.643  < 2e-16 ***
edgecov.year.diff.square.t    8.206e-04  6.968e-05  11.777  < 2e-16 ***
nodeicov.AbsDiffMQscores      1.015e-02  6.255e-03   1.623  0.10456    
nodeicov.NumberJusticesPro    1.998e-02  1.018e-02   1.964  0.04959 *  
nodeocov.sender.time          1.277e-03  1.589e-04   8.041 8.91e-16 ***
nodeifactor.SameIssueArea.2   2.635e-01  4.677e-02   5.634 1.76e-08 ***
nodeifactor.SameIssueArea.3  -3.225e-01  6.599e-02  -4.887 1.02e-06 ***
nodeifactor.SameIssueArea.4   4.026e-01  7.089e-02   5.679 1.35e-08 ***
nodeifactor.SameIssueArea.5   2.238e-01  1.286e-01   1.740  0.08189 .  
nodeifactor.SameIssueArea.6   8.118e-01  1.039e-01   7.812 5.64e-15 ***
nodeifactor.SameIssueArea.7   6.121e-01  7.380e-02   8.294  < 2e-16 ***
nodeifactor.SameIssueArea.8   5.195e-01  4.535e-02  11.456  < 2e-16 ***
nodeifactor.SameIssueArea.9   4.005e-01  5.068e-02   7.902 2.74e-15 ***
nodeifactor.SameIssueArea.10  5.147e-01  7.282e-02   7.069 1.57e-12 ***
nodeifactor.SameIssueArea.11  1.018e-01  1.980e-01   0.514  0.60719    
nodeifactor.SameIssueArea.12  4.675e-01  8.334e-02   5.609 2.04e-08 ***
nodeifactor.SameIssueArea.13  5.742e-01  1.922e-01   2.987  0.00282 ** 
nodeifactor.SameIssueArea.14  1.162e+00  3.888e-01   2.989  0.00280 ** 
nodeofactor.SameIssueArea.2   2.845e-01  4.741e-02   6.002 1.95e-09 ***
nodeofactor.SameIssueArea.3   2.158e-02  6.199e-02   0.348  0.72771    
nodeofactor.SameIssueArea.4   5.056e-01  7.458e-02   6.780 1.20e-11 ***
nodeofactor.SameIssueArea.5   4.316e-01  1.028e-01   4.199 2.69e-05 ***
nodeofactor.SameIssueArea.6   4.820e-01  1.016e-01   4.744 2.10e-06 ***
nodeofactor.SameIssueArea.7   4.685e-01  8.500e-02   5.513 3.54e-08 ***
nodeofactor.SameIssueArea.8   3.711e-01  4.515e-02   8.220  < 2e-16 ***
nodeofactor.SameIssueArea.9   4.892e-01  4.852e-02  10.081  < 2e-16 ***
nodeofactor.SameIssueArea.10  5.419e-01  6.175e-02   8.777  < 2e-16 ***
nodeofactor.SameIssueArea.11  5.181e-01  1.670e-01   3.102  0.00192 ** 
nodeofactor.SameIssueArea.12  5.023e-01  9.027e-02   5.565 2.63e-08 ***
nodeofactor.SameIssueArea.13  1.167e+00  1.208e-01   9.665  < 2e-16 ***
nodeofactor.SameIssueArea.14         NA         NA      NA       NA    
---
Signif. codes:  0 '***' 0.001 '**' 0.01 '*' 0.05 '.' 0.1 ' ' 1

(Dispersion parameter for binomial family taken to be 1)

    Null deviance: 115452  on 160417  degrees of freedom
Residual deviance:  44666  on 160381  degrees of freedom
AIC: 44740

Number of Fisher Scoring iterations: 11

> 
> 
> 
