
R version 3.5.2 (2018-12-20) -- "Eggshell Igloo"
Copyright (C) 2018 The R Foundation for Statistical Computing
Platform: x86_64-redhat-linux-gnu (64-bit)

R is free software and comes with ABSOLUTELY NO WARRANTY.
You are welcome to redistribute it under certain conditions.
Type 'license()' or 'licence()' for distribution details.

R is a collaborative project with many contributors.
Type 'contributors()' for more information and
'citation()' on how to cite R or R packages in publications.

Type 'demo()' for some demos, 'help()' for on-line help, or
'help.start()' for an HTML browser interface to help.
Type 'q()' to quit R.

> 
> # get data
> load(file="ERCM_MPLE_cl.RData")
> 
> # install.packages("statnet", Sys.getenv("R_LIBS_USER"), repos = "http://cran.case.edu" )
> library(statnet)
> library(MLmetrics)
> library(xtable)
> library(tc.ergmterms)
> 
> # there are cases in 1962 marked as 1963 and in 1971 marked as 1972
> scc1[3364,11] <- 1962
> scc1[4648,11] <- 1971
> 
> 
> year.total <- scc1[,11]-1936 #-1936 => the first year 1937 is 1, 1938 is 2 aso, term column 
> 
> set.seed(12123)
> #sampled.years <- c(14, 24, 34, 44, 54, 64, 74)
> 
> t<- 14
>   print(t+1936)
[1] 1950
> tt<- t+1936
>   rowlasttt <- max(which(scc1[,11] == tt))
>   idt <- scc1[rowlasttt, 55]  
> 
>   
>   cases <- max(which(year.total==t)) # 14 corresponds to 1950
>   
>   # simple assignment of time periods to cases
>   years <- year.total[1:cases] 
>   
>   # going to need a sender time matrix covariate
>   sender.time <- matrix(years,length(years),length(years),byrow=F)
>   year <- matrix(years, length(years),length(years),byrow=F)
>   
>    # extract the network up to time t
>   AM <- adjacency.matrix[which(years <= t),which(years <= t)]
>   
>   net.t <- network(AM) 
>   
>   #calculate outdegree
>   o.degree<- rowSums(AM)
>   
>   # fix the outdegrees of time t as 0
>   last.t<- which(years==t)
>   
>   o.degree[last.t]<- 0
>   
>   # indicate outdegree and term as a node attribute
>   net.t <- set.vertex.attribute(net.t,"o.degree", o.degree)
>   net.t <- set.vertex.attribute(net.t,"term", years)
> 
> 
>    # subset MQ matrix
>   mq.t <- mq.matrix[which(years <= t),which(years <= t)]
>   # subset same issue matrix
>   same.issue.area.t <- same.issue.area[which(years <= t),which(years <= t)]
>   # subset year diff matrix
>   year.diff.t <- year.diff.matrix[which(years <= t),which(years <= t)]
>   # subset year diff matrix square
>   year.diff.square.t <- year.diff.t^2
>   # subset sender time matrix
>   sender.time.t <- sender.time[which(years <= t),which(years <= t)]
>   # subset unique dyad id matrix
>   #dyad.id.t <- dyad.id[which(years <= t),which(years <= t)]
>   # subset year matrix
>   year.t<- year[which(years <= t),which(years <= t)]
>   # subset same opinion writer matrix
>   same.opinion.writer.t<- same.opinion.writer[which(years <= t),which(years <= t)]
>   
>   #### set vertex attributes
>   # same issue area
>   net.t <- set.vertex.attribute(net.t,"SameIssueArea", scc1[which(years <= t),41])
>   # abs diff of MQ score
>   net.t <- set.vertex.attribute(net.t,"AbsDiffMQscores", scc1[which(years <= t),65])
>   # number justices that voted for the case
>   net.t <- set.vertex.attribute(net.t,"NumberJusticesPro", scc1[which(years <= t),52])
>   # overruled covariate
>   net.t <- set.vertex.attribute(net.t,"Overruled", Overruled.matrix[which(years <= t),idt])
>   # sender time
>   net.t <- set.vertex.attribute(net.t,"sender.time", sender.time.t[,1])
>   # Majority Opinion Writer
>   net.t <- set.vertex.attribute(net.t,"MajOpWriter", scc1[which(years <= t),49])
> 
>   
>   not.fixed <- network(1*(sender.time == t))
>   
>   load(file="1950_1.RData")
> 
>   li <- li50[[1]]
> 
> 
>   
>   # fitting glm
>   model <- ergm(net.t~edges+ mutual + nodeicov("o.degree")+ difftransties("term")+gwidegree(1, fixed=TRUE)+ dgwesp(0.15, fixed=TRUE, type="OSP") +
+                 edgecov(mq.t)+
+                 edgecov(year.diff.t)+ edgecov(year.diff.square.t )+ 
+                 nodeicov('AbsDiffMQscores')+ nodeicov('NumberJusticesPro')+ 
+                 nodeicov('Overruled')+
+                 edgecov(same.opinion.writer.t)  + edgecov(same.issue.area.t),
+                 constraints=~fixallbut(not.fixed), control=control.ergm(MCMC.samplesize=10000,MCMLE.maxit=50, init=li)) #
>   summary(model)

==========================
Summary of model fit
==========================

Formula:   net.t ~ edges + mutual + nodeicov("o.degree") + difftransties("term") + 
    gwidegree(1, fixed = TRUE) + dgwesp(0.15, fixed = TRUE, type = "OSP") + 
    edgecov(mq.t) + edgecov(year.diff.t) + edgecov(year.diff.square.t) + 
    nodeicov("AbsDiffMQscores") + nodeicov("NumberJusticesPro") + 
    nodeicov("Overruled") + edgecov(same.opinion.writer.t) + 
    edgecov(same.issue.area.t)

Iterations:  6 out of 50 

Monte Carlo MLE Results:
                               Estimate Std. Error MCMC % z value Pr(>|z|)    
edges                         -6.031826   0.280680      0 -21.490  < 1e-04 ***
mutual                         0.069843   0.851762      0   0.082 0.934648    
nodeicov.o.degree             -0.028254   0.005089      0  -5.551  < 1e-04 ***
difftransties.term             2.037892   0.140884      0  14.465  < 1e-04 ***
gwideg.fixed.1                -0.408071   0.182414      0  -2.237 0.025282 *  
gwesp.OSP.fixed.0.15           2.798039   0.118377      0  23.637  < 1e-04 ***
edgecov.mq.t                   0.011234   0.054738      0   0.205 0.837396    
edgecov.year.diff.t           -0.267905   0.043812      0  -6.115  < 1e-04 ***
edgecov.year.diff.square.t     0.011264   0.002948      0   3.820 0.000133 ***
nodeicov.AbsDiffMQscores       0.104829   0.042578      0   2.462 0.013815 *  
nodeicov.NumberJusticesPro    -0.063421   0.036788      0  -1.724 0.084717 .  
nodeicov.Overruled             0.638225   0.455097      0   1.402 0.160798    
edgecov.same.opinion.writer.t  0.001105   0.151174      0   0.007 0.994167    
edgecov.same.issue.area.t      0.771927   0.061021      0  12.650  < 1e-04 ***
---
Signif. codes:  0 '***' 0.001 '**' 0.01 '*' 0.05 '.' 0.1 ' ' 1

     Null Deviance: 269134  on 194139  degrees of freedom
 Residual Deviance:   5728  on 194125  degrees of freedom
 
AIC: 5756    BIC: 5898    (Smaller is better.) 
>   aicm<- AIC(model)
>   bicm <- BIC(model)
> 
>   # get statistics
>   erg.est <- summary(net.t~edges+ mutual + nodeicov("o.degree")+ difftransties("term")+gwidegree(1, fixed=TRUE)+ 
+                 dgwesp(0.15, fixed=TRUE, type="OSP") +
+                 edgecov(mq.t)+
+                 edgecov(year.diff.t)+ edgecov(year.diff.square.t )+ nodeicov('AbsDiffMQscores')+ nodeicov('NumberJusticesPro')+ 
+                 nodeicov('Overruled')+edgecov(same.opinion.writer.t) + nodeifactor('MajOpWriter')+ edgecov(same.issue.area.t)  )
>   erg.est
                        edges                        mutual 
                     7901.000                         5.000 
            nodeicov.o.degree            difftransties.term 
                    38752.000                      3036.000 
               gwideg.fixed.1          gwesp.OSP.fixed.0.15 
                     3020.455                      3711.304 
                 edgecov.mq.t           edgecov.year.diff.t 
                     6836.619                     29798.000 
   edgecov.year.diff.square.t      nodeicov.AbsDiffMQscores 
                   182722.000                     34893.495 
   nodeicov.NumberJusticesPro            nodeicov.Overruled 
                    55974.000                        21.000 
edgecov.same.opinion.writer.t    nodeifactor.MajOpWriter.68 
                     1227.000                       179.000 
   nodeifactor.MajOpWriter.71    nodeifactor.MajOpWriter.72 
                       32.000                        96.000 
   nodeifactor.MajOpWriter.74    nodeifactor.MajOpWriter.75 
                     1324.000                       528.000 
   nodeifactor.MajOpWriter.76    nodeifactor.MajOpWriter.77 
                      593.000                        46.000 
   nodeifactor.MajOpWriter.78    nodeifactor.MajOpWriter.79 
                      955.000                       770.000 
   nodeifactor.MajOpWriter.80    nodeifactor.MajOpWriter.81 
                      785.000                      1073.000 
   nodeifactor.MajOpWriter.82    nodeifactor.MajOpWriter.83 
                      390.000                        52.000 
   nodeifactor.MajOpWriter.84    nodeifactor.MajOpWriter.85 
                      360.000                       230.000 
   nodeifactor.MajOpWriter.86    nodeifactor.MajOpWriter.87 
                       55.000                        99.000 
   nodeifactor.MajOpWriter.88    nodeifactor.MajOpWriter.89 
                       12.000                         3.000 
    edgecov.same.issue.area.t 
                     4057.000 
>    
>   
>    
>    #############################################
>    # Independence model
>    #############################################
>    ind <- ergm(net.t~edges+ 
+                 edgecov(mq.t)+
+                 edgecov(year.diff.t)+ edgecov(year.diff.square.t )+ 
+                 nodeicov('AbsDiffMQscores')+ nodeicov('NumberJusticesPro')+ 
+                 nodeicov('Overruled')+
+                 edgecov(same.opinion.writer.t)  + edgecov(same.issue.area.t),
+                 constraints=~fixallbut(not.fixed), estimate="MLE") #
>     
>   summary(ind)   

==========================
Summary of model fit
==========================

Formula:   net.t ~ edges + edgecov(mq.t) + edgecov(year.diff.t) + edgecov(year.diff.square.t) + 
    nodeicov("AbsDiffMQscores") + nodeicov("NumberJusticesPro") + 
    nodeicov("Overruled") + edgecov(same.opinion.writer.t) + 
    edgecov(same.issue.area.t)

Iterations:  7 out of 20 

Monte Carlo MLE Results:
                               Estimate Std. Error MCMC % z value Pr(>|z|)    
edges                         -4.936922   0.224492      0 -21.991  < 1e-04 ***
edgecov.mq.t                   0.168047   0.057783      0   2.908  0.00363 ** 
edgecov.year.diff.t           -0.125935   0.042341      0  -2.974  0.00294 ** 
edgecov.year.diff.square.t     0.005151   0.003005      0   1.714  0.08649 .  
nodeicov.AbsDiffMQscores      -0.010391   0.045917      0  -0.226  0.82097    
nodeicov.NumberJusticesPro    -0.152631   0.036735      0  -4.155  < 1e-04 ***
nodeicov.Overruled             0.366822   0.589902      0   0.622  0.53405    
edgecov.same.opinion.writer.t  0.039738   0.157621      0   0.252  0.80096    
edgecov.same.issue.area.t      1.763314   0.081036      0  21.760  < 1e-04 ***
---
Signif. codes:  0 '***' 0.001 '**' 0.01 '*' 0.05 '.' 0.1 ' ' 1

     Null Deviance: 269134  on 194139  degrees of freedom
 Residual Deviance:   7827  on 194130  degrees of freedom
 
AIC: 7845    BIC: 7937    (Smaller is better.) 
>   aici<- AIC(ind)
>   bici <- BIC(ind)
> 
>    
> 
>    li50<- list(coef(model),  coef(summary(model))[,5], coef(summary(model))[,2], aicm, bicm,
+                coef(ind),  coef(summary(ind))[,5], coef(summary(ind))[,2], aici, bici ) 
>    names(li50)<- c("Coefficients", "P-values", "StdErrors", "AICm", "BICm",
+                    "CoefficientsI", "P-valuesI", "StdErrorsI", "AICi", "BICi")
> 
>   save(li50,file="1950_2.RData")
> 
> 
> 
> 
