
R version 3.5.2 (2018-12-20) -- "Eggshell Igloo"
Copyright (C) 2018 The R Foundation for Statistical Computing
Platform: x86_64-redhat-linux-gnu (64-bit)

R is free software and comes with ABSOLUTELY NO WARRANTY.
You are welcome to redistribute it under certain conditions.
Type 'license()' or 'licence()' for distribution details.

R is a collaborative project with many contributors.
Type 'contributors()' for more information and
'citation()' on how to cite R or R packages in publications.

Type 'demo()' for some demos, 'help()' for on-line help, or
'help.start()' for an HTML browser interface to help.
Type 'q()' to quit R.

> 
> # get data
> load(file="ERCM_MPLE_cl.RData")
> 
> # install.packages("statnet", Sys.getenv("R_LIBS_USER"), repos = "http://cran.case.edu" )
> library(statnet)
> library(MLmetrics)
> library(xtable)
> library(tc.ergmterms)
> 
> # there are cases in 1962 marked as 1963 and in 1971 marked as 1972
> scc1[3364,11] <- 1962
> scc1[4648,11] <- 1971
> 
> 
> year.total <- scc1[,11]-1936 #-1936 => the first year 1937 is 1, 1938 is 2 aso, term column 
> 
> set.seed(12123)
> #sampled.years <- c(14, 24, 34, 44, 54, 64, 74)
> 
> t<- 15
>   print(t+1936)
[1] 1951
> tt<- t+1936
>   rowlasttt <- max(which(scc1[,11] == tt))
>   idt <- scc1[rowlasttt, 55]  
> 
>   
>   cases <- max(which(year.total==t)) # 14 corresponds to 1950
>   
>   # simple assignment of time periods to cases
>   years <- year.total[1:cases] 
>   
>   # going to need a sender time matrix covariate
>   sender.time <- matrix(years,length(years),length(years),byrow=F)
>   year <- matrix(years, length(years),length(years),byrow=F)
>   
>    # extract the network up to time t
>   AM <- adjacency.matrix[which(years <= t),which(years <= t)]
>   
>   net.t <- network(AM) 
>   
>   #calculate outdegree
>   o.degree<- rowSums(AM)
>   
>   # fix the outdegrees of time t as 0
>   last.t<- which(years==t)
>   
>   o.degree[last.t]<- 0
>   
>   # indicate outdegree and term as a node attribute
>   net.t <- set.vertex.attribute(net.t,"o.degree", o.degree)
>   net.t <- set.vertex.attribute(net.t,"term", years)
> 
> 
>    # subset MQ matrix
>   mq.t <- mq.matrix[which(years <= t),which(years <= t)]
>   # subset same issue matrix
>   same.issue.area.t <- same.issue.area[which(years <= t),which(years <= t)]
>   # subset year diff matrix
>   year.diff.t <- year.diff.matrix[which(years <= t),which(years <= t)]
>   # subset year diff matrix square
>   year.diff.square.t <- year.diff.t^2
>   # subset sender time matrix
>   sender.time.t <- sender.time[which(years <= t),which(years <= t)]
>   # subset unique dyad id matrix
>   #dyad.id.t <- dyad.id[which(years <= t),which(years <= t)]
>   # subset year matrix
>   year.t<- year[which(years <= t),which(years <= t)]
>   # subset same opinion writer matrix
>   same.opinion.writer.t<- same.opinion.writer[which(years <= t),which(years <= t)]
>   
>   #### set vertex attributes
>   # same issue area
>   net.t <- set.vertex.attribute(net.t,"SameIssueArea", scc1[which(years <= t),41])
>   # abs diff of MQ score
>   net.t <- set.vertex.attribute(net.t,"AbsDiffMQscores", scc1[which(years <= t),65])
>   # number justices that voted for the case
>   net.t <- set.vertex.attribute(net.t,"NumberJusticesPro", scc1[which(years <= t),52])
>   # overruled covariate
>   net.t <- set.vertex.attribute(net.t,"Overruled", Overruled.matrix[which(years <= t),idt])
>   # sender time
>   net.t <- set.vertex.attribute(net.t,"sender.time", sender.time.t[,1])
>   # Majority Opinion Writer
>   net.t <- set.vertex.attribute(net.t,"MajOpWriter", scc1[which(years <= t),49])
> 
>   
>   not.fixed <- network(1*(sender.time == t))
>   
>   
>   # fitting glm
>   model <- ergm(net.t~edges+ mutual + nodeicov("o.degree")+ difftransties("term")+gwidegree(1, fixed=TRUE)+ dgwesp(0.15, fixed=TRUE, type="OSP") +
+                 edgecov(mq.t)+
+                 edgecov(year.diff.t)+ edgecov(year.diff.square.t )+ 
+                 nodeicov('AbsDiffMQscores')+ nodeicov('NumberJusticesPro')+ 
+                 nodeicov('Overruled')+
+                 edgecov(same.opinion.writer.t)  + edgecov(same.issue.area.t),
+                 constraints=~fixallbut(not.fixed), control=control.ergm(MCMC.samplesize=10000,MCMLE.maxit=50), eval.loglik=FALSE) #
>   summary(model) 

==========================
Summary of model fit
==========================

Formula:   net.t ~ edges + mutual + nodeicov("o.degree") + difftransties("term") + 
    gwidegree(1, fixed = TRUE) + dgwesp(0.15, fixed = TRUE, type = "OSP") + 
    edgecov(mq.t) + edgecov(year.diff.t) + edgecov(year.diff.square.t) + 
    nodeicov("AbsDiffMQscores") + nodeicov("NumberJusticesPro") + 
    nodeicov("Overruled") + edgecov(same.opinion.writer.t) + 
    edgecov(same.issue.area.t)

Iterations:  9 out of 50 

Monte Carlo MLE Results:
                               Estimate Std. Error MCMC % z value Pr(>|z|)    
edges                         -6.462654   0.262805      0 -24.591  < 1e-04 ***
mutual                         2.051268   0.368629      0   5.565  < 1e-04 ***
nodeicov.o.degree             -0.018794   0.004115      0  -4.567  < 1e-04 ***
difftransties.term             1.992041   0.128658      0  15.483  < 1e-04 ***
gwideg.fixed.1                -0.492298   0.170548      0  -2.887  0.00389 ** 
gwesp.OSP.fixed.0.15           2.615802   0.118226      0  22.125  < 1e-04 ***
edgecov.mq.t                   0.053021   0.051874      0   1.022  0.30673    
edgecov.year.diff.t           -0.202041   0.034066      0  -5.931  < 1e-04 ***
edgecov.year.diff.square.t     0.004250   0.002431      0   1.748  0.08047 .  
nodeicov.AbsDiffMQscores       0.128388   0.045291      0   2.835  0.00459 ** 
nodeicov.NumberJusticesPro    -0.022563   0.036186      0  -0.624  0.53294    
nodeicov.Overruled             1.017467   0.406234      0   2.505  0.01226 *  
edgecov.same.opinion.writer.t  0.579549   0.112354      0   5.158  < 1e-04 ***
edgecov.same.issue.area.t      0.797218   0.053213      0  14.982  < 1e-04 ***
---
Signif. codes:  0 '***' 0.001 '**' 0.01 '*' 0.05 '.' 0.1 ' ' 1

Log-likelihood was not estimated for this fit.
To get deviances, AIC, and/or BIC from fit `model` run 
  > model<-logLik(model, add=TRUE)
to add it to the object or rerun this function with eval.loglik=TRUE.
>   
> 
>   # get statistics
>   erg.est <- summary(net.t~edges+ mutual + nodeicov("o.degree")+ difftransties("term")+gwidegree(1, fixed=TRUE)+ 
+                 dgwesp(0.15, fixed=TRUE, type="OSP") +
+                 edgecov(mq.t)+
+                 edgecov(year.diff.t)+ edgecov(year.diff.square.t )+ nodeicov('AbsDiffMQscores')+ nodeicov('NumberJusticesPro')+ 
+                 nodeicov('Overruled')+edgecov(same.opinion.writer.t) + nodeifactor('MajOpWriter')+ edgecov(same.issue.area.t)  )
>   erg.est
                        edges                        mutual 
                     8410.000                         7.000 
            nodeicov.o.degree            difftransties.term 
                    43472.000                      3287.000 
               gwideg.fixed.1          gwesp.OSP.fixed.0.15 
                     3164.251                      3995.162 
                 edgecov.mq.t           edgecov.year.diff.t 
                     7448.103                     32941.000 
   edgecov.year.diff.square.t      nodeicov.AbsDiffMQscores 
                   210483.000                     36657.728 
   nodeicov.NumberJusticesPro            nodeicov.Overruled 
                    59423.000                        25.000 
edgecov.same.opinion.writer.t    nodeifactor.MajOpWriter.68 
                     1290.000                       182.000 
   nodeifactor.MajOpWriter.71    nodeifactor.MajOpWriter.72 
                       33.000                        97.000 
   nodeifactor.MajOpWriter.74    nodeifactor.MajOpWriter.75 
                     1363.000                       539.000 
   nodeifactor.MajOpWriter.76    nodeifactor.MajOpWriter.77 
                      621.000                        49.000 
   nodeifactor.MajOpWriter.78    nodeifactor.MajOpWriter.79 
                     1026.000                       833.000 
   nodeifactor.MajOpWriter.80    nodeifactor.MajOpWriter.81 
                      848.000                      1146.000 
   nodeifactor.MajOpWriter.82    nodeifactor.MajOpWriter.83 
                      406.000                        52.000 
   nodeifactor.MajOpWriter.84    nodeifactor.MajOpWriter.85 
                      401.000                       240.000 
   nodeifactor.MajOpWriter.86    nodeifactor.MajOpWriter.87 
                       71.000                       139.000 
   nodeifactor.MajOpWriter.88    nodeifactor.MajOpWriter.89 
                       18.000                        10.000 
    edgecov.same.issue.area.t 
                     4324.000 
>   
> 
>    li51<- list(coef(model),  coef(summary(model))[,5], coef(summary(model))[,2] ) 
>    names(li51)<- c("Coefficients", "P-values", "StdErrors")
> 
>   save(li51,file="1951_1.RData")
> 
> 
> 
> 
