
R version 3.5.2 (2018-12-20) -- "Eggshell Igloo"
Copyright (C) 2018 The R Foundation for Statistical Computing
Platform: x86_64-redhat-linux-gnu (64-bit)

R is free software and comes with ABSOLUTELY NO WARRANTY.
You are welcome to redistribute it under certain conditions.
Type 'license()' or 'licence()' for distribution details.

R is a collaborative project with many contributors.
Type 'contributors()' for more information and
'citation()' on how to cite R or R packages in publications.

Type 'demo()' for some demos, 'help()' for on-line help, or
'help.start()' for an HTML browser interface to help.
Type 'q()' to quit R.

> 
> # get data
> load(file="ERCM_MPLE_cl.RData")
> 
> # install.packages("statnet", Sys.getenv("R_LIBS_USER"), repos = "http://cran.case.edu" )
> library(statnet)
> library(MLmetrics)
> library(xtable)
> library(tc.ergmterms)
> 
> # there are cases in 1962 marked as 1963 and in 1971 marked as 1972
> scc1[3364,11] <- 1962
> scc1[4648,11] <- 1971
> 
> 
> year.total <- scc1[,11]-1936 #-1936 => the first year 1937 is 1, 1938 is 2 aso, term column 
> 
> set.seed(12123)
> #sampled.years <- c(14, 24, 34, 44, 54, 64, 74)
> 
> t<- 18
>   print(t+1936)
[1] 1954
> tt<- t+1936
>   rowlasttt <- max(which(scc1[,11] == tt))
>   idt <- scc1[rowlasttt, 55]  
> 
>   
>   cases <- max(which(year.total==t)) # 14 corresponds to 1950
>   
>   # simple assignment of time periods to cases
>   years <- year.total[1:cases] 
>   
>   # going to need a sender time matrix covariate
>   sender.time <- matrix(years,length(years),length(years),byrow=F)
>   year <- matrix(years, length(years),length(years),byrow=F)
>   
>    # extract the network up to time t
>   AM <- adjacency.matrix[which(years <= t),which(years <= t)]
>   
>   net.t <- network(AM) 
>   
>   #calculate outdegree
>   o.degree<- rowSums(AM)
>   
>   # fix the outdegrees of time t as 0
>   last.t<- which(years==t)
>   
>   o.degree[last.t]<- 0
>   
>   # indicate outdegree and term as a node attribute
>   net.t <- set.vertex.attribute(net.t,"o.degree", o.degree)
>   net.t <- set.vertex.attribute(net.t,"term", years)
> 
> 
>    # subset MQ matrix
>   mq.t <- mq.matrix[which(years <= t),which(years <= t)]
>   # subset same issue matrix
>   same.issue.area.t <- same.issue.area[which(years <= t),which(years <= t)]
>   # subset year diff matrix
>   year.diff.t <- year.diff.matrix[which(years <= t),which(years <= t)]
>   # subset year diff matrix square
>   year.diff.square.t <- year.diff.t^2
>   # subset sender time matrix
>   sender.time.t <- sender.time[which(years <= t),which(years <= t)]
>   # subset unique dyad id matrix
>   #dyad.id.t <- dyad.id[which(years <= t),which(years <= t)]
>   # subset year matrix
>   year.t<- year[which(years <= t),which(years <= t)]
>   # subset same opinion writer matrix
>   same.opinion.writer.t<- same.opinion.writer[which(years <= t),which(years <= t)]
>   
>   #### set vertex attributes
>   # same issue area
>   net.t <- set.vertex.attribute(net.t,"SameIssueArea", scc1[which(years <= t),41])
>   # abs diff of MQ score
>   net.t <- set.vertex.attribute(net.t,"AbsDiffMQscores", scc1[which(years <= t),65])
>   # number justices that voted for the case
>   net.t <- set.vertex.attribute(net.t,"NumberJusticesPro", scc1[which(years <= t),52])
>   # overruled covariate
>   net.t <- set.vertex.attribute(net.t,"Overruled", Overruled.matrix[which(years <= t),idt])
>   # sender time
>   net.t <- set.vertex.attribute(net.t,"sender.time", sender.time.t[,1])
>   # Majority Opinion Writer
>   net.t <- set.vertex.attribute(net.t,"MajOpWriter", scc1[which(years <= t),49])
> 
>   
>   not.fixed <- network(1*(sender.time == t))
>   
>   load(file="1954_1.RData")
> 
>   li <- li54[[1]]
> 
> 
>   
>   # fitting glm
>   model <- ergm(net.t~edges+ mutual + nodeicov("o.degree")+ difftransties("term")+gwidegree(1, fixed=TRUE)+ dgwesp(0.15, fixed=TRUE, type="OSP") +
+                 edgecov(mq.t)+
+                 edgecov(year.diff.t)+ edgecov(year.diff.square.t )+ 
+                 nodeicov('AbsDiffMQscores')+ nodeicov('NumberJusticesPro')+ 
+                 nodeicov('Overruled')+
+                 edgecov(same.opinion.writer.t)  + edgecov(same.issue.area.t),
+                 constraints=~fixallbut(not.fixed), control=control.ergm(MCMC.samplesize=10000,MCMLE.maxit=50, init=li)) #
>   summary(model)

==========================
Summary of model fit
==========================

Formula:   net.t ~ edges + mutual + nodeicov("o.degree") + difftransties("term") + 
    gwidegree(1, fixed = TRUE) + dgwesp(0.15, fixed = TRUE, type = "OSP") + 
    edgecov(mq.t) + edgecov(year.diff.t) + edgecov(year.diff.square.t) + 
    nodeicov("AbsDiffMQscores") + nodeicov("NumberJusticesPro") + 
    nodeicov("Overruled") + edgecov(same.opinion.writer.t) + 
    edgecov(same.issue.area.t)

Iterations:  2 out of 50 

Monte Carlo MLE Results:
                                Estimate Std. Error MCMC % z value Pr(>|z|)    
edges                          -6.629705   0.366080      0 -18.110  < 1e-04 ***
mutual                        -13.772625         NA     NA      NA       NA    
nodeicov.o.degree              -0.049210   0.008460      0  -5.817  < 1e-04 ***
difftransties.term              2.163423   0.201110      0  10.757  < 1e-04 ***
gwideg.fixed.1                 -0.438452   0.203210      0  -2.158  0.03096 *  
gwesp.OSP.fixed.0.15            2.318131   0.173573      0  13.355  < 1e-04 ***
edgecov.mq.t                    0.044467   0.094072      0   0.473  0.63643    
edgecov.year.diff.t            -0.106270   0.038130      0  -2.787  0.00532 ** 
edgecov.year.diff.square.t      0.000333   0.002393      0   0.139  0.88929    
nodeicov.AbsDiffMQscores        0.040245   0.051097      0   0.788  0.43091    
nodeicov.NumberJusticesPro      0.032282   0.039032      0   0.827  0.40820    
nodeicov.Overruled            -12.408475         NA     NA      NA       NA    
edgecov.same.opinion.writer.t   0.761678   0.129519      0   5.881  < 1e-04 ***
edgecov.same.issue.area.t       1.119238   0.086725      0  12.906  < 1e-04 ***
---
Signif. codes:  0 '***' 0.001 '**' 0.01 '*' 0.05 '.' 0.1 ' ' 1

     Null Deviance: 265093  on 191224  degrees of freedom
 Residual Deviance:   4387  on 191210  degrees of freedom
 
AIC: 4415    BIC: 4557    (Smaller is better.) 
>   aicm<- AIC(model)
>   bicm <- BIC(model)
> 
>   # get statistics
>   erg.est <- summary(net.t~edges+ mutual + nodeicov("o.degree")+ difftransties("term")+gwidegree(1, fixed=TRUE)+ 
+                 dgwesp(0.15, fixed=TRUE, type="OSP") +
+                 edgecov(mq.t)+
+                 edgecov(year.diff.t)+ edgecov(year.diff.square.t )+ nodeicov('AbsDiffMQscores')+ nodeicov('NumberJusticesPro')+ 
+                 nodeicov('Overruled')+edgecov(same.opinion.writer.t) + nodeifactor('MajOpWriter')+ edgecov(same.issue.area.t)  )
>   erg.est
                        edges                        mutual 
                    10010.000                         7.000 
            nodeicov.o.degree            difftransties.term 
                    54423.000                      4052.000 
               gwideg.fixed.1          gwesp.OSP.fixed.0.15 
                     3632.511                      4876.639 
                 edgecov.mq.t           edgecov.year.diff.t 
                     9096.756                     45300.000 
   edgecov.year.diff.square.t      nodeicov.AbsDiffMQscores 
                   340520.000                     42261.353 
   nodeicov.NumberJusticesPro            nodeicov.Overruled 
                    70445.000                        28.000 
edgecov.same.opinion.writer.t    nodeifactor.MajOpWriter.68 
                     1477.000                       203.000 
   nodeifactor.MajOpWriter.71    nodeifactor.MajOpWriter.72 
                       35.000                       108.000 
   nodeifactor.MajOpWriter.74    nodeifactor.MajOpWriter.75 
                     1463.000                       611.000 
   nodeifactor.MajOpWriter.76    nodeifactor.MajOpWriter.77 
                      690.000                        55.000 
   nodeifactor.MajOpWriter.78    nodeifactor.MajOpWriter.79 
                     1249.000                       988.000 
   nodeifactor.MajOpWriter.80    nodeifactor.MajOpWriter.81 
                     1029.000                      1358.000 
   nodeifactor.MajOpWriter.82    nodeifactor.MajOpWriter.83 
                      467.000                        59.000 
   nodeifactor.MajOpWriter.84    nodeifactor.MajOpWriter.85 
                      525.000                       303.000 
   nodeifactor.MajOpWriter.86    nodeifactor.MajOpWriter.87 
                      127.000                       216.000 
   nodeifactor.MajOpWriter.88    nodeifactor.MajOpWriter.89 
                       70.000                        49.000 
   nodeifactor.MajOpWriter.90    nodeifactor.MajOpWriter.91 
                        3.000                         0.000 
    edgecov.same.issue.area.t 
                     5253.000 
>    
>   
>    
>    #############################################
>    # Independence model
>    #############################################
>    ind <- ergm(net.t~edges+ 
+                 edgecov(mq.t)+
+                 edgecov(year.diff.t)+ edgecov(year.diff.square.t )+ 
+                 nodeicov('AbsDiffMQscores')+ nodeicov('NumberJusticesPro')+ 
+                 nodeicov('Overruled')+
+                 edgecov(same.opinion.writer.t)  + edgecov(same.issue.area.t),
+                 constraints=~fixallbut(not.fixed), estimate="MLE") #
>     
>   summary(ind)   

==========================
Summary of model fit
==========================

Formula:   net.t ~ edges + edgecov(mq.t) + edgecov(year.diff.t) + edgecov(year.diff.square.t) + 
    nodeicov("AbsDiffMQscores") + nodeicov("NumberJusticesPro") + 
    nodeicov("Overruled") + edgecov(same.opinion.writer.t) + 
    edgecov(same.issue.area.t)

Iterations:  15 out of 20 

Monte Carlo MLE Results:
                                Estimate Std. Error MCMC % z value Pr(>|z|)    
edges                         -6.592e+00  3.011e-01      0 -21.895   <1e-04 ***
edgecov.mq.t                   2.012e-01  9.273e-02      0   2.170    0.030 *  
edgecov.year.diff.t           -1.215e-02  3.976e-02      0  -0.306    0.760    
edgecov.year.diff.square.t    -2.614e-03  2.534e-03      0  -1.032    0.302    
nodeicov.AbsDiffMQscores      -3.110e-02  5.236e-02      0  -0.594    0.553    
nodeicov.NumberJusticesPro     3.311e-04  4.224e-02      0   0.008    0.994    
nodeicov.Overruled            -1.148e+01  1.745e+02      0  -0.066    0.948    
edgecov.same.opinion.writer.t  9.147e-01  1.373e-01      0   6.663   <1e-04 ***
edgecov.same.issue.area.t      2.066e+00  9.916e-02      0  20.834   <1e-04 ***
---
Signif. codes:  0 '***' 0.001 '**' 0.01 '*' 0.05 '.' 0.1 ' ' 1

     Null Deviance: 265093  on 191224  degrees of freedom
 Residual Deviance:   5501  on 191215  degrees of freedom
 
AIC: 5519    BIC: 5611    (Smaller is better.) 
>   aici<- AIC(ind)
>   bici <- BIC(ind)
> 
>    
> 
>    li54<- list(coef(model),  coef(summary(model))[,5], coef(summary(model))[,2], aicm, bicm,
+                coef(ind),  coef(summary(ind))[,5], coef(summary(ind))[,2], aici, bici ) 
>    names(li54)<- c("Coefficients", "P-values", "StdErrors", "AICm", "BICm",
+                    "CoefficientsI", "P-valuesI", "StdErrorsI", "AICi", "BICi")
> 
>   save(li54,file="1954_2.RData")
> 
> 
> 
> 
