
R version 3.5.2 (2018-12-20) -- "Eggshell Igloo"
Copyright (C) 2018 The R Foundation for Statistical Computing
Platform: x86_64-redhat-linux-gnu (64-bit)

R is free software and comes with ABSOLUTELY NO WARRANTY.
You are welcome to redistribute it under certain conditions.
Type 'license()' or 'licence()' for distribution details.

R is a collaborative project with many contributors.
Type 'contributors()' for more information and
'citation()' on how to cite R or R packages in publications.

Type 'demo()' for some demos, 'help()' for on-line help, or
'help.start()' for an HTML browser interface to help.
Type 'q()' to quit R.

> 
> # get data
> load(file="ERCM_MPLE_cl.RData")
> 
> # install.packages("statnet", Sys.getenv("R_LIBS_USER"), repos = "http://cran.case.edu" )
> library(statnet)
> library(MLmetrics)
> library(xtable)
> library(tc.ergmterms)
> 
> # there are cases in 1962 marked as 1963 and in 1971 marked as 1972
> scc1[3364,11] <- 1962
> scc1[4648,11] <- 1971
> 
> 
> year.total <- scc1[,11]-1936 #-1936 => the first year 1937 is 1, 1938 is 2 aso, term column 
> 
> set.seed(12123)
> #sampled.years <- c(14, 24, 34, 44, 54, 64, 74)
> 
> t<- 20
>   print(t+1936)
[1] 1956
> tt<- t+1936
>   rowlasttt <- max(which(scc1[,11] == tt))
>   idt <- scc1[rowlasttt, 55]  
> 
>   
>   cases <- max(which(year.total==t)) # 14 corresponds to 1950
>   
>   # simple assignment of time periods to cases
>   years <- year.total[1:cases] 
>   
>   # going to need a sender time matrix covariate
>   sender.time <- matrix(years,length(years),length(years),byrow=F)
>   year <- matrix(years, length(years),length(years),byrow=F)
>   
>    # extract the network up to time t
>   AM <- adjacency.matrix[which(years <= t),which(years <= t)]
>   
>   net.t <- network(AM) 
>   
>   #calculate outdegree
>   o.degree<- rowSums(AM)
>   
>   # fix the outdegrees of time t as 0
>   last.t<- which(years==t)
>   
>   o.degree[last.t]<- 0
>   
>   # indicate outdegree and term as a node attribute
>   net.t <- set.vertex.attribute(net.t,"o.degree", o.degree)
>   net.t <- set.vertex.attribute(net.t,"term", years)
> 
> 
>    # subset MQ matrix
>   mq.t <- mq.matrix[which(years <= t),which(years <= t)]
>   # subset same issue matrix
>   same.issue.area.t <- same.issue.area[which(years <= t),which(years <= t)]
>   # subset year diff matrix
>   year.diff.t <- year.diff.matrix[which(years <= t),which(years <= t)]
>   # subset year diff matrix square
>   year.diff.square.t <- year.diff.t^2
>   # subset sender time matrix
>   sender.time.t <- sender.time[which(years <= t),which(years <= t)]
>   # subset unique dyad id matrix
>   #dyad.id.t <- dyad.id[which(years <= t),which(years <= t)]
>   # subset year matrix
>   year.t<- year[which(years <= t),which(years <= t)]
>   # subset same opinion writer matrix
>   same.opinion.writer.t<- same.opinion.writer[which(years <= t),which(years <= t)]
>   
>   #### set vertex attributes
>   # same issue area
>   net.t <- set.vertex.attribute(net.t,"SameIssueArea", scc1[which(years <= t),41])
>   # abs diff of MQ score
>   net.t <- set.vertex.attribute(net.t,"AbsDiffMQscores", scc1[which(years <= t),65])
>   # number justices that voted for the case
>   net.t <- set.vertex.attribute(net.t,"NumberJusticesPro", scc1[which(years <= t),52])
>   # overruled covariate
>   net.t <- set.vertex.attribute(net.t,"Overruled", Overruled.matrix[which(years <= t),idt])
>   # sender time
>   net.t <- set.vertex.attribute(net.t,"sender.time", sender.time.t[,1])
>   # Majority Opinion Writer
>   net.t <- set.vertex.attribute(net.t,"MajOpWriter", scc1[which(years <= t),49])
> 
>   
>   not.fixed <- network(1*(sender.time == t))
>   
>   load(file="1956_1.RData")
> 
>   li <- li56[[1]]
> 
> 
>   
>   # fitting glm
>   model <- ergm(net.t~edges+ mutual + nodeicov("o.degree")+ difftransties("term")+gwidegree(1, fixed=TRUE)+ dgwesp(0.15, fixed=TRUE, type="OSP") +
+                 edgecov(mq.t)+
+                 edgecov(year.diff.t)+ edgecov(year.diff.square.t )+ 
+                 nodeicov('AbsDiffMQscores')+ nodeicov('NumberJusticesPro')+ 
+                 nodeicov('Overruled')+
+                 edgecov(same.opinion.writer.t)  + edgecov(same.issue.area.t),
+                 constraints=~fixallbut(not.fixed), control=control.ergm(MCMC.samplesize=10000,MCMLE.maxit=50, init=li)) #
>   summary(model)

==========================
Summary of model fit
==========================

Formula:   net.t ~ edges + mutual + nodeicov("o.degree") + difftransties("term") + 
    gwidegree(1, fixed = TRUE) + dgwesp(0.15, fixed = TRUE, type = "OSP") + 
    edgecov(mq.t) + edgecov(year.diff.t) + edgecov(year.diff.square.t) + 
    nodeicov("AbsDiffMQscores") + nodeicov("NumberJusticesPro") + 
    nodeicov("Overruled") + edgecov(same.opinion.writer.t) + 
    edgecov(same.issue.area.t)

Iterations:  2 out of 50 

Monte Carlo MLE Results:
                                Estimate Std. Error MCMC % z value Pr(>|z|)    
edges                          -6.501287   0.268842      0 -24.183  < 1e-04 ***
mutual                          1.206932   0.771540      0   1.564  0.11774    
nodeicov.o.degree              -0.043595   0.006470      0  -6.738  < 1e-04 ***
difftransties.term              2.628060   0.148870      0  17.653  < 1e-04 ***
gwideg.fixed.1                 -0.466623   0.173010      0  -2.697  0.00699 ** 
gwesp.OSP.fixed.0.15            2.138535   0.129029      0  16.574  < 1e-04 ***
edgecov.mq.t                    0.003710   0.054022      0   0.069  0.94525    
edgecov.year.diff.t            -0.053545   0.033746      0  -1.587  0.11258    
edgecov.year.diff.square.t     -0.002389   0.001818      0  -1.314  0.18894    
nodeicov.AbsDiffMQscores        0.115120   0.037623      0   3.060  0.00221 ** 
nodeicov.NumberJusticesPro     -0.049011   0.029821      0  -1.644  0.10028    
nodeicov.Overruled            -12.495052         NA     NA      NA       NA    
edgecov.same.opinion.writer.t   0.300084   0.118574      0   2.531  0.01138 *  
edgecov.same.issue.area.t       1.019872   0.067866      0  15.028  < 1e-04 ***
---
Signif. codes:  0 '***' 0.001 '**' 0.01 '*' 0.05 '.' 0.1 ' ' 1

     Null Deviance: 416318  on 300310  degrees of freedom
 Residual Deviance:   6514  on 300296  degrees of freedom
 
AIC: 6542    BIC: 6691    (Smaller is better.) 
>   aicm<- AIC(model)
>   bicm <- BIC(model)
> 
>   # get statistics
>   erg.est <- summary(net.t~edges+ mutual + nodeicov("o.degree")+ difftransties("term")+gwidegree(1, fixed=TRUE)+ 
+                 dgwesp(0.15, fixed=TRUE, type="OSP") +
+                 edgecov(mq.t)+
+                 edgecov(year.diff.t)+ edgecov(year.diff.square.t )+ nodeicov('AbsDiffMQscores')+ nodeicov('NumberJusticesPro')+ 
+                 nodeicov('Overruled')+edgecov(same.opinion.writer.t) + nodeifactor('MajOpWriter')+ edgecov(same.issue.area.t)  )
>   erg.est
                        edges                        mutual 
                    11121.000                         8.000 
            nodeicov.o.degree            difftransties.term 
                    62305.000                      4559.000 
               gwideg.fixed.1          gwesp.OSP.fixed.0.15 
                     3967.538                      5435.227 
                 edgecov.mq.t           edgecov.year.diff.t 
                    10148.242                     55087.000 
   edgecov.year.diff.square.t      nodeicov.AbsDiffMQscores 
                   457859.000                     46205.244 
   nodeicov.NumberJusticesPro            nodeicov.Overruled 
                    77992.000                        30.000 
edgecov.same.opinion.writer.t    nodeifactor.MajOpWriter.68 
                     1578.000                       211.000 
   nodeifactor.MajOpWriter.71    nodeifactor.MajOpWriter.72 
                       36.000                       111.000 
   nodeifactor.MajOpWriter.74    nodeifactor.MajOpWriter.75 
                     1514.000                       635.000 
   nodeifactor.MajOpWriter.76    nodeifactor.MajOpWriter.77 
                      723.000                        63.000 
   nodeifactor.MajOpWriter.78    nodeifactor.MajOpWriter.79 
                     1417.000                      1083.000 
   nodeifactor.MajOpWriter.80    nodeifactor.MajOpWriter.81 
                     1185.000                      1472.000 
   nodeifactor.MajOpWriter.82    nodeifactor.MajOpWriter.83 
                      519.000                        68.000 
   nodeifactor.MajOpWriter.84    nodeifactor.MajOpWriter.85 
                      607.000                       336.000 
   nodeifactor.MajOpWriter.86    nodeifactor.MajOpWriter.87 
                      181.000                       269.000 
   nodeifactor.MajOpWriter.88    nodeifactor.MajOpWriter.89 
                      122.000                        90.000 
   nodeifactor.MajOpWriter.90    nodeifactor.MajOpWriter.91 
                       35.000                         3.000 
   nodeifactor.MajOpWriter.92    nodeifactor.MajOpWriter.93 
                        4.000                         0.000 
    edgecov.same.issue.area.t 
                     5880.000 
>    
>   
>    
>    #############################################
>    # Independence model
>    #############################################
>    ind <- ergm(net.t~edges+ 
+                 edgecov(mq.t)+
+                 edgecov(year.diff.t)+ edgecov(year.diff.square.t )+ 
+                 nodeicov('AbsDiffMQscores')+ nodeicov('NumberJusticesPro')+ 
+                 nodeicov('Overruled')+
+                 edgecov(same.opinion.writer.t)  + edgecov(same.issue.area.t),
+                 constraints=~fixallbut(not.fixed), estimate="MLE") #
>     
>   summary(ind)   

==========================
Summary of model fit
==========================

Formula:   net.t ~ edges + edgecov(mq.t) + edgecov(year.diff.t) + edgecov(year.diff.square.t) + 
    nodeicov("AbsDiffMQscores") + nodeicov("NumberJusticesPro") + 
    nodeicov("Overruled") + edgecov(same.opinion.writer.t) + 
    edgecov(same.issue.area.t)

Iterations:  15 out of 20 

Monte Carlo MLE Results:
                                Estimate Std. Error MCMC % z value Pr(>|z|)    
edges                          -6.025922   0.237825      0 -25.338  < 1e-04 ***
edgecov.mq.t                    0.066340   0.059173      0   1.121  0.26223    
edgecov.year.diff.t             0.058796   0.032545      0   1.807  0.07082 .  
edgecov.year.diff.square.t     -0.005788   0.001832      0  -3.159  0.00158 ** 
nodeicov.AbsDiffMQscores        0.046112   0.038787      0   1.189  0.23451    
nodeicov.NumberJusticesPro     -0.135652   0.032290      0  -4.201  < 1e-04 ***
nodeicov.Overruled            -11.623311 130.279877      0  -0.089  0.92891    
edgecov.same.opinion.writer.t   0.454788   0.147206      0   3.089  0.00201 ** 
edgecov.same.issue.area.t       2.088618   0.080335      0  25.999  < 1e-04 ***
---
Signif. codes:  0 '***' 0.001 '**' 0.01 '*' 0.05 '.' 0.1 ' ' 1

     Null Deviance: 416318  on 300310  degrees of freedom
 Residual Deviance:   8428  on 300301  degrees of freedom
 
AIC: 8446    BIC: 8542    (Smaller is better.) 
>   aici<- AIC(ind)
>   bici <- BIC(ind)
> 
>    
> 
>    li56<- list(coef(model),  coef(summary(model))[,5], coef(summary(model))[,2], aicm, bicm,
+                coef(ind),  coef(summary(ind))[,5], coef(summary(ind))[,2], aici, bici ) 
>    names(li56)<- c("Coefficients", "P-values", "StdErrors", "AICm", "BICm",
+                    "CoefficientsI", "P-valuesI", "StdErrorsI", "AICi", "BICi")
> 
>   save(li56,file="1956_2.RData")
> 
> 
> 
> 
