
R version 3.5.2 (2018-12-20) -- "Eggshell Igloo"
Copyright (C) 2018 The R Foundation for Statistical Computing
Platform: x86_64-redhat-linux-gnu (64-bit)

R is free software and comes with ABSOLUTELY NO WARRANTY.
You are welcome to redistribute it under certain conditions.
Type 'license()' or 'licence()' for distribution details.

R is a collaborative project with many contributors.
Type 'contributors()' for more information and
'citation()' on how to cite R or R packages in publications.

Type 'demo()' for some demos, 'help()' for on-line help, or
'help.start()' for an HTML browser interface to help.
Type 'q()' to quit R.

> 
> # get data
> load(file="ERCM_MPLE_cl.RData")
> 
> # install.packages("statnet", Sys.getenv("R_LIBS_USER"), repos = "http://cran.case.edu" )
> library(statnet)
> library(MLmetrics)
> library(xtable)
> library(tc.ergmterms)
> 
> # there are cases in 1962 marked as 1963 and in 1971 marked as 1972
> scc1[3364,11] <- 1962
> scc1[4648,11] <- 1971
> 
> 
> year.total <- scc1[,11]-1936 #-1936 => the first year 1937 is 1, 1938 is 2 aso, term column 
> 
> set.seed(12123)
> #sampled.years <- c(14, 24, 34, 44, 54, 64, 74)
> 
> t<- 24
>   print(t+1936)
[1] 1960
> tt<- t+1936
>   rowlasttt <- max(which(scc1[,11] == tt))
>   idt <- scc1[rowlasttt, 55]  
> 
>   
>   cases <- max(which(year.total==t)) # 14 corresponds to 1950
>   
>   # simple assignment of time periods to cases
>   years <- year.total[1:cases] 
>   
>   # going to need a sender time matrix covariate
>   sender.time <- matrix(years,length(years),length(years),byrow=F)
>   year <- matrix(years, length(years),length(years),byrow=F)
>   
>    # extract the network up to time t
>   AM <- adjacency.matrix[which(years <= t),which(years <= t)]
>   
>   net.t <- network(AM) 
>   
>   #calculate outdegree
>   o.degree<- rowSums(AM)
>   
>   # fix the outdegrees of time t as 0
>   last.t<- which(years==t)
>   
>   o.degree[last.t]<- 0
>   
>   # indicate outdegree and term as a node attribute
>   net.t <- set.vertex.attribute(net.t,"o.degree", o.degree)
>   net.t <- set.vertex.attribute(net.t,"term", years)
> 
> 
>    # subset MQ matrix
>   mq.t <- mq.matrix[which(years <= t),which(years <= t)]
>   # subset same issue matrix
>   same.issue.area.t <- same.issue.area[which(years <= t),which(years <= t)]
>   # subset year diff matrix
>   year.diff.t <- year.diff.matrix[which(years <= t),which(years <= t)]
>   # subset year diff matrix square
>   year.diff.square.t <- year.diff.t^2
>   # subset sender time matrix
>   sender.time.t <- sender.time[which(years <= t),which(years <= t)]
>   # subset unique dyad id matrix
>   #dyad.id.t <- dyad.id[which(years <= t),which(years <= t)]
>   # subset year matrix
>   year.t<- year[which(years <= t),which(years <= t)]
>   # subset same opinion writer matrix
>   same.opinion.writer.t<- same.opinion.writer[which(years <= t),which(years <= t)]
>   
>   #### set vertex attributes
>   # same issue area
>   net.t <- set.vertex.attribute(net.t,"SameIssueArea", scc1[which(years <= t),41])
>   # abs diff of MQ score
>   net.t <- set.vertex.attribute(net.t,"AbsDiffMQscores", scc1[which(years <= t),65])
>   # number justices that voted for the case
>   net.t <- set.vertex.attribute(net.t,"NumberJusticesPro", scc1[which(years <= t),52])
>   # overruled covariate
>   net.t <- set.vertex.attribute(net.t,"Overruled", Overruled.matrix[which(years <= t),idt])
>   # sender time
>   net.t <- set.vertex.attribute(net.t,"sender.time", sender.time.t[,1])
>   # Majority Opinion Writer
>   net.t <- set.vertex.attribute(net.t,"MajOpWriter", scc1[which(years <= t),49])
> 
>   
>   not.fixed <- network(1*(sender.time == t))
>   
>   load(file="1960_1.RData")
> 
>   li <- li60[[1]]
> 
> 
>   
>   # fitting glm
>   model <- ergm(net.t~edges+ mutual + nodeicov("o.degree")+ difftransties("term")+gwidegree(1, fixed=TRUE)+ dgwesp(0.15, fixed=TRUE, type="OSP") +
+                 edgecov(mq.t)+
+                 edgecov(year.diff.t)+ edgecov(year.diff.square.t )+ 
+                 nodeicov('AbsDiffMQscores')+ nodeicov('NumberJusticesPro')+ 
+                 nodeicov('Overruled')+
+                 edgecov(same.opinion.writer.t)  + edgecov(same.issue.area.t),
+                 constraints=~fixallbut(not.fixed), control=control.ergm(MCMC.samplesize=10000,MCMLE.maxit=50, init=li)) #
>   summary(model)

==========================
Summary of model fit
==========================

Formula:   net.t ~ edges + mutual + nodeicov("o.degree") + difftransties("term") + 
    gwidegree(1, fixed = TRUE) + dgwesp(0.15, fixed = TRUE, type = "OSP") + 
    edgecov(mq.t) + edgecov(year.diff.t) + edgecov(year.diff.square.t) + 
    nodeicov("AbsDiffMQscores") + nodeicov("NumberJusticesPro") + 
    nodeicov("Overruled") + edgecov(same.opinion.writer.t) + 
    edgecov(same.issue.area.t)

Iterations:  4 out of 50 

Monte Carlo MLE Results:
                                Estimate Std. Error MCMC % z value Pr(>|z|)    
edges                         -7.068e+00  1.966e-01      0 -35.948  < 1e-04 ***
mutual                        -1.237e+01         NA     NA      NA       NA    
nodeicov.o.degree             -2.683e-02  3.762e-03      0  -7.133  < 1e-04 ***
difftransties.term             1.932e+00  9.419e-02      0  20.510  < 1e-04 ***
gwideg.fixed.1                -4.778e-01  1.327e-01      0  -3.602 0.000316 ***
gwesp.OSP.fixed.0.15           2.789e+00  8.165e-02      0  34.161  < 1e-04 ***
edgecov.mq.t                  -9.852e-03  3.479e-02      0  -0.283 0.777023    
edgecov.year.diff.t           -6.846e-02  1.808e-02      0  -3.786 0.000153 ***
edgecov.year.diff.square.t     5.799e-04  7.973e-04      0   0.727 0.467036    
nodeicov.AbsDiffMQscores      -1.740e-02  1.857e-02      0  -0.937 0.348853    
nodeicov.NumberJusticesPro     6.138e-02  2.594e-02      0   2.367 0.017950 *  
nodeicov.Overruled             6.884e-02  2.348e-01      0   0.293 0.769356    
edgecov.same.opinion.writer.t  4.555e-01  9.505e-02      0   4.792  < 1e-04 ***
edgecov.same.issue.area.t      8.454e-01  4.846e-02      0  17.445  < 1e-04 ***
---
Signif. codes:  0 '***' 0.001 '**' 0.01 '*' 0.05 '.' 0.1 ' ' 1

     Null Deviance: 599859  on 432707  degrees of freedom
 Residual Deviance:  10764  on 432693  degrees of freedom
 
AIC: 10792    BIC: 10946    (Smaller is better.) 
>   aicm<- AIC(model)
>   bicm <- BIC(model)
> 
>   # get statistics
>   erg.est <- summary(net.t~edges+ mutual + nodeicov("o.degree")+ difftransties("term")+gwidegree(1, fixed=TRUE)+ 
+                 dgwesp(0.15, fixed=TRUE, type="OSP") +
+                 edgecov(mq.t)+
+                 edgecov(year.diff.t)+ edgecov(year.diff.square.t )+ nodeicov('AbsDiffMQscores')+ nodeicov('NumberJusticesPro')+ 
+                 nodeicov('Overruled')+edgecov(same.opinion.writer.t) + nodeifactor('MajOpWriter')+ edgecov(same.issue.area.t)  )
>   erg.est
                        edges                        mutual 
                    14940.000                         8.000 
            nodeicov.o.degree            difftransties.term 
                    95413.000                      6541.000 
               gwideg.fixed.1          gwesp.OSP.fixed.0.15 
                     4970.920                      7854.758 
                 edgecov.mq.t           edgecov.year.diff.t 
                    14240.929                     91844.000 
   edgecov.year.diff.square.t      nodeicov.AbsDiffMQscores 
                   980380.000                     61135.772 
   nodeicov.NumberJusticesPro            nodeicov.Overruled 
                   103735.000                       100.000 
edgecov.same.opinion.writer.t    nodeifactor.MajOpWriter.68 
                     1907.000                       236.000 
   nodeifactor.MajOpWriter.71    nodeifactor.MajOpWriter.72 
                       41.000                       119.000 
   nodeifactor.MajOpWriter.74    nodeifactor.MajOpWriter.75 
                     1690.000                       710.000 
   nodeifactor.MajOpWriter.76    nodeifactor.MajOpWriter.77 
                      863.000                        80.000 
   nodeifactor.MajOpWriter.78    nodeifactor.MajOpWriter.79 
                     1921.000                      1356.000 
   nodeifactor.MajOpWriter.80    nodeifactor.MajOpWriter.81 
                     1670.000                      1851.000 
   nodeifactor.MajOpWriter.82    nodeifactor.MajOpWriter.83 
                      620.000                        89.000 
   nodeifactor.MajOpWriter.84    nodeifactor.MajOpWriter.85 
                      800.000                       425.000 
   nodeifactor.MajOpWriter.86    nodeifactor.MajOpWriter.87 
                      314.000                       411.000 
   nodeifactor.MajOpWriter.88    nodeifactor.MajOpWriter.89 
                      316.000                       176.000 
   nodeifactor.MajOpWriter.90    nodeifactor.MajOpWriter.91 
                      211.000                       160.000 
   nodeifactor.MajOpWriter.92    nodeifactor.MajOpWriter.93 
                      143.000                        51.000 
   nodeifactor.MajOpWriter.94     edgecov.same.issue.area.t 
                       65.000                      8200.000 
>    
>   
>    
>    #############################################
>    # Independence model
>    #############################################
>    ind <- ergm(net.t~edges+ 
+                 edgecov(mq.t)+
+                 edgecov(year.diff.t)+ edgecov(year.diff.square.t )+ 
+                 nodeicov('AbsDiffMQscores')+ nodeicov('NumberJusticesPro')+ 
+                 nodeicov('Overruled')+
+                 edgecov(same.opinion.writer.t)  + edgecov(same.issue.area.t),
+                 constraints=~fixallbut(not.fixed), estimate="MLE") #
>     
>   summary(ind)   

==========================
Summary of model fit
==========================

Formula:   net.t ~ edges + edgecov(mq.t) + edgecov(year.diff.t) + edgecov(year.diff.square.t) + 
    nodeicov("AbsDiffMQscores") + nodeicov("NumberJusticesPro") + 
    nodeicov("Overruled") + edgecov(same.opinion.writer.t) + 
    edgecov(same.issue.area.t)

Iterations:  7 out of 20 

Monte Carlo MLE Results:
                                Estimate Std. Error MCMC % z value Pr(>|z|)    
edges                         -5.6076240  0.1666656      0 -33.646  < 1e-04 ***
edgecov.mq.t                   0.1031353  0.0383496      0   2.689 0.007159 ** 
edgecov.year.diff.t           -0.0520304  0.0186173      0  -2.795 0.005194 ** 
edgecov.year.diff.square.t     0.0007816  0.0008256      0   0.947 0.343783    
nodeicov.AbsDiffMQscores      -0.0742028  0.0208784      0  -3.554 0.000379 ***
nodeicov.NumberJusticesPro    -0.0710076  0.0238831      0  -2.973 0.002948 ** 
nodeicov.Overruled             0.9960504  0.2506217      0   3.974  < 1e-04 ***
edgecov.same.opinion.writer.t  0.6916480  0.1026235      0   6.740  < 1e-04 ***
edgecov.same.issue.area.t      2.3088920  0.0594456      0  38.840  < 1e-04 ***
---
Signif. codes:  0 '***' 0.001 '**' 0.01 '*' 0.05 '.' 0.1 ' ' 1

     Null Deviance: 599859  on 432707  degrees of freedom
 Residual Deviance:  14990  on 432698  degrees of freedom
 
AIC: 15008    BIC: 15107    (Smaller is better.) 
>   aici<- AIC(ind)
>   bici <- BIC(ind)
> 
>    
> 
>    li60<- list(coef(model),  coef(summary(model))[,5], coef(summary(model))[,2], aicm, bicm,
+                coef(ind),  coef(summary(ind))[,5], coef(summary(ind))[,2], aici, bici ) 
>    names(li60)<- c("Coefficients", "P-values", "StdErrors", "AICm", "BICm",
+                    "CoefficientsI", "P-valuesI", "StdErrorsI", "AICi", "BICi")
> 
>   save(li60,file="1960_2.RData")
> 
> 
> 
> 
