
R version 3.5.2 (2018-12-20) -- "Eggshell Igloo"
Copyright (C) 2018 The R Foundation for Statistical Computing
Platform: x86_64-redhat-linux-gnu (64-bit)

R is free software and comes with ABSOLUTELY NO WARRANTY.
You are welcome to redistribute it under certain conditions.
Type 'license()' or 'licence()' for distribution details.

R is a collaborative project with many contributors.
Type 'contributors()' for more information and
'citation()' on how to cite R or R packages in publications.

Type 'demo()' for some demos, 'help()' for on-line help, or
'help.start()' for an HTML browser interface to help.
Type 'q()' to quit R.

> 
> # get data
> load(file="ERCM_MPLE_cl.RData")
> 
> # install.packages("statnet", Sys.getenv("R_LIBS_USER"), repos = "http://cran.case.edu" )
> library(statnet)
> library(MLmetrics)
> library(xtable)
> library(tc.ergmterms)
> 
> # there are cases in 1962 marked as 1963 and in 1971 marked as 1972
> scc1[3364,11] <- 1962
> scc1[4648,11] <- 1971
> 
> 
> year.total <- scc1[,11]-1936 #-1936 => the first year 1937 is 1, 1938 is 2 aso, term column 
> 
> set.seed(12123)
> #sampled.years <- c(14, 24, 34, 44, 54, 64, 74)
> 
> t<- 26
>   print(t+1936)
[1] 1962
> tt<- t+1936
>   rowlasttt <- max(which(scc1[,11] == tt))
>   idt <- scc1[rowlasttt, 55]  
> 
>   
>   cases <- max(which(year.total==t)) # 14 corresponds to 1950
>   
>   # simple assignment of time periods to cases
>   years <- year.total[1:cases] 
>   
>   # going to need a sender time matrix covariate
>   sender.time <- matrix(years,length(years),length(years),byrow=F)
>   year <- matrix(years, length(years),length(years),byrow=F)
>   
>    # extract the network up to time t
>   AM <- adjacency.matrix[which(years <= t),which(years <= t)]
>   
>   net.t <- network(AM) 
>   
>   #calculate outdegree
>   o.degree<- rowSums(AM)
>   
>   # fix the outdegrees of time t as 0
>   last.t<- which(years==t)
>   
>   o.degree[last.t]<- 0
>   
>   # indicate outdegree and term as a node attribute
>   net.t <- set.vertex.attribute(net.t,"o.degree", o.degree)
>   net.t <- set.vertex.attribute(net.t,"term", years)
> 
> 
>    # subset MQ matrix
>   mq.t <- mq.matrix[which(years <= t),which(years <= t)]
>   # subset same issue matrix
>   same.issue.area.t <- same.issue.area[which(years <= t),which(years <= t)]
>   # subset year diff matrix
>   year.diff.t <- year.diff.matrix[which(years <= t),which(years <= t)]
>   # subset year diff matrix square
>   year.diff.square.t <- year.diff.t^2
>   # subset sender time matrix
>   sender.time.t <- sender.time[which(years <= t),which(years <= t)]
>   # subset unique dyad id matrix
>   #dyad.id.t <- dyad.id[which(years <= t),which(years <= t)]
>   # subset year matrix
>   year.t<- year[which(years <= t),which(years <= t)]
>   # subset same opinion writer matrix
>   same.opinion.writer.t<- same.opinion.writer[which(years <= t),which(years <= t)]
>   
>   #### set vertex attributes
>   # same issue area
>   net.t <- set.vertex.attribute(net.t,"SameIssueArea", scc1[which(years <= t),41])
>   # abs diff of MQ score
>   net.t <- set.vertex.attribute(net.t,"AbsDiffMQscores", scc1[which(years <= t),65])
>   # number justices that voted for the case
>   net.t <- set.vertex.attribute(net.t,"NumberJusticesPro", scc1[which(years <= t),52])
>   # overruled covariate
>   net.t <- set.vertex.attribute(net.t,"Overruled", Overruled.matrix[which(years <= t),idt])
>   # sender time
>   net.t <- set.vertex.attribute(net.t,"sender.time", sender.time.t[,1])
>   # Majority Opinion Writer
>   net.t <- set.vertex.attribute(net.t,"MajOpWriter", scc1[which(years <= t),49])
> 
>   
>   not.fixed <- network(1*(sender.time == t))
>   
>   load(file="1962_1.RData")
> 
>   li <- li62[[1]]
> 
> 
>   
>   # fitting glm
>   model <- ergm(net.t~edges+ mutual + nodeicov("o.degree")+ difftransties("term")+gwidegree(1, fixed=TRUE)+ dgwesp(0.15, fixed=TRUE, type="OSP") +
+                 edgecov(mq.t)+
+                 edgecov(year.diff.t)+ edgecov(year.diff.square.t )+ 
+                 nodeicov('AbsDiffMQscores')+ nodeicov('NumberJusticesPro')+ 
+                 nodeicov('Overruled')+
+                 edgecov(same.opinion.writer.t)  + edgecov(same.issue.area.t),
+                 constraints=~fixallbut(not.fixed), control=control.ergm(MCMC.samplesize=10000,MCMLE.maxit=50, init=li)) #
>   summary(model)

==========================
Summary of model fit
==========================

Formula:   net.t ~ edges + mutual + nodeicov("o.degree") + difftransties("term") + 
    gwidegree(1, fixed = TRUE) + dgwesp(0.15, fixed = TRUE, type = "OSP") + 
    edgecov(mq.t) + edgecov(year.diff.t) + edgecov(year.diff.square.t) + 
    nodeicov("AbsDiffMQscores") + nodeicov("NumberJusticesPro") + 
    nodeicov("Overruled") + edgecov(same.opinion.writer.t) + 
    edgecov(same.issue.area.t)

Iterations:  9 out of 50 

Monte Carlo MLE Results:
                                Estimate Std. Error MCMC % z value Pr(>|z|)    
edges                         -7.401e+00  1.854e-01      0 -39.928   <1e-04 ***
mutual                        -1.383e+01         NA     NA      NA       NA    
nodeicov.o.degree             -3.139e-02  3.198e-03      0  -9.816   <1e-04 ***
difftransties.term             2.122e+00  8.716e-02      0  24.343   <1e-04 ***
gwideg.fixed.1                -3.053e-01  1.222e-01      0  -2.500   0.0124 *  
gwesp.OSP.fixed.0.15           2.803e+00  7.788e-02      0  35.997   <1e-04 ***
edgecov.mq.t                  -2.229e-02  3.876e-02      0  -0.575   0.5652    
edgecov.year.diff.t           -3.784e-02  1.787e-02      0  -2.117   0.0342 *  
edgecov.year.diff.square.t    -6.763e-04  6.962e-04      0  -0.971   0.3313    
nodeicov.AbsDiffMQscores       3.736e-02  2.079e-02      0   1.797   0.0723 .  
nodeicov.NumberJusticesPro     5.302e-02  2.284e-02      0   2.321   0.0203 *  
nodeicov.Overruled            -3.432e-01  2.680e-01      0  -1.281   0.2003    
edgecov.same.opinion.writer.t  3.958e-01  9.524e-02      0   4.155   <1e-04 ***
edgecov.same.issue.area.t      8.001e-01  3.685e-02      0  21.711   <1e-04 ***
---
Signif. codes:  0 '***' 0.001 '**' 0.01 '*' 0.05 '.' 0.1 ' ' 1

     Null Deviance: 722448  on 521136  degrees of freedom
 Residual Deviance:  12736  on 521122  degrees of freedom
 
AIC: 12764    BIC: 12920    (Smaller is better.) 
>   aicm<- AIC(model)
>   bicm <- BIC(model)
> 
>   # get statistics
>   erg.est <- summary(net.t~edges+ mutual + nodeicov("o.degree")+ difftransties("term")+gwidegree(1, fixed=TRUE)+ 
+                 dgwesp(0.15, fixed=TRUE, type="OSP") +
+                 edgecov(mq.t)+
+                 edgecov(year.diff.t)+ edgecov(year.diff.square.t )+ nodeicov('AbsDiffMQscores')+ nodeicov('NumberJusticesPro')+ 
+                 nodeicov('Overruled')+edgecov(same.opinion.writer.t) + nodeifactor('MajOpWriter')+ edgecov(same.issue.area.t)  )
>   erg.est
                        edges                        mutual 
                    17337.000                         8.000 
            nodeicov.o.degree            difftransties.term 
                   118279.000                      7828.000 
               gwideg.fixed.1          gwesp.OSP.fixed.0.15 
                     5555.279                      9402.070 
                 edgecov.mq.t           edgecov.year.diff.t 
                    16750.317                    117452.000 
   edgecov.year.diff.square.t      nodeicov.AbsDiffMQscores 
                  1389456.000                     71857.352 
   nodeicov.NumberJusticesPro            nodeicov.Overruled 
                   120153.000                       184.000 
edgecov.same.opinion.writer.t    nodeifactor.MajOpWriter.68 
                     2077.000                       243.000 
   nodeifactor.MajOpWriter.71    nodeifactor.MajOpWriter.72 
                       41.000                       127.000 
   nodeifactor.MajOpWriter.74    nodeifactor.MajOpWriter.75 
                     1795.000                       751.000 
   nodeifactor.MajOpWriter.76    nodeifactor.MajOpWriter.77 
                      925.000                        83.000 
   nodeifactor.MajOpWriter.78    nodeifactor.MajOpWriter.79 
                     2224.000                      1502.000 
   nodeifactor.MajOpWriter.80    nodeifactor.MajOpWriter.81 
                     1932.000                      2180.000 
   nodeifactor.MajOpWriter.82    nodeifactor.MajOpWriter.83 
                      669.000                        96.000 
   nodeifactor.MajOpWriter.84    nodeifactor.MajOpWriter.85 
                      906.000                       474.000 
   nodeifactor.MajOpWriter.86    nodeifactor.MajOpWriter.87 
                      365.000                       472.000 
   nodeifactor.MajOpWriter.88    nodeifactor.MajOpWriter.89 
                      444.000                       206.000 
   nodeifactor.MajOpWriter.90    nodeifactor.MajOpWriter.91 
                      354.000                       236.000 
   nodeifactor.MajOpWriter.92    nodeifactor.MajOpWriter.93 
                      271.000                        98.000 
   nodeifactor.MajOpWriter.94    nodeifactor.MajOpWriter.95 
                      157.000                        10.000 
   nodeifactor.MajOpWriter.96     edgecov.same.issue.area.t 
                        3.000                      9583.000 
>    
>   
>    
>    #############################################
>    # Independence model
>    #############################################
>    ind <- ergm(net.t~edges+ 
+                 edgecov(mq.t)+
+                 edgecov(year.diff.t)+ edgecov(year.diff.square.t )+ 
+                 nodeicov('AbsDiffMQscores')+ nodeicov('NumberJusticesPro')+ 
+                 nodeicov('Overruled')+
+                 edgecov(same.opinion.writer.t)  + edgecov(same.issue.area.t),
+                 constraints=~fixallbut(not.fixed), estimate="MLE") #
>     
>   summary(ind)   

==========================
Summary of model fit
==========================

Formula:   net.t ~ edges + edgecov(mq.t) + edgecov(year.diff.t) + edgecov(year.diff.square.t) + 
    nodeicov("AbsDiffMQscores") + nodeicov("NumberJusticesPro") + 
    nodeicov("Overruled") + edgecov(same.opinion.writer.t) + 
    edgecov(same.issue.area.t)

Iterations:  7 out of 20 

Monte Carlo MLE Results:
                                Estimate Std. Error MCMC % z value Pr(>|z|)    
edges                         -5.6712802  0.1660017      0 -34.164   <1e-04 ***
edgecov.mq.t                  -0.0774630  0.0458653      0  -1.689   0.0912 .  
edgecov.year.diff.t            0.0024959  0.0180953      0   0.138   0.8903    
edgecov.year.diff.square.t    -0.0018134  0.0007163      0  -2.532   0.0114 *  
nodeicov.AbsDiffMQscores       0.0196611  0.0221828      0   0.886   0.3754    
nodeicov.NumberJusticesPro    -0.0988496  0.0225168      0  -4.390   <1e-04 ***
nodeicov.Overruled             0.5259267  0.2829778      0   1.859   0.0631 .  
edgecov.same.opinion.writer.t  0.6690047  0.1034358      0   6.468   <1e-04 ***
edgecov.same.issue.area.t      2.1962666  0.0540076      0  40.666   <1e-04 ***
---
Signif. codes:  0 '***' 0.001 '**' 0.01 '*' 0.05 '.' 0.1 ' ' 1

     Null Deviance: 722448  on 521136  degrees of freedom
 Residual Deviance:  18034  on 521127  degrees of freedom
 
AIC: 18052    BIC: 18153    (Smaller is better.) 
>   aici<- AIC(ind)
>   bici <- BIC(ind)
> 
>    
> 
>    li62<- list(coef(model),  coef(summary(model))[,5], coef(summary(model))[,2], aicm, bicm,
+                coef(ind),  coef(summary(ind))[,5], coef(summary(ind))[,2], aici, bici ) 
>    names(li62)<- c("Coefficients", "P-values", "StdErrors", "AICm", "BICm",
+                    "CoefficientsI", "P-valuesI", "StdErrorsI", "AICi", "BICi")
> 
>   save(li62,file="1962_2.RData")
> 
> 
> 
> 
