
R version 3.5.2 (2018-12-20) -- "Eggshell Igloo"
Copyright (C) 2018 The R Foundation for Statistical Computing
Platform: x86_64-redhat-linux-gnu (64-bit)

R is free software and comes with ABSOLUTELY NO WARRANTY.
You are welcome to redistribute it under certain conditions.
Type 'license()' or 'licence()' for distribution details.

R is a collaborative project with many contributors.
Type 'contributors()' for more information and
'citation()' on how to cite R or R packages in publications.

Type 'demo()' for some demos, 'help()' for on-line help, or
'help.start()' for an HTML browser interface to help.
Type 'q()' to quit R.

> 
> # get data
> load(file="ERCM_MPLE_cl.RData")
> 
> # install.packages("statnet", Sys.getenv("R_LIBS_USER"), repos = "http://cran.case.edu" )
> library(statnet)
> library(MLmetrics)
> library(xtable)
> library(tc.ergmterms)
> 
> # there are cases in 1962 marked as 1963 and in 1971 marked as 1972
> scc1[3364,11] <- 1962
> scc1[4648,11] <- 1971
> 
> 
> year.total <- scc1[,11]-1936 #-1936 => the first year 1937 is 1, 1938 is 2 aso, term column 
> 
> set.seed(12123)
> #sampled.years <- c(14, 24, 34, 44, 54, 64, 74)
> 
> t<- 27
>   print(t+1936)
[1] 1963
> tt<- t+1936
>   rowlasttt <- max(which(scc1[,11] == tt))
>   idt <- scc1[rowlasttt, 55]  
> 
>   
>   cases <- max(which(year.total==t)) # 14 corresponds to 1950
>   
>   # simple assignment of time periods to cases
>   years <- year.total[1:cases] 
>   
>   # going to need a sender time matrix covariate
>   sender.time <- matrix(years,length(years),length(years),byrow=F)
>   year <- matrix(years, length(years),length(years),byrow=F)
>   
>    # extract the network up to time t
>   AM <- adjacency.matrix[which(years <= t),which(years <= t)]
>   
>   net.t <- network(AM) 
>   
>   #calculate outdegree
>   o.degree<- rowSums(AM)
>   
>   # fix the outdegrees of time t as 0
>   last.t<- which(years==t)
>   
>   o.degree[last.t]<- 0
>   
>   # indicate outdegree and term as a node attribute
>   net.t <- set.vertex.attribute(net.t,"o.degree", o.degree)
>   net.t <- set.vertex.attribute(net.t,"term", years)
> 
> 
>    # subset MQ matrix
>   mq.t <- mq.matrix[which(years <= t),which(years <= t)]
>   # subset same issue matrix
>   same.issue.area.t <- same.issue.area[which(years <= t),which(years <= t)]
>   # subset year diff matrix
>   year.diff.t <- year.diff.matrix[which(years <= t),which(years <= t)]
>   # subset year diff matrix square
>   year.diff.square.t <- year.diff.t^2
>   # subset sender time matrix
>   sender.time.t <- sender.time[which(years <= t),which(years <= t)]
>   # subset unique dyad id matrix
>   #dyad.id.t <- dyad.id[which(years <= t),which(years <= t)]
>   # subset year matrix
>   year.t<- year[which(years <= t),which(years <= t)]
>   # subset same opinion writer matrix
>   same.opinion.writer.t<- same.opinion.writer[which(years <= t),which(years <= t)]
>   
>   #### set vertex attributes
>   # same issue area
>   net.t <- set.vertex.attribute(net.t,"SameIssueArea", scc1[which(years <= t),41])
>   # abs diff of MQ score
>   net.t <- set.vertex.attribute(net.t,"AbsDiffMQscores", scc1[which(years <= t),65])
>   # number justices that voted for the case
>   net.t <- set.vertex.attribute(net.t,"NumberJusticesPro", scc1[which(years <= t),52])
>   # overruled covariate
>   net.t <- set.vertex.attribute(net.t,"Overruled", Overruled.matrix[which(years <= t),idt])
>   # sender time
>   net.t <- set.vertex.attribute(net.t,"sender.time", sender.time.t[,1])
>   # Majority Opinion Writer
>   net.t <- set.vertex.attribute(net.t,"MajOpWriter", scc1[which(years <= t),49])
> 
>   
>   not.fixed <- network(1*(sender.time == t))
>   
>   
>   # fitting glm
>   model <- ergm(net.t~edges+ mutual + nodeicov("o.degree")+ difftransties("term")+gwidegree(1, fixed=TRUE)+ dgwesp(0.15, fixed=TRUE, type="OSP") +
+                 edgecov(mq.t)+
+                 edgecov(year.diff.t)+ edgecov(year.diff.square.t )+ 
+                 nodeicov('AbsDiffMQscores')+ nodeicov('NumberJusticesPro')+ 
+                 nodeicov('Overruled')+
+                 edgecov(same.opinion.writer.t)  + edgecov(same.issue.area.t),
+                 constraints=~fixallbut(not.fixed), control=control.ergm(MCMC.samplesize=10000,MCMLE.maxit=50), eval.loglik=FALSE) #
>   summary(model) 

==========================
Summary of model fit
==========================

Formula:   net.t ~ edges + mutual + nodeicov("o.degree") + difftransties("term") + 
    gwidegree(1, fixed = TRUE) + dgwesp(0.15, fixed = TRUE, type = "OSP") + 
    edgecov(mq.t) + edgecov(year.diff.t) + edgecov(year.diff.square.t) + 
    nodeicov("AbsDiffMQscores") + nodeicov("NumberJusticesPro") + 
    nodeicov("Overruled") + edgecov(same.opinion.writer.t) + 
    edgecov(same.issue.area.t)

Iterations:  10 out of 50 

Monte Carlo MLE Results:
                                Estimate Std. Error MCMC % z value Pr(>|z|)    
edges                         -7.2512444  0.2178516      0 -33.285  < 1e-04 ***
mutual                         0.1905678  0.0386021     93   4.937  < 1e-04 ***
nodeicov.o.degree             -0.0301741  0.0030133      0 -10.014  < 1e-04 ***
difftransties.term             2.4379018  0.1019868      0  23.904  < 1e-04 ***
gwideg.fixed.1                -0.5492696  0.1269113      0  -4.328  < 1e-04 ***
gwesp.OSP.fixed.0.15           2.5689086  0.0832289      0  30.866  < 1e-04 ***
edgecov.mq.t                  -0.1689262  0.0487984      0  -3.462 0.000537 ***
edgecov.year.diff.t           -0.1210136  0.0194596      0  -6.219  < 1e-04 ***
edgecov.year.diff.square.t     0.0023408  0.0007281      0   3.215 0.001305 ** 
nodeicov.AbsDiffMQscores      -0.0241922  0.0236556      0  -1.023 0.306459    
nodeicov.NumberJusticesPro     0.1153970  0.0270504      0   4.266  < 1e-04 ***
nodeicov.Overruled            -0.5823866  0.2258449      0  -2.579 0.009917 ** 
edgecov.same.opinion.writer.t  0.3983411  0.1194541      0   3.335 0.000854 ***
edgecov.same.issue.area.t      0.9172251  0.0505642      0  18.140  < 1e-04 ***
---
Signif. codes:  0 '***' 0.001 '**' 0.01 '*' 0.05 '.' 0.1 ' ' 1

Log-likelihood was not estimated for this fit.
To get deviances, AIC, and/or BIC from fit `model` run 
  > model<-logLik(model, add=TRUE)
to add it to the object or rerun this function with eval.loglik=TRUE.
>   
> 
>   # get statistics
>   erg.est <- summary(net.t~edges+ mutual + nodeicov("o.degree")+ difftransties("term")+gwidegree(1, fixed=TRUE)+ 
+                 dgwesp(0.15, fixed=TRUE, type="OSP") +
+                 edgecov(mq.t)+
+                 edgecov(year.diff.t)+ edgecov(year.diff.square.t )+ nodeicov('AbsDiffMQscores')+ nodeicov('NumberJusticesPro')+ 
+                 nodeicov('Overruled')+edgecov(same.opinion.writer.t) + nodeifactor('MajOpWriter')+ edgecov(same.issue.area.t)  )
>   erg.est
                        edges                        mutual 
                    18559.000                         9.000 
            nodeicov.o.degree            difftransties.term 
                   132012.000                      8531.000 
               gwideg.fixed.1          gwesp.OSP.fixed.0.15 
                     5831.615                     10217.746 
                 edgecov.mq.t           edgecov.year.diff.t 
                    17893.652                    130010.000 
   edgecov.year.diff.square.t      nodeicov.AbsDiffMQscores 
                  1603180.000                     78002.381 
   nodeicov.NumberJusticesPro            nodeicov.Overruled 
                   128702.000                       282.000 
edgecov.same.opinion.writer.t    nodeifactor.MajOpWriter.68 
                     2148.000                       258.000 
   nodeifactor.MajOpWriter.71    nodeifactor.MajOpWriter.72 
                       41.000                       131.000 
   nodeifactor.MajOpWriter.74    nodeifactor.MajOpWriter.75 
                     1848.000                       764.000 
   nodeifactor.MajOpWriter.76    nodeifactor.MajOpWriter.77 
                      954.000                        85.000 
   nodeifactor.MajOpWriter.78    nodeifactor.MajOpWriter.79 
                     2370.000                      1572.000 
   nodeifactor.MajOpWriter.80    nodeifactor.MajOpWriter.81 
                     2045.000                      2302.000 
   nodeifactor.MajOpWriter.82    nodeifactor.MajOpWriter.83 
                      688.000                       102.000 
   nodeifactor.MajOpWriter.84    nodeifactor.MajOpWriter.85 
                      942.000                       490.000 
   nodeifactor.MajOpWriter.86    nodeifactor.MajOpWriter.87 
                      391.000                       498.000 
   nodeifactor.MajOpWriter.88    nodeifactor.MajOpWriter.89 
                      514.000                       223.000 
   nodeifactor.MajOpWriter.90    nodeifactor.MajOpWriter.91 
                      436.000                       288.000 
   nodeifactor.MajOpWriter.92    nodeifactor.MajOpWriter.93 
                      357.000                       115.000 
   nodeifactor.MajOpWriter.94    nodeifactor.MajOpWriter.95 
                      203.000                        29.000 
   nodeifactor.MajOpWriter.96     edgecov.same.issue.area.t 
                       25.000                     10368.000 
>   
> 
>    li63<- list(coef(model),  coef(summary(model))[,5], coef(summary(model))[,2] ) 
>    names(li63)<- c("Coefficients", "P-values", "StdErrors")
> 
>   save(li63,file="1963_1.RData")
> 
> 
> 
> 
