
R version 3.5.2 (2018-12-20) -- "Eggshell Igloo"
Copyright (C) 2018 The R Foundation for Statistical Computing
Platform: x86_64-redhat-linux-gnu (64-bit)

R is free software and comes with ABSOLUTELY NO WARRANTY.
You are welcome to redistribute it under certain conditions.
Type 'license()' or 'licence()' for distribution details.

R is a collaborative project with many contributors.
Type 'contributors()' for more information and
'citation()' on how to cite R or R packages in publications.

Type 'demo()' for some demos, 'help()' for on-line help, or
'help.start()' for an HTML browser interface to help.
Type 'q()' to quit R.

> 
> # get data
> load(file="ERCM_MPLE_cl.RData")
> 
> # install.packages("statnet", Sys.getenv("R_LIBS_USER"), repos = "http://cran.case.edu" )
> library(statnet)
> library(MLmetrics)
> library(xtable)
> library(tc.ergmterms)
> 
> # there are cases in 1962 marked as 1963 and in 1971 marked as 1972
> scc1[3364,11] <- 1962
> scc1[4648,11] <- 1971
> 
> 
> year.total <- scc1[,11]-1936 #-1936 => the first year 1937 is 1, 1938 is 2 aso, term column 
> 
> set.seed(12123)
> #sampled.years <- c(14, 24, 34, 44, 54, 64, 74)
> 
> t<- 33
>   print(t+1936)
[1] 1969
> tt<- t+1936
>   rowlasttt <- max(which(scc1[,11] == tt))
>   idt <- scc1[rowlasttt, 55]  
> 
>   
>   cases <- max(which(year.total==t)) # 14 corresponds to 1950
>   
>   # simple assignment of time periods to cases
>   years <- year.total[1:cases] 
>   
>   # going to need a sender time matrix covariate
>   sender.time <- matrix(years,length(years),length(years),byrow=F)
>   year <- matrix(years, length(years),length(years),byrow=F)
>   
>    # extract the network up to time t
>   AM <- adjacency.matrix[which(years <= t),which(years <= t)]
>   
>   net.t <- network(AM) 
>   
>   #calculate outdegree
>   o.degree<- rowSums(AM)
>   
>   # fix the outdegrees of time t as 0
>   last.t<- which(years==t)
>   
>   o.degree[last.t]<- 0
>   
>   # indicate outdegree and term as a node attribute
>   net.t <- set.vertex.attribute(net.t,"o.degree", o.degree)
>   net.t <- set.vertex.attribute(net.t,"term", years)
> 
> 
>    # subset MQ matrix
>   mq.t <- mq.matrix[which(years <= t),which(years <= t)]
>   # subset same issue matrix
>   same.issue.area.t <- same.issue.area[which(years <= t),which(years <= t)]
>   # subset year diff matrix
>   year.diff.t <- year.diff.matrix[which(years <= t),which(years <= t)]
>   # subset year diff matrix square
>   year.diff.square.t <- year.diff.t^2
>   # subset sender time matrix
>   sender.time.t <- sender.time[which(years <= t),which(years <= t)]
>   # subset unique dyad id matrix
>   #dyad.id.t <- dyad.id[which(years <= t),which(years <= t)]
>   # subset year matrix
>   year.t<- year[which(years <= t),which(years <= t)]
>   # subset same opinion writer matrix
>   same.opinion.writer.t<- same.opinion.writer[which(years <= t),which(years <= t)]
>   
>   #### set vertex attributes
>   # same issue area
>   net.t <- set.vertex.attribute(net.t,"SameIssueArea", scc1[which(years <= t),41])
>   # abs diff of MQ score
>   net.t <- set.vertex.attribute(net.t,"AbsDiffMQscores", scc1[which(years <= t),65])
>   # number justices that voted for the case
>   net.t <- set.vertex.attribute(net.t,"NumberJusticesPro", scc1[which(years <= t),52])
>   # overruled covariate
>   net.t <- set.vertex.attribute(net.t,"Overruled", Overruled.matrix[which(years <= t),idt])
>   # sender time
>   net.t <- set.vertex.attribute(net.t,"sender.time", sender.time.t[,1])
>   # Majority Opinion Writer
>   net.t <- set.vertex.attribute(net.t,"MajOpWriter", scc1[which(years <= t),49])
> 
>   
>   not.fixed <- network(1*(sender.time == t))
>   
>   
>   # fitting glm
>   model <- ergm(net.t~edges+ mutual + nodeicov("o.degree")+ difftransties("term")+gwidegree(1, fixed=TRUE)+ dgwesp(0.15, fixed=TRUE, type="OSP") +
+                 edgecov(mq.t)+
+                 edgecov(year.diff.t)+ edgecov(year.diff.square.t )+ 
+                 nodeicov('AbsDiffMQscores')+ nodeicov('NumberJusticesPro')+ 
+                 nodeicov('Overruled')+
+                 edgecov(same.opinion.writer.t)  + edgecov(same.issue.area.t),
+                 constraints=~fixallbut(not.fixed), control=control.ergm(MCMC.samplesize=10000,MCMLE.maxit=50), eval.loglik=FALSE) #
>   summary(model) 

==========================
Summary of model fit
==========================

Formula:   net.t ~ edges + mutual + nodeicov("o.degree") + difftransties("term") + 
    gwidegree(1, fixed = TRUE) + dgwesp(0.15, fixed = TRUE, type = "OSP") + 
    edgecov(mq.t) + edgecov(year.diff.t) + edgecov(year.diff.square.t) + 
    nodeicov("AbsDiffMQscores") + nodeicov("NumberJusticesPro") + 
    nodeicov("Overruled") + edgecov(same.opinion.writer.t) + 
    edgecov(same.issue.area.t)

Iterations:  10 out of 50 

Monte Carlo MLE Results:
                                Estimate Std. Error MCMC % z value Pr(>|z|)    
edges                         -6.944e+00  1.903e-01      0 -36.482  < 1e-04 ***
mutual                        -1.209e+01         NA     NA      NA       NA    
nodeicov.o.degree             -2.676e-02  3.000e-03      0  -8.919  < 1e-04 ***
difftransties.term             2.087e+00  1.009e-01      0  20.682  < 1e-04 ***
gwideg.fixed.1                -4.576e-01  1.271e-01      0  -3.601 0.000317 ***
gwesp.OSP.fixed.0.15           2.462e+00  8.369e-02      0  29.422  < 1e-04 ***
edgecov.mq.t                   1.071e-03  5.542e-02      0   0.019 0.984577    
edgecov.year.diff.t           -9.685e-02  1.280e-02      0  -7.565  < 1e-04 ***
edgecov.year.diff.square.t     1.923e-03  3.864e-04      0   4.976  < 1e-04 ***
nodeicov.AbsDiffMQscores       4.043e-02  1.652e-02      0   2.448 0.014370 *  
nodeicov.NumberJusticesPro     4.471e-03  2.334e-02      0   0.192 0.848059    
nodeicov.Overruled            -7.228e-01  2.294e-01      0  -3.151 0.001626 ** 
edgecov.same.opinion.writer.t  5.815e-01  1.078e-01      0   5.393  < 1e-04 ***
edgecov.same.issue.area.t      7.840e-01  4.838e-02      0  16.206  < 1e-04 ***
---
Signif. codes:  0 '***' 0.001 '**' 0.01 '*' 0.05 '.' 0.1 ' ' 1

Log-likelihood was not estimated for this fit.
To get deviances, AIC, and/or BIC from fit `model` run 
  > model<-logLik(model, add=TRUE)
to add it to the object or rerun this function with eval.loglik=TRUE.
>   
> 
>   # get statistics
>   erg.est <- summary(net.t~edges+ mutual + nodeicov("o.degree")+ difftransties("term")+gwidegree(1, fixed=TRUE)+ 
+                 dgwesp(0.15, fixed=TRUE, type="OSP") +
+                 edgecov(mq.t)+
+                 edgecov(year.diff.t)+ edgecov(year.diff.square.t )+ nodeicov('AbsDiffMQscores')+ nodeicov('NumberJusticesPro')+ 
+                 nodeicov('Overruled')+edgecov(same.opinion.writer.t) + nodeifactor('MajOpWriter')+ edgecov(same.issue.area.t)  )
>   erg.est
                        edges                        mutual 
                    26045.000                        10.000 
            nodeicov.o.degree            difftransties.term 
                   227861.000                     12882.000 
               gwideg.fixed.1          gwesp.OSP.fixed.0.15 
                     7407.819                     15359.316 
                 edgecov.mq.t           edgecov.year.diff.t 
                    24106.692                    212028.000 
   edgecov.year.diff.square.t      nodeicov.AbsDiffMQscores 
                  3114420.000                    118478.421 
   nodeicov.NumberJusticesPro            nodeicov.Overruled 
                   180533.000                       619.000 
edgecov.same.opinion.writer.t    nodeifactor.MajOpWriter.68 
                     2755.000                       279.000 
   nodeifactor.MajOpWriter.71    nodeifactor.MajOpWriter.72 
                       43.000                       145.000 
   nodeifactor.MajOpWriter.74    nodeifactor.MajOpWriter.75 
                     2036.000                       853.000 
   nodeifactor.MajOpWriter.76    nodeifactor.MajOpWriter.77 
                     1112.000                        99.000 
   nodeifactor.MajOpWriter.78    nodeifactor.MajOpWriter.79 
                     3231.000                      1841.000 
   nodeifactor.MajOpWriter.80    nodeifactor.MajOpWriter.81 
                     2560.000                      3138.000 
   nodeifactor.MajOpWriter.82    nodeifactor.MajOpWriter.83 
                      838.000                       117.000 
   nodeifactor.MajOpWriter.84    nodeifactor.MajOpWriter.85 
                     1146.000                       594.000 
   nodeifactor.MajOpWriter.86    nodeifactor.MajOpWriter.87 
                      515.000                       643.000 
   nodeifactor.MajOpWriter.88    nodeifactor.MajOpWriter.89 
                     1002.000                       297.000 
   nodeifactor.MajOpWriter.90    nodeifactor.MajOpWriter.91 
                     1053.000                       641.000 
   nodeifactor.MajOpWriter.92    nodeifactor.MajOpWriter.93 
                     1133.000                       179.000 
   nodeifactor.MajOpWriter.94    nodeifactor.MajOpWriter.95 
                      606.000                       266.000 
   nodeifactor.MajOpWriter.96    nodeifactor.MajOpWriter.97 
                      203.000                        70.000 
   nodeifactor.MajOpWriter.98    nodeifactor.MajOpWriter.99 
                       33.000                         5.000 
    edgecov.same.issue.area.t 
                    15183.000 
>   
> 
>    li69<- list(coef(model),  coef(summary(model))[,5], coef(summary(model))[,2] ) 
>    names(li69)<- c("Coefficients", "P-values", "StdErrors")
> 
>   save(li69,file="1969_1.RData")
> 
> 
> 
> 
