
R version 3.5.2 (2018-12-20) -- "Eggshell Igloo"
Copyright (C) 2018 The R Foundation for Statistical Computing
Platform: x86_64-redhat-linux-gnu (64-bit)

R is free software and comes with ABSOLUTELY NO WARRANTY.
You are welcome to redistribute it under certain conditions.
Type 'license()' or 'licence()' for distribution details.

R is a collaborative project with many contributors.
Type 'contributors()' for more information and
'citation()' on how to cite R or R packages in publications.

Type 'demo()' for some demos, 'help()' for on-line help, or
'help.start()' for an HTML browser interface to help.
Type 'q()' to quit R.

> 
> # get data
> load(file="ERCM_MPLE_cl.RData")
> 
> # install.packages("statnet", Sys.getenv("R_LIBS_USER"), repos = "http://cran.case.edu" )
> library(statnet)
> library(MLmetrics)
> library(xtable)
> library(tc.ergmterms)
> 
> # there are cases in 1962 marked as 1963 and in 1971 marked as 1972
> scc1[3364,11] <- 1962
> scc1[4648,11] <- 1971
> 
> 
> year.total <- scc1[,11]-1936 #-1936 => the first year 1937 is 1, 1938 is 2 aso, term column 
> 
> set.seed(12123)
> #sampled.years <- c(14, 24, 34, 44, 54, 64, 74)
> 
> t<- 34
>   print(t+1936)
[1] 1970
> tt<- t+1936
>   rowlasttt <- max(which(scc1[,11] == tt))
>   idt <- scc1[rowlasttt, 55]  
> 
>   
>   cases <- max(which(year.total==t)) # 14 corresponds to 1950
>   
>   # simple assignment of time periods to cases
>   years <- year.total[1:cases] 
>   
>   # going to need a sender time matrix covariate
>   sender.time <- matrix(years,length(years),length(years),byrow=F)
>   year <- matrix(years, length(years),length(years),byrow=F)
>   
>    # extract the network up to time t
>   AM <- adjacency.matrix[which(years <= t),which(years <= t)]
>   
>   net.t <- network(AM) 
>   
>   #calculate outdegree
>   o.degree<- rowSums(AM)
>   
>   # fix the outdegrees of time t as 0
>   last.t<- which(years==t)
>   
>   o.degree[last.t]<- 0
>   
>   # indicate outdegree and term as a node attribute
>   net.t <- set.vertex.attribute(net.t,"o.degree", o.degree)
>   net.t <- set.vertex.attribute(net.t,"term", years)
> 
> 
>    # subset MQ matrix
>   mq.t <- mq.matrix[which(years <= t),which(years <= t)]
>   # subset same issue matrix
>   same.issue.area.t <- same.issue.area[which(years <= t),which(years <= t)]
>   # subset year diff matrix
>   year.diff.t <- year.diff.matrix[which(years <= t),which(years <= t)]
>   # subset year diff matrix square
>   year.diff.square.t <- year.diff.t^2
>   # subset sender time matrix
>   sender.time.t <- sender.time[which(years <= t),which(years <= t)]
>   # subset unique dyad id matrix
>   #dyad.id.t <- dyad.id[which(years <= t),which(years <= t)]
>   # subset year matrix
>   year.t<- year[which(years <= t),which(years <= t)]
>   # subset same opinion writer matrix
>   same.opinion.writer.t<- same.opinion.writer[which(years <= t),which(years <= t)]
>   
>   #### set vertex attributes
>   # same issue area
>   net.t <- set.vertex.attribute(net.t,"SameIssueArea", scc1[which(years <= t),41])
>   # abs diff of MQ score
>   net.t <- set.vertex.attribute(net.t,"AbsDiffMQscores", scc1[which(years <= t),65])
>   # number justices that voted for the case
>   net.t <- set.vertex.attribute(net.t,"NumberJusticesPro", scc1[which(years <= t),52])
>   # overruled covariate
>   net.t <- set.vertex.attribute(net.t,"Overruled", Overruled.matrix[which(years <= t),idt])
>   # sender time
>   net.t <- set.vertex.attribute(net.t,"sender.time", sender.time.t[,1])
>   # Majority Opinion Writer
>   net.t <- set.vertex.attribute(net.t,"MajOpWriter", scc1[which(years <= t),49])
> 
>   
>   not.fixed <- network(1*(sender.time == t))
>   
>   load(file="1970_1.RData")
> 
>   li <- li70[[1]]
> 
> 
>   
>   # fitting glm
>   model <- ergm(net.t~edges+ mutual + nodeicov("o.degree")+ difftransties("term")+gwidegree(1, fixed=TRUE)+ dgwesp(0.15, fixed=TRUE, type="OSP") +
+                 edgecov(mq.t)+
+                 edgecov(year.diff.t)+ edgecov(year.diff.square.t )+ 
+                 nodeicov('AbsDiffMQscores')+ nodeicov('NumberJusticesPro')+ 
+                 nodeicov('Overruled')+
+                 edgecov(same.opinion.writer.t)  + edgecov(same.issue.area.t),
+                 constraints=~fixallbut(not.fixed), control=control.ergm(MCMC.samplesize=10000,MCMLE.maxit=50, init=li)) #
>   summary(model)

==========================
Summary of model fit
==========================

Formula:   net.t ~ edges + mutual + nodeicov("o.degree") + difftransties("term") + 
    gwidegree(1, fixed = TRUE) + dgwesp(0.15, fixed = TRUE, type = "OSP") + 
    edgecov(mq.t) + edgecov(year.diff.t) + edgecov(year.diff.square.t) + 
    nodeicov("AbsDiffMQscores") + nodeicov("NumberJusticesPro") + 
    nodeicov("Overruled") + edgecov(same.opinion.writer.t) + 
    edgecov(same.issue.area.t)

Iterations:  5 out of 50 

Monte Carlo MLE Results:
                                Estimate Std. Error MCMC % z value Pr(>|z|)    
edges                         -7.0417404  0.1739701      0 -40.477  < 1e-04 ***
mutual                         0.5717357  0.0408891     97  13.983  < 1e-04 ***
nodeicov.o.degree             -0.0317278  0.0024039      0 -13.198  < 1e-04 ***
difftransties.term             2.3852982  0.0845950      0  28.197  < 1e-04 ***
gwideg.fixed.1                -0.6627254  0.1287682      0  -5.147  < 1e-04 ***
gwesp.OSP.fixed.0.15           2.5647417  0.0723261      0  35.461  < 1e-04 ***
edgecov.mq.t                  -0.1020603  0.0373380      0  -2.733  0.00627 ** 
edgecov.year.diff.t           -0.0845554  0.0115480      0  -7.322  < 1e-04 ***
edgecov.year.diff.square.t     0.0012203  0.0003413      0   3.575  0.00035 ***
nodeicov.AbsDiffMQscores       0.0244637  0.0133977      0   1.826  0.06786 .  
nodeicov.NumberJusticesPro     0.0360081  0.0207164      0   1.738  0.08219 .  
nodeicov.Overruled            -0.5195838  0.1832812      0  -2.835  0.00458 ** 
edgecov.same.opinion.writer.t  0.4926923  0.0902483      0   5.459  < 1e-04 ***
edgecov.same.issue.area.t      0.6752748  0.0426597      0  15.829  < 1e-04 ***
---
Signif. codes:  0 '***' 0.001 '**' 0.01 '*' 0.05 '.' 0.1 ' ' 1

     Null Deviance: 919080  on 662976  degrees of freedom
 Residual Deviance:  14940  on 662962  degrees of freedom
 
AIC: 14968    BIC: 15128    (Smaller is better.) 
>   aicm<- AIC(model)
>   bicm <- BIC(model)
> 
>   # get statistics
>   erg.est <- summary(net.t~edges+ mutual + nodeicov("o.degree")+ difftransties("term")+gwidegree(1, fixed=TRUE)+ 
+                 dgwesp(0.15, fixed=TRUE, type="OSP") +
+                 edgecov(mq.t)+
+                 edgecov(year.diff.t)+ edgecov(year.diff.square.t )+ nodeicov('AbsDiffMQscores')+ nodeicov('NumberJusticesPro')+ 
+                 nodeicov('Overruled')+edgecov(same.opinion.writer.t) + nodeifactor('MajOpWriter')+ edgecov(same.issue.area.t)  )
>   erg.est
                        edges                        mutual 
                     27815.00                         11.00 
            nodeicov.o.degree            difftransties.term 
                    253298.00                      14065.00 
               gwideg.fixed.1          gwesp.OSP.fixed.0.15 
                      7712.14                      16749.02 
                 edgecov.mq.t           edgecov.year.diff.t 
                     25850.85                     231624.00 
   edgecov.year.diff.square.t      nodeicov.AbsDiffMQscores 
                   3492210.00                     128820.86 
   nodeicov.NumberJusticesPro            nodeicov.Overruled 
                    192770.00                        671.00 
edgecov.same.opinion.writer.t    nodeifactor.MajOpWriter.68 
                      2896.00                        283.00 
   nodeifactor.MajOpWriter.71    nodeifactor.MajOpWriter.72 
                        44.00                        152.00 
   nodeifactor.MajOpWriter.74    nodeifactor.MajOpWriter.75 
                      2080.00                        867.00 
   nodeifactor.MajOpWriter.76    nodeifactor.MajOpWriter.77 
                      1142.00                        103.00 
   nodeifactor.MajOpWriter.78    nodeifactor.MajOpWriter.79 
                      3410.00                       1879.00 
   nodeifactor.MajOpWriter.80    nodeifactor.MajOpWriter.81 
                      2657.00                       3327.00 
   nodeifactor.MajOpWriter.82    nodeifactor.MajOpWriter.83 
                       854.00                        120.00 
   nodeifactor.MajOpWriter.84    nodeifactor.MajOpWriter.85 
                      1189.00                        610.00 
   nodeifactor.MajOpWriter.86    nodeifactor.MajOpWriter.87 
                       534.00                        670.00 
   nodeifactor.MajOpWriter.88    nodeifactor.MajOpWriter.89 
                      1093.00                        310.00 
   nodeifactor.MajOpWriter.90    nodeifactor.MajOpWriter.91 
                      1192.00                        765.00 
   nodeifactor.MajOpWriter.92    nodeifactor.MajOpWriter.93 
                      1365.00                        188.00 
   nodeifactor.MajOpWriter.94    nodeifactor.MajOpWriter.95 
                       731.00                        376.00 
   nodeifactor.MajOpWriter.96    nodeifactor.MajOpWriter.97 
                       231.00                         90.00 
   nodeifactor.MajOpWriter.98    nodeifactor.MajOpWriter.99 
                        66.00                         20.00 
  nodeifactor.MajOpWriter.100     edgecov.same.issue.area.t 
                         2.00                      16315.00 
>    
>   
>    
>    #############################################
>    # Independence model
>    #############################################
>    ind <- ergm(net.t~edges+ 
+                 edgecov(mq.t)+
+                 edgecov(year.diff.t)+ edgecov(year.diff.square.t )+ 
+                 nodeicov('AbsDiffMQscores')+ nodeicov('NumberJusticesPro')+ 
+                 nodeicov('Overruled')+
+                 edgecov(same.opinion.writer.t)  + edgecov(same.issue.area.t),
+                 constraints=~fixallbut(not.fixed), estimate="MLE") #
>     
>   summary(ind)   

==========================
Summary of model fit
==========================

Formula:   net.t ~ edges + edgecov(mq.t) + edgecov(year.diff.t) + edgecov(year.diff.square.t) + 
    nodeicov("AbsDiffMQscores") + nodeicov("NumberJusticesPro") + 
    nodeicov("Overruled") + edgecov(same.opinion.writer.t) + 
    edgecov(same.issue.area.t)

Iterations:  7 out of 20 

Monte Carlo MLE Results:
                                Estimate Std. Error MCMC % z value Pr(>|z|)    
edges                         -5.9395848  0.1415235      0 -41.969  < 1e-04 ***
edgecov.mq.t                   0.1126196  0.0406786      0   2.769 0.005631 ** 
edgecov.year.diff.t           -0.0589630  0.0100275      0  -5.880  < 1e-04 ***
edgecov.year.diff.square.t     0.0006133  0.0003055      0   2.008 0.044686 *  
nodeicov.AbsDiffMQscores       0.0465145  0.0132597      0   3.508 0.000452 ***
nodeicov.NumberJusticesPro    -0.0874259  0.0199459      0  -4.383  < 1e-04 ***
nodeicov.Overruled             0.7734947  0.1619753      0   4.775  < 1e-04 ***
edgecov.same.opinion.writer.t  0.6980511  0.0891076      0   7.834  < 1e-04 ***
edgecov.same.issue.area.t      2.3938261  0.0498030      0  48.066  < 1e-04 ***
---
Signif. codes:  0 '***' 0.001 '**' 0.01 '*' 0.05 '.' 0.1 ' ' 1

     Null Deviance: 919080  on 662976  degrees of freedom
 Residual Deviance:  21548  on 662967  degrees of freedom
 
AIC: 21566    BIC: 21669    (Smaller is better.) 
>   aici<- AIC(ind)
>   bici <- BIC(ind)
> 
>    
> 
>    li70<- list(coef(model),  coef(summary(model))[,5], coef(summary(model))[,2], aicm, bicm,
+                coef(ind),  coef(summary(ind))[,5], coef(summary(ind))[,2], aici, bici ) 
>    names(li70)<- c("Coefficients", "P-values", "StdErrors", "AICm", "BICm",
+                    "CoefficientsI", "P-valuesI", "StdErrorsI", "AICi", "BICi")
> 
>   save(li70,file="1970_2.RData")
> 
> 
> 
> 
