
R version 3.5.2 (2018-12-20) -- "Eggshell Igloo"
Copyright (C) 2018 The R Foundation for Statistical Computing
Platform: x86_64-redhat-linux-gnu (64-bit)

R is free software and comes with ABSOLUTELY NO WARRANTY.
You are welcome to redistribute it under certain conditions.
Type 'license()' or 'licence()' for distribution details.

R is a collaborative project with many contributors.
Type 'contributors()' for more information and
'citation()' on how to cite R or R packages in publications.

Type 'demo()' for some demos, 'help()' for on-line help, or
'help.start()' for an HTML browser interface to help.
Type 'q()' to quit R.

> 
> # get data
> load(file="ERCM_MPLE_cl.RData")
> 
> # install.packages("statnet", Sys.getenv("R_LIBS_USER"), repos = "http://cran.case.edu" )
> library(statnet)
> library(MLmetrics)
> library(xtable)
> library(tc.ergmterms)
> 
> # there are cases in 1962 marked as 1963 and in 1971 marked as 1972
> scc1[3364,11] <- 1962
> scc1[4648,11] <- 1971
> 
> 
> year.total <- scc1[,11]-1936 #-1936 => the first year 1937 is 1, 1938 is 2 aso, term column 
> 
> set.seed(12123)
> #sampled.years <- c(14, 24, 34, 44, 54, 64, 74)
> 
> t<- 35
>   print(t+1936)
[1] 1971
> tt<- t+1936
>   rowlasttt <- max(which(scc1[,11] == tt))
>   idt <- scc1[rowlasttt, 55]  
> 
>   
>   cases <- max(which(year.total==t)) # 14 corresponds to 1950
>   
>   # simple assignment of time periods to cases
>   years <- year.total[1:cases] 
>   
>   # going to need a sender time matrix covariate
>   sender.time <- matrix(years,length(years),length(years),byrow=F)
>   year <- matrix(years, length(years),length(years),byrow=F)
>   
>    # extract the network up to time t
>   AM <- adjacency.matrix[which(years <= t),which(years <= t)]
>   
>   net.t <- network(AM) 
>   
>   #calculate outdegree
>   o.degree<- rowSums(AM)
>   
>   # fix the outdegrees of time t as 0
>   last.t<- which(years==t)
>   
>   o.degree[last.t]<- 0
>   
>   # indicate outdegree and term as a node attribute
>   net.t <- set.vertex.attribute(net.t,"o.degree", o.degree)
>   net.t <- set.vertex.attribute(net.t,"term", years)
> 
> 
>    # subset MQ matrix
>   mq.t <- mq.matrix[which(years <= t),which(years <= t)]
>   # subset same issue matrix
>   same.issue.area.t <- same.issue.area[which(years <= t),which(years <= t)]
>   # subset year diff matrix
>   year.diff.t <- year.diff.matrix[which(years <= t),which(years <= t)]
>   # subset year diff matrix square
>   year.diff.square.t <- year.diff.t^2
>   # subset sender time matrix
>   sender.time.t <- sender.time[which(years <= t),which(years <= t)]
>   # subset unique dyad id matrix
>   #dyad.id.t <- dyad.id[which(years <= t),which(years <= t)]
>   # subset year matrix
>   year.t<- year[which(years <= t),which(years <= t)]
>   # subset same opinion writer matrix
>   same.opinion.writer.t<- same.opinion.writer[which(years <= t),which(years <= t)]
>   
>   #### set vertex attributes
>   # same issue area
>   net.t <- set.vertex.attribute(net.t,"SameIssueArea", scc1[which(years <= t),41])
>   # abs diff of MQ score
>   net.t <- set.vertex.attribute(net.t,"AbsDiffMQscores", scc1[which(years <= t),65])
>   # number justices that voted for the case
>   net.t <- set.vertex.attribute(net.t,"NumberJusticesPro", scc1[which(years <= t),52])
>   # overruled covariate
>   net.t <- set.vertex.attribute(net.t,"Overruled", Overruled.matrix[which(years <= t),idt])
>   # sender time
>   net.t <- set.vertex.attribute(net.t,"sender.time", sender.time.t[,1])
>   # Majority Opinion Writer
>   net.t <- set.vertex.attribute(net.t,"MajOpWriter", scc1[which(years <= t),49])
> 
>   
>   not.fixed <- network(1*(sender.time == t))
>   
>   
>   # fitting glm
>   model <- ergm(net.t~edges+ mutual + nodeicov("o.degree")+ difftransties("term")+gwidegree(1, fixed=TRUE)+ dgwesp(0.15, fixed=TRUE, type="OSP") +
+                 edgecov(mq.t)+
+                 edgecov(year.diff.t)+ edgecov(year.diff.square.t )+ 
+                 nodeicov('AbsDiffMQscores')+ nodeicov('NumberJusticesPro')+ 
+                 nodeicov('Overruled')+
+                 edgecov(same.opinion.writer.t)  + edgecov(same.issue.area.t),
+                 constraints=~fixallbut(not.fixed), control=control.ergm(MCMC.samplesize=10000,MCMLE.maxit=50), eval.loglik=FALSE) #
>   summary(model) 

==========================
Summary of model fit
==========================

Formula:   net.t ~ edges + mutual + nodeicov("o.degree") + difftransties("term") + 
    gwidegree(1, fixed = TRUE) + dgwesp(0.15, fixed = TRUE, type = "OSP") + 
    edgecov(mq.t) + edgecov(year.diff.t) + edgecov(year.diff.square.t) + 
    nodeicov("AbsDiffMQscores") + nodeicov("NumberJusticesPro") + 
    nodeicov("Overruled") + edgecov(same.opinion.writer.t) + 
    edgecov(same.issue.area.t)

Iterations:  14 out of 50 

Monte Carlo MLE Results:
                                Estimate Std. Error MCMC % z value Pr(>|z|)    
edges                         -7.398e+00  1.689e-01      0 -43.789  < 1e-04 ***
mutual                        -1.175e+01         NA     NA      NA       NA    
nodeicov.o.degree             -2.366e-02  2.220e-03      0 -10.657  < 1e-04 ***
difftransties.term             2.225e+00  7.763e-02      0  28.665  < 1e-04 ***
gwideg.fixed.1                -2.804e-01  1.030e-01      0  -2.722  0.00649 ** 
gwesp.OSP.fixed.0.15           2.530e+00  6.299e-02      0  40.172  < 1e-04 ***
edgecov.mq.t                   4.878e-02  2.313e-02      0   2.109  0.03494 *  
edgecov.year.diff.t           -4.999e-02  1.025e-02      0  -4.876  < 1e-04 ***
edgecov.year.diff.square.t     5.022e-04  2.812e-04      0   1.786  0.07410 .  
nodeicov.AbsDiffMQscores       2.600e-02  1.162e-02      0   2.238  0.02525 *  
nodeicov.NumberJusticesPro     2.715e-02  1.998e-02      0   1.359  0.17421    
nodeicov.Overruled            -1.458e+00  2.491e-01      0  -5.853  < 1e-04 ***
edgecov.same.opinion.writer.t  5.337e-01  8.827e-02      0   6.046  < 1e-04 ***
edgecov.same.issue.area.t      6.499e-01  3.180e-02      0  20.434  < 1e-04 ***
---
Signif. codes:  0 '***' 0.001 '**' 0.01 '*' 0.05 '.' 0.1 ' ' 1

Log-likelihood was not estimated for this fit.
To get deviances, AIC, and/or BIC from fit `model` run 
  > model<-logLik(model, add=TRUE)
to add it to the object or rerun this function with eval.loglik=TRUE.
>   
> 
>   # get statistics
>   erg.est <- summary(net.t~edges+ mutual + nodeicov("o.degree")+ difftransties("term")+gwidegree(1, fixed=TRUE)+ 
+                 dgwesp(0.15, fixed=TRUE, type="OSP") +
+                 edgecov(mq.t)+
+                 edgecov(year.diff.t)+ edgecov(year.diff.square.t )+ nodeicov('AbsDiffMQscores')+ nodeicov('NumberJusticesPro')+ 
+                 nodeicov('Overruled')+edgecov(same.opinion.writer.t) + nodeifactor('MajOpWriter')+ edgecov(same.issue.area.t)  )
>   erg.est
                        edges                        mutual 
                    30032.000                        11.000 
            nodeicov.o.degree            difftransties.term 
                   287297.000                     15447.000 
               gwideg.fixed.1          gwesp.OSP.fixed.0.15 
                     8117.513                     18386.975 
                 edgecov.mq.t           edgecov.year.diff.t 
                    28698.108                    257328.000 
   edgecov.year.diff.square.t      nodeicov.AbsDiffMQscores 
                  3998728.000                    141963.768 
   nodeicov.NumberJusticesPro            nodeicov.Overruled 
                   207970.000                       702.000 
edgecov.same.opinion.writer.t    nodeifactor.MajOpWriter.68 
                     3031.000                       289.000 
   nodeifactor.MajOpWriter.71    nodeifactor.MajOpWriter.72 
                       46.000                       156.000 
   nodeifactor.MajOpWriter.74    nodeifactor.MajOpWriter.75 
                     2111.000                       884.000 
   nodeifactor.MajOpWriter.76    nodeifactor.MajOpWriter.77 
                     1172.000                       103.000 
   nodeifactor.MajOpWriter.78    nodeifactor.MajOpWriter.79 
                     3653.000                      1935.000 
   nodeifactor.MajOpWriter.80    nodeifactor.MajOpWriter.81 
                     2756.000                      3587.000 
   nodeifactor.MajOpWriter.82    nodeifactor.MajOpWriter.83 
                      885.000                       123.000 
   nodeifactor.MajOpWriter.84    nodeifactor.MajOpWriter.85 
                     1235.000                       636.000 
   nodeifactor.MajOpWriter.86    nodeifactor.MajOpWriter.87 
                      565.000                       701.000 
   nodeifactor.MajOpWriter.88    nodeifactor.MajOpWriter.89 
                     1179.000                       318.000 
   nodeifactor.MajOpWriter.90    nodeifactor.MajOpWriter.91 
                     1386.000                       859.000 
   nodeifactor.MajOpWriter.92    nodeifactor.MajOpWriter.93 
                     1605.000                       199.000 
   nodeifactor.MajOpWriter.94    nodeifactor.MajOpWriter.95 
                      916.000                       492.000 
   nodeifactor.MajOpWriter.96    nodeifactor.MajOpWriter.97 
                      274.000                       125.000 
   nodeifactor.MajOpWriter.98    nodeifactor.MajOpWriter.99 
                      120.000                        61.000 
  nodeifactor.MajOpWriter.100   nodeifactor.MajOpWriter.101 
                       18.000                         5.000 
  nodeifactor.MajOpWriter.102     edgecov.same.issue.area.t 
                        2.000                     17628.000 
>   
> 
>    li71<- list(coef(model),  coef(summary(model))[,5], coef(summary(model))[,2] ) 
>    names(li71)<- c("Coefficients", "P-values", "StdErrors")
> 
>   save(li71,file="1971_1.RData")
> 
> 
> 
> 
