
R version 3.5.2 (2018-12-20) -- "Eggshell Igloo"
Copyright (C) 2018 The R Foundation for Statistical Computing
Platform: x86_64-redhat-linux-gnu (64-bit)

R is free software and comes with ABSOLUTELY NO WARRANTY.
You are welcome to redistribute it under certain conditions.
Type 'license()' or 'licence()' for distribution details.

R is a collaborative project with many contributors.
Type 'contributors()' for more information and
'citation()' on how to cite R or R packages in publications.

Type 'demo()' for some demos, 'help()' for on-line help, or
'help.start()' for an HTML browser interface to help.
Type 'q()' to quit R.

> 
> # get data
> load(file="ERCM_MPLE_cl.RData")
> 
> # install.packages("statnet", Sys.getenv("R_LIBS_USER"), repos = "http://cran.case.edu" )
> library(statnet)
> library(MLmetrics)
> library(xtable)
> library(tc.ergmterms)
> 
> # there are cases in 1962 marked as 1963 and in 1971 marked as 1972
> scc1[3364,11] <- 1962
> scc1[4648,11] <- 1971
> 
> 
> year.total <- scc1[,11]-1936 #-1936 => the first year 1937 is 1, 1938 is 2 aso, term column 
> 
> set.seed(12123)
> #sampled.years <- c(14, 24, 34, 44, 54, 64, 74)
> 
> t<- 40
>   print(t+1936)
[1] 1976
> tt<- t+1936
>   rowlasttt <- max(which(scc1[,11] == tt))
>   idt <- scc1[rowlasttt, 55]  
> 
>   
>   cases <- max(which(year.total==t)) # 14 corresponds to 1950
>   
>   # simple assignment of time periods to cases
>   years <- year.total[1:cases] 
>   
>   # going to need a sender time matrix covariate
>   sender.time <- matrix(years,length(years),length(years),byrow=F)
>   year <- matrix(years, length(years),length(years),byrow=F)
>   
>    # extract the network up to time t
>   AM <- adjacency.matrix[which(years <= t),which(years <= t)]
>   
>   net.t <- network(AM) 
>   
>   #calculate outdegree
>   o.degree<- rowSums(AM)
>   
>   # fix the outdegrees of time t as 0
>   last.t<- which(years==t)
>   
>   o.degree[last.t]<- 0
>   
>   # indicate outdegree and term as a node attribute
>   net.t <- set.vertex.attribute(net.t,"o.degree", o.degree)
>   net.t <- set.vertex.attribute(net.t,"term", years)
> 
> 
>    # subset MQ matrix
>   mq.t <- mq.matrix[which(years <= t),which(years <= t)]
>   # subset same issue matrix
>   same.issue.area.t <- same.issue.area[which(years <= t),which(years <= t)]
>   # subset year diff matrix
>   year.diff.t <- year.diff.matrix[which(years <= t),which(years <= t)]
>   # subset year diff matrix square
>   year.diff.square.t <- year.diff.t^2
>   # subset sender time matrix
>   sender.time.t <- sender.time[which(years <= t),which(years <= t)]
>   # subset unique dyad id matrix
>   #dyad.id.t <- dyad.id[which(years <= t),which(years <= t)]
>   # subset year matrix
>   year.t<- year[which(years <= t),which(years <= t)]
>   # subset same opinion writer matrix
>   same.opinion.writer.t<- same.opinion.writer[which(years <= t),which(years <= t)]
>   
>   #### set vertex attributes
>   # same issue area
>   net.t <- set.vertex.attribute(net.t,"SameIssueArea", scc1[which(years <= t),41])
>   # abs diff of MQ score
>   net.t <- set.vertex.attribute(net.t,"AbsDiffMQscores", scc1[which(years <= t),65])
>   # number justices that voted for the case
>   net.t <- set.vertex.attribute(net.t,"NumberJusticesPro", scc1[which(years <= t),52])
>   # overruled covariate
>   net.t <- set.vertex.attribute(net.t,"Overruled", Overruled.matrix[which(years <= t),idt])
>   # sender time
>   net.t <- set.vertex.attribute(net.t,"sender.time", sender.time.t[,1])
>   # Majority Opinion Writer
>   net.t <- set.vertex.attribute(net.t,"MajOpWriter", scc1[which(years <= t),49])
> 
>   
>   not.fixed <- network(1*(sender.time == t))
>   
>   load(file="1976_1.RData")
> 
>   li <- li76[[1]]
> 
> 
>   
>   # fitting glm
>   model <- ergm(net.t~edges+ mutual + nodeicov("o.degree")+ difftransties("term")+gwidegree(1, fixed=TRUE)+ dgwesp(0.15, fixed=TRUE, type="OSP") +
+                 edgecov(mq.t)+
+                 edgecov(year.diff.t)+ edgecov(year.diff.square.t )+ 
+                 nodeicov('AbsDiffMQscores')+ nodeicov('NumberJusticesPro')+ 
+                 nodeicov('Overruled')+
+                 edgecov(same.opinion.writer.t)  + edgecov(same.issue.area.t),
+                 constraints=~fixallbut(not.fixed), control=control.ergm(MCMC.samplesize=10000,MCMLE.maxit=50, init=li)) #
>   summary(model)

==========================
Summary of model fit
==========================

Formula:   net.t ~ edges + mutual + nodeicov("o.degree") + difftransties("term") + 
    gwidegree(1, fixed = TRUE) + dgwesp(0.15, fixed = TRUE, type = "OSP") + 
    edgecov(mq.t) + edgecov(year.diff.t) + edgecov(year.diff.square.t) + 
    nodeicov("AbsDiffMQscores") + nodeicov("NumberJusticesPro") + 
    nodeicov("Overruled") + edgecov(same.opinion.writer.t) + 
    edgecov(same.issue.area.t)

Iterations:  12 out of 50 

Monte Carlo MLE Results:
                                Estimate Std. Error MCMC % z value Pr(>|z|)    
edges                          -6.287926   0.125806      0 -49.981  < 1e-04 ***
mutual                        -17.317513         NA     NA      NA       NA    
nodeicov.o.degree              -0.025919   0.001673      0 -15.491  < 1e-04 ***
difftransties.term              2.260203   0.065547      0  34.482  < 1e-04 ***
gwideg.fixed.1                 -0.372617   0.096627      0  -3.856 0.000115 ***
gwesp.OSP.fixed.0.15            2.588680   0.056695      0  45.660  < 1e-04 ***
edgecov.mq.t                   -0.297055   0.041369      0  -7.181  < 1e-04 ***
edgecov.year.diff.t            -0.114650   0.007118      0 -16.108  < 1e-04 ***
edgecov.year.diff.square.t      0.002128   0.000184      0  11.562  < 1e-04 ***
nodeicov.AbsDiffMQscores        0.012033   0.009939      0   1.211 0.226007    
nodeicov.NumberJusticesPro     -0.047068   0.017697      0  -2.660 0.007820 ** 
nodeicov.Overruled             -0.863054   0.169751      0  -5.084  < 1e-04 ***
edgecov.same.opinion.writer.t   0.605638   0.071440      0   8.478  < 1e-04 ***
edgecov.same.issue.area.t       0.613650   0.031389      0  19.550  < 1e-04 ***
---
Signif. codes:  0 '***' 0.001 '**' 0.01 '*' 0.05 '.' 0.1 ' ' 1

     Null Deviance: 1403766  on 1012603  degrees of freedom
 Residual Deviance:   21322  on 1012589  degrees of freedom
 
AIC: 21350    BIC: 21516    (Smaller is better.) 
>   aicm<- AIC(model)
>   bicm <- BIC(model)
> 
>   # get statistics
>   erg.est <- summary(net.t~edges+ mutual + nodeicov("o.degree")+ difftransties("term")+gwidegree(1, fixed=TRUE)+ 
+                 dgwesp(0.15, fixed=TRUE, type="OSP") +
+                 edgecov(mq.t)+
+                 edgecov(year.diff.t)+ edgecov(year.diff.square.t )+ nodeicov('AbsDiffMQscores')+ nodeicov('NumberJusticesPro')+ 
+                 nodeicov('Overruled')+edgecov(same.opinion.writer.t) + nodeifactor('MajOpWriter')+ edgecov(same.issue.area.t)  )
>   erg.est
                        edges                        mutual 
                     41460.00                         13.00 
            nodeicov.o.degree            difftransties.term 
                    476401.00                      22721.00 
               gwideg.fixed.1          gwesp.OSP.fixed.0.15 
                     10107.91                      26954.05 
                 edgecov.mq.t           edgecov.year.diff.t 
                     41047.41                     391181.00 
   edgecov.year.diff.square.t      nodeicov.AbsDiffMQscores 
                   6842641.00                     211333.28 
   nodeicov.NumberJusticesPro            nodeicov.Overruled 
                    285977.00                       1042.00 
edgecov.same.opinion.writer.t    nodeifactor.MajOpWriter.68 
                      3730.00                        317.00 
   nodeifactor.MajOpWriter.71    nodeifactor.MajOpWriter.72 
                        50.00                        171.00 
   nodeifactor.MajOpWriter.74    nodeifactor.MajOpWriter.75 
                      2299.00                        974.00 
   nodeifactor.MajOpWriter.76    nodeifactor.MajOpWriter.77 
                      1299.00                        116.00 
   nodeifactor.MajOpWriter.78    nodeifactor.MajOpWriter.79 
                      4549.00                       2217.00 
   nodeifactor.MajOpWriter.80    nodeifactor.MajOpWriter.81 
                      3228.00                       4592.00 
   nodeifactor.MajOpWriter.82    nodeifactor.MajOpWriter.83 
                      1047.00                        130.00 
   nodeifactor.MajOpWriter.84    nodeifactor.MajOpWriter.85 
                      1447.00                        733.00 
   nodeifactor.MajOpWriter.86    nodeifactor.MajOpWriter.87 
                       657.00                        829.00 
   nodeifactor.MajOpWriter.88    nodeifactor.MajOpWriter.89 
                      1481.00                        362.00 
   nodeifactor.MajOpWriter.90    nodeifactor.MajOpWriter.91 
                      2070.00                       1318.00 
   nodeifactor.MajOpWriter.92    nodeifactor.MajOpWriter.93 
                      2854.00                        255.00 
   nodeifactor.MajOpWriter.94    nodeifactor.MajOpWriter.95 
                      1964.00                       1323.00 
   nodeifactor.MajOpWriter.96    nodeifactor.MajOpWriter.97 
                       394.00                        258.00 
   nodeifactor.MajOpWriter.98    nodeifactor.MajOpWriter.99 
                       502.00                        512.00 
  nodeifactor.MajOpWriter.100   nodeifactor.MajOpWriter.101 
                       322.00                        426.00 
  nodeifactor.MajOpWriter.102   nodeifactor.MajOpWriter.103 
                       356.00                         38.00 
    edgecov.same.issue.area.t 
                     24376.00 
>    
>   
>    
>    #############################################
>    # Independence model
>    #############################################
>    ind <- ergm(net.t~edges+ 
+                 edgecov(mq.t)+
+                 edgecov(year.diff.t)+ edgecov(year.diff.square.t )+ 
+                 nodeicov('AbsDiffMQscores')+ nodeicov('NumberJusticesPro')+ 
+                 nodeicov('Overruled')+
+                 edgecov(same.opinion.writer.t)  + edgecov(same.issue.area.t),
+                 constraints=~fixallbut(not.fixed), estimate="MLE") #
>     
>   summary(ind)   

==========================
Summary of model fit
==========================

Formula:   net.t ~ edges + edgecov(mq.t) + edgecov(year.diff.t) + edgecov(year.diff.square.t) + 
    nodeicov("AbsDiffMQscores") + nodeicov("NumberJusticesPro") + 
    nodeicov("Overruled") + edgecov(same.opinion.writer.t) + 
    edgecov(same.issue.area.t)

Iterations:  7 out of 20 

Monte Carlo MLE Results:
                                Estimate Std. Error MCMC % z value Pr(>|z|)    
edges                         -5.0107191  0.1148443      0 -43.631   <1e-04 ***
edgecov.mq.t                   0.0124633  0.0403526      0   0.309   0.7574    
edgecov.year.diff.t           -0.1068490  0.0073325      0 -14.572   <1e-04 ***
edgecov.year.diff.square.t     0.0016804  0.0001973      0   8.516   <1e-04 ***
nodeicov.AbsDiffMQscores       0.0249912  0.0096760      0   2.583   0.0098 ** 
nodeicov.NumberJusticesPro    -0.1407104  0.0181312      0  -7.761   <1e-04 ***
nodeicov.Overruled             0.2821601  0.1822310      0   1.548   0.1215    
edgecov.same.opinion.writer.t  0.9652148  0.0797082      0  12.109   <1e-04 ***
edgecov.same.issue.area.t      2.1170372  0.0421987      0  50.168   <1e-04 ***
---
Signif. codes:  0 '***' 0.001 '**' 0.01 '*' 0.05 '.' 0.1 ' ' 1

     Null Deviance: 1403766  on 1012603  degrees of freedom
 Residual Deviance:   29271  on 1012594  degrees of freedom
 
AIC: 29289    BIC: 29395    (Smaller is better.) 
>   aici<- AIC(ind)
>   bici <- BIC(ind)
> 
>    
> 
>    li76<- list(coef(model),  coef(summary(model))[,5], coef(summary(model))[,2], aicm, bicm,
+                coef(ind),  coef(summary(ind))[,5], coef(summary(ind))[,2], aici, bici ) 
>    names(li76)<- c("Coefficients", "P-values", "StdErrors", "AICm", "BICm",
+                    "CoefficientsI", "P-valuesI", "StdErrorsI", "AICi", "BICi")
> 
>   save(li76,file="1976_2.RData")
> 
> 
> 
> 
