
R version 3.5.2 (2018-12-20) -- "Eggshell Igloo"
Copyright (C) 2018 The R Foundation for Statistical Computing
Platform: x86_64-redhat-linux-gnu (64-bit)

R is free software and comes with ABSOLUTELY NO WARRANTY.
You are welcome to redistribute it under certain conditions.
Type 'license()' or 'licence()' for distribution details.

R is a collaborative project with many contributors.
Type 'contributors()' for more information and
'citation()' on how to cite R or R packages in publications.

Type 'demo()' for some demos, 'help()' for on-line help, or
'help.start()' for an HTML browser interface to help.
Type 'q()' to quit R.

> 
> # get data
> load(file="ERCM_MPLE_cl.RData")
> 
> # install.packages("statnet", Sys.getenv("R_LIBS_USER"), repos = "http://cran.case.edu" )
> library(statnet)
> library(MLmetrics)
> library(xtable)
> library(tc.ergmterms)
> 
> # there are cases in 1962 marked as 1963 and in 1971 marked as 1972
> scc1[3364,11] <- 1962
> scc1[4648,11] <- 1971
> 
> 
> year.total <- scc1[,11]-1936 #-1936 => the first year 1937 is 1, 1938 is 2 aso, term column 
> 
> set.seed(12123)
> #sampled.years <- c(14, 24, 34, 44, 54, 64, 74)
> 
> t<- 41
>   print(t+1936)
[1] 1977
> tt<- t+1936
>   rowlasttt <- max(which(scc1[,11] == tt))
>   idt <- scc1[rowlasttt, 55]  
> 
>   
>   cases <- max(which(year.total==t)) # 14 corresponds to 1950
>   
>   # simple assignment of time periods to cases
>   years <- year.total[1:cases] 
>   
>   # going to need a sender time matrix covariate
>   sender.time <- matrix(years,length(years),length(years),byrow=F)
>   year <- matrix(years, length(years),length(years),byrow=F)
>   
>    # extract the network up to time t
>   AM <- adjacency.matrix[which(years <= t),which(years <= t)]
>   
>   net.t <- network(AM) 
>   
>   #calculate outdegree
>   o.degree<- rowSums(AM)
>   
>   # fix the outdegrees of time t as 0
>   last.t<- which(years==t)
>   
>   o.degree[last.t]<- 0
>   
>   # indicate outdegree and term as a node attribute
>   net.t <- set.vertex.attribute(net.t,"o.degree", o.degree)
>   net.t <- set.vertex.attribute(net.t,"term", years)
> 
> 
>    # subset MQ matrix
>   mq.t <- mq.matrix[which(years <= t),which(years <= t)]
>   # subset same issue matrix
>   same.issue.area.t <- same.issue.area[which(years <= t),which(years <= t)]
>   # subset year diff matrix
>   year.diff.t <- year.diff.matrix[which(years <= t),which(years <= t)]
>   # subset year diff matrix square
>   year.diff.square.t <- year.diff.t^2
>   # subset sender time matrix
>   sender.time.t <- sender.time[which(years <= t),which(years <= t)]
>   # subset unique dyad id matrix
>   #dyad.id.t <- dyad.id[which(years <= t),which(years <= t)]
>   # subset year matrix
>   year.t<- year[which(years <= t),which(years <= t)]
>   # subset same opinion writer matrix
>   same.opinion.writer.t<- same.opinion.writer[which(years <= t),which(years <= t)]
>   
>   #### set vertex attributes
>   # same issue area
>   net.t <- set.vertex.attribute(net.t,"SameIssueArea", scc1[which(years <= t),41])
>   # abs diff of MQ score
>   net.t <- set.vertex.attribute(net.t,"AbsDiffMQscores", scc1[which(years <= t),65])
>   # number justices that voted for the case
>   net.t <- set.vertex.attribute(net.t,"NumberJusticesPro", scc1[which(years <= t),52])
>   # overruled covariate
>   net.t <- set.vertex.attribute(net.t,"Overruled", Overruled.matrix[which(years <= t),idt])
>   # sender time
>   net.t <- set.vertex.attribute(net.t,"sender.time", sender.time.t[,1])
>   # Majority Opinion Writer
>   net.t <- set.vertex.attribute(net.t,"MajOpWriter", scc1[which(years <= t),49])
> 
>   
>   not.fixed <- network(1*(sender.time == t))
>   
>   
>   # fitting glm
>   model <- ergm(net.t~edges+ mutual + nodeicov("o.degree")+ difftransties("term")+gwidegree(1, fixed=TRUE)+ dgwesp(0.15, fixed=TRUE, type="OSP") +
+                 edgecov(mq.t)+
+                 edgecov(year.diff.t)+ edgecov(year.diff.square.t )+ 
+                 nodeicov('AbsDiffMQscores')+ nodeicov('NumberJusticesPro')+ 
+                 nodeicov('Overruled')+
+                 edgecov(same.opinion.writer.t)  + edgecov(same.issue.area.t),
+                 constraints=~fixallbut(not.fixed), control=control.ergm(MCMC.samplesize=10000,MCMLE.maxit=50), eval.loglik=FALSE) #
>   summary(model) 

==========================
Summary of model fit
==========================

Formula:   net.t ~ edges + mutual + nodeicov("o.degree") + difftransties("term") + 
    gwidegree(1, fixed = TRUE) + dgwesp(0.15, fixed = TRUE, type = "OSP") + 
    edgecov(mq.t) + edgecov(year.diff.t) + edgecov(year.diff.square.t) + 
    nodeicov("AbsDiffMQscores") + nodeicov("NumberJusticesPro") + 
    nodeicov("Overruled") + edgecov(same.opinion.writer.t) + 
    edgecov(same.issue.area.t)

Iterations:  22 out of 50 

Monte Carlo MLE Results:
                                Estimate Std. Error MCMC % z value Pr(>|z|)    
edges                         -6.848e+00  1.489e-01      0 -45.989  < 1e-04 ***
mutual                        -1.182e+01         NA     NA      NA       NA    
nodeicov.o.degree             -2.942e-02  1.742e-03      0 -16.883  < 1e-04 ***
difftransties.term             2.436e+00  7.572e-02      0  32.163  < 1e-04 ***
gwideg.fixed.1                -1.267e-01  1.057e-01      0  -1.198 0.230815    
gwesp.OSP.fixed.0.15           2.508e+00  6.106e-02      0  41.072  < 1e-04 ***
edgecov.mq.t                  -1.903e-01  4.983e-02      0  -3.819 0.000134 ***
edgecov.year.diff.t           -8.576e-02  6.995e-03      0 -12.259  < 1e-04 ***
edgecov.year.diff.square.t     1.468e-03  1.828e-04      0   8.030  < 1e-04 ***
nodeicov.AbsDiffMQscores      -4.264e-03  9.848e-03      0  -0.433 0.665039    
nodeicov.NumberJusticesPro     4.179e-03  1.928e-02      0   0.217 0.828416    
nodeicov.Overruled            -5.110e-01  1.551e-01      0  -3.294 0.000987 ***
edgecov.same.opinion.writer.t  5.315e-01  7.955e-02      0   6.682  < 1e-04 ***
edgecov.same.issue.area.t      6.872e-01  3.566e-02      0  19.270  < 1e-04 ***
---
Signif. codes:  0 '***' 0.001 '**' 0.01 '*' 0.05 '.' 0.1 ' ' 1

Log-likelihood was not estimated for this fit.
To get deviances, AIC, and/or BIC from fit `model` run 
  > model<-logLik(model, add=TRUE)
to add it to the object or rerun this function with eval.loglik=TRUE.
>   
> 
>   # get statistics
>   erg.est <- summary(net.t~edges+ mutual + nodeicov("o.degree")+ difftransties("term")+gwidegree(1, fixed=TRUE)+ 
+                 dgwesp(0.15, fixed=TRUE, type="OSP") +
+                 edgecov(mq.t)+
+                 edgecov(year.diff.t)+ edgecov(year.diff.square.t )+ nodeicov('AbsDiffMQscores')+ nodeicov('NumberJusticesPro')+ 
+                 nodeicov('Overruled')+edgecov(same.opinion.writer.t) + nodeifactor('MajOpWriter')+ edgecov(same.issue.area.t)  )
>   erg.est
                        edges                        mutual 
                     43704.00                         13.00 
            nodeicov.o.degree            difftransties.term 
                    514239.00                      24188.00 
               gwideg.fixed.1          gwesp.OSP.fixed.0.15 
                     10488.76                      28664.62 
                 edgecov.mq.t           edgecov.year.diff.t 
                     42703.69                     420233.00 
   edgecov.year.diff.square.t      nodeicov.AbsDiffMQscores 
                   7517019.00                     224683.26 
   nodeicov.NumberJusticesPro            nodeicov.Overruled 
                    301335.00                       1230.00 
edgecov.same.opinion.writer.t    nodeifactor.MajOpWriter.68 
                      3917.00                        320.00 
   nodeifactor.MajOpWriter.71    nodeifactor.MajOpWriter.72 
                        51.00                        173.00 
   nodeifactor.MajOpWriter.74    nodeifactor.MajOpWriter.75 
                      2345.00                        987.00 
   nodeifactor.MajOpWriter.76    nodeifactor.MajOpWriter.77 
                      1319.00                        116.00 
   nodeifactor.MajOpWriter.78    nodeifactor.MajOpWriter.79 
                      4699.00                       2281.00 
   nodeifactor.MajOpWriter.80    nodeifactor.MajOpWriter.81 
                      3315.00                       4740.00 
   nodeifactor.MajOpWriter.82    nodeifactor.MajOpWriter.83 
                      1066.00                        134.00 
   nodeifactor.MajOpWriter.84    nodeifactor.MajOpWriter.85 
                      1494.00                        751.00 
   nodeifactor.MajOpWriter.86    nodeifactor.MajOpWriter.87 
                       679.00                        851.00 
   nodeifactor.MajOpWriter.88    nodeifactor.MajOpWriter.89 
                      1540.00                        368.00 
   nodeifactor.MajOpWriter.90    nodeifactor.MajOpWriter.91 
                      2176.00                       1387.00 
   nodeifactor.MajOpWriter.92    nodeifactor.MajOpWriter.93 
                      3084.00                        264.00 
   nodeifactor.MajOpWriter.94    nodeifactor.MajOpWriter.95 
                      2168.00                       1489.00 
   nodeifactor.MajOpWriter.96    nodeifactor.MajOpWriter.97 
                       408.00                        279.00 
   nodeifactor.MajOpWriter.98    nodeifactor.MajOpWriter.99 
                       603.00                        645.00 
  nodeifactor.MajOpWriter.100   nodeifactor.MajOpWriter.101 
                       421.00                        537.00 
  nodeifactor.MajOpWriter.102   nodeifactor.MajOpWriter.103 
                       467.00                         69.00 
    edgecov.same.issue.area.t 
                     25762.00 
>   
> 
>    li77<- list(coef(model),  coef(summary(model))[,5], coef(summary(model))[,2] ) 
>    names(li77)<- c("Coefficients", "P-values", "StdErrors")
> 
>   save(li77,file="1977_1.RData")
> 
> 
> 
> 
