
R version 3.5.2 (2018-12-20) -- "Eggshell Igloo"
Copyright (C) 2018 The R Foundation for Statistical Computing
Platform: x86_64-redhat-linux-gnu (64-bit)

R is free software and comes with ABSOLUTELY NO WARRANTY.
You are welcome to redistribute it under certain conditions.
Type 'license()' or 'licence()' for distribution details.

R is a collaborative project with many contributors.
Type 'contributors()' for more information and
'citation()' on how to cite R or R packages in publications.

Type 'demo()' for some demos, 'help()' for on-line help, or
'help.start()' for an HTML browser interface to help.
Type 'q()' to quit R.

> 
> # get data
> load(file="ERCM_MPLE_cl.RData")
> 
> # install.packages("statnet", Sys.getenv("R_LIBS_USER"), repos = "http://cran.case.edu" )
> library(statnet)
> library(MLmetrics)
> library(xtable)
> library(tc.ergmterms)
> 
> # there are cases in 1962 marked as 1963 and in 1971 marked as 1972
> scc1[3364,11] <- 1962
> scc1[4648,11] <- 1971
> 
> 
> year.total <- scc1[,11]-1936 #-1936 => the first year 1937 is 1, 1938 is 2 aso, term column 
> 
> set.seed(12123)
> #sampled.years <- c(14, 24, 34, 44, 54, 64, 74)
> 
> t<- 42
>   print(t+1936)
[1] 1978
> tt<- t+1936
>   rowlasttt <- max(which(scc1[,11] == tt))
>   idt <- scc1[rowlasttt, 55]  
> 
>   
>   cases <- max(which(year.total==t)) # 14 corresponds to 1950
>   
>   # simple assignment of time periods to cases
>   years <- year.total[1:cases] 
>   
>   # going to need a sender time matrix covariate
>   sender.time <- matrix(years,length(years),length(years),byrow=F)
>   year <- matrix(years, length(years),length(years),byrow=F)
>   
>    # extract the network up to time t
>   AM <- adjacency.matrix[which(years <= t),which(years <= t)]
>   
>   net.t <- network(AM) 
>   
>   #calculate outdegree
>   o.degree<- rowSums(AM)
>   
>   # fix the outdegrees of time t as 0
>   last.t<- which(years==t)
>   
>   o.degree[last.t]<- 0
>   
>   # indicate outdegree and term as a node attribute
>   net.t <- set.vertex.attribute(net.t,"o.degree", o.degree)
>   net.t <- set.vertex.attribute(net.t,"term", years)
> 
> 
>    # subset MQ matrix
>   mq.t <- mq.matrix[which(years <= t),which(years <= t)]
>   # subset same issue matrix
>   same.issue.area.t <- same.issue.area[which(years <= t),which(years <= t)]
>   # subset year diff matrix
>   year.diff.t <- year.diff.matrix[which(years <= t),which(years <= t)]
>   # subset year diff matrix square
>   year.diff.square.t <- year.diff.t^2
>   # subset sender time matrix
>   sender.time.t <- sender.time[which(years <= t),which(years <= t)]
>   # subset unique dyad id matrix
>   #dyad.id.t <- dyad.id[which(years <= t),which(years <= t)]
>   # subset year matrix
>   year.t<- year[which(years <= t),which(years <= t)]
>   # subset same opinion writer matrix
>   same.opinion.writer.t<- same.opinion.writer[which(years <= t),which(years <= t)]
>   
>   #### set vertex attributes
>   # same issue area
>   net.t <- set.vertex.attribute(net.t,"SameIssueArea", scc1[which(years <= t),41])
>   # abs diff of MQ score
>   net.t <- set.vertex.attribute(net.t,"AbsDiffMQscores", scc1[which(years <= t),65])
>   # number justices that voted for the case
>   net.t <- set.vertex.attribute(net.t,"NumberJusticesPro", scc1[which(years <= t),52])
>   # overruled covariate
>   net.t <- set.vertex.attribute(net.t,"Overruled", Overruled.matrix[which(years <= t),idt])
>   # sender time
>   net.t <- set.vertex.attribute(net.t,"sender.time", sender.time.t[,1])
>   # Majority Opinion Writer
>   net.t <- set.vertex.attribute(net.t,"MajOpWriter", scc1[which(years <= t),49])
> 
>   
>   not.fixed <- network(1*(sender.time == t))
>   
>   load(file="1978_1.RData")
> 
>   li <- li78[[1]]
> 
> 
>   
>   # fitting glm
>   model <- ergm(net.t~edges+ mutual + nodeicov("o.degree")+ difftransties("term")+gwidegree(1, fixed=TRUE)+ dgwesp(0.15, fixed=TRUE, type="OSP") +
+                 edgecov(mq.t)+
+                 edgecov(year.diff.t)+ edgecov(year.diff.square.t )+ 
+                 nodeicov('AbsDiffMQscores')+ nodeicov('NumberJusticesPro')+ 
+                 nodeicov('Overruled')+
+                 edgecov(same.opinion.writer.t)  + edgecov(same.issue.area.t),
+                 constraints=~fixallbut(not.fixed), control=control.ergm(MCMC.samplesize=10000,MCMLE.maxit=50, init=li)) #
>   summary(model)

==========================
Summary of model fit
==========================

Formula:   net.t ~ edges + mutual + nodeicov("o.degree") + difftransties("term") + 
    gwidegree(1, fixed = TRUE) + dgwesp(0.15, fixed = TRUE, type = "OSP") + 
    edgecov(mq.t) + edgecov(year.diff.t) + edgecov(year.diff.square.t) + 
    nodeicov("AbsDiffMQscores") + nodeicov("NumberJusticesPro") + 
    nodeicov("Overruled") + edgecov(same.opinion.writer.t) + 
    edgecov(same.issue.area.t)

Iterations:  6 out of 50 

Monte Carlo MLE Results:
                                Estimate Std. Error MCMC % z value Pr(>|z|)    
edges                         -6.7479725  0.1306581      0 -51.646  < 1e-04 ***
mutual                         0.8161032  0.0375927     91  21.709  < 1e-04 ***
nodeicov.o.degree             -0.0294363  0.0015166      0 -19.409  < 1e-04 ***
difftransties.term             2.3686597  0.0624881      0  37.906  < 1e-04 ***
gwideg.fixed.1                -0.4152140  0.1038988      0  -3.996  < 1e-04 ***
gwesp.OSP.fixed.0.15           2.5557031  0.0532411      0  48.002  < 1e-04 ***
edgecov.mq.t                  -0.1264334  0.0426785      0  -2.962  0.00305 ** 
edgecov.year.diff.t           -0.0935115  0.0061831      0 -15.124  < 1e-04 ***
edgecov.year.diff.square.t     0.0014290  0.0001605      0   8.901  < 1e-04 ***
nodeicov.AbsDiffMQscores      -0.0069841  0.0090648      0  -0.770  0.44103    
nodeicov.NumberJusticesPro     0.0204918  0.0166453      0   1.231  0.21829    
nodeicov.Overruled            -0.8732791  0.1790679      0  -4.877  < 1e-04 ***
edgecov.same.opinion.writer.t  0.5478059  0.0669949      0   8.177  < 1e-04 ***
edgecov.same.issue.area.t      0.5384635  0.0302720      0  17.787  < 1e-04 ***
---
Signif. codes:  0 '***' 0.001 '**' 0.01 '*' 0.05 '.' 0.1 ' ' 1

     Null Deviance: 1324632  on 955520  degrees of freedom
 Residual Deviance:   23689  on 955506  degrees of freedom
 
AIC: 23717    BIC: 23882    (Smaller is better.) 
>   aicm<- AIC(model)
>   bicm <- BIC(model)
> 
>   # get statistics
>   erg.est <- summary(net.t~edges+ mutual + nodeicov("o.degree")+ difftransties("term")+gwidegree(1, fixed=TRUE)+ 
+                 dgwesp(0.15, fixed=TRUE, type="OSP") +
+                 edgecov(mq.t)+
+                 edgecov(year.diff.t)+ edgecov(year.diff.square.t )+ nodeicov('AbsDiffMQscores')+ nodeicov('NumberJusticesPro')+ 
+                 nodeicov('Overruled')+edgecov(same.opinion.writer.t) + nodeifactor('MajOpWriter')+ edgecov(same.issue.area.t)  )
>   erg.est
                        edges                        mutual 
                     46380.00                         15.00 
            nodeicov.o.degree            difftransties.term 
                    560481.00                      25962.00 
               gwideg.fixed.1          gwesp.OSP.fixed.0.15 
                     10903.18                      30756.79 
                 edgecov.mq.t           edgecov.year.diff.t 
                     44678.95                     452347.00 
   edgecov.year.diff.square.t      nodeicov.AbsDiffMQscores 
                   8223613.00                     240920.10 
   nodeicov.NumberJusticesPro            nodeicov.Overruled 
                    319738.00                       1267.00 
edgecov.same.opinion.writer.t    nodeifactor.MajOpWriter.68 
                      4164.00                        324.00 
   nodeifactor.MajOpWriter.71    nodeifactor.MajOpWriter.72 
                        51.00                        177.00 
   nodeifactor.MajOpWriter.74    nodeifactor.MajOpWriter.75 
                      2384.00                       1001.00 
   nodeifactor.MajOpWriter.76    nodeifactor.MajOpWriter.77 
                      1332.00                        117.00 
   nodeifactor.MajOpWriter.78    nodeifactor.MajOpWriter.79 
                      4846.00                       2320.00 
   nodeifactor.MajOpWriter.80    nodeifactor.MajOpWriter.81 
                      3400.00                       4897.00 
   nodeifactor.MajOpWriter.82    nodeifactor.MajOpWriter.83 
                      1092.00                        136.00 
   nodeifactor.MajOpWriter.84    nodeifactor.MajOpWriter.85 
                      1532.00                        772.00 
   nodeifactor.MajOpWriter.86    nodeifactor.MajOpWriter.87 
                       700.00                        870.00 
   nodeifactor.MajOpWriter.88    nodeifactor.MajOpWriter.89 
                      1612.00                        380.00 
   nodeifactor.MajOpWriter.90    nodeifactor.MajOpWriter.91 
                      2293.00                       1467.00 
   nodeifactor.MajOpWriter.92    nodeifactor.MajOpWriter.93 
                      3365.00                        272.00 
   nodeifactor.MajOpWriter.94    nodeifactor.MajOpWriter.95 
                      2441.00                       1733.00 
   nodeifactor.MajOpWriter.96    nodeifactor.MajOpWriter.97 
                       423.00                        303.00 
   nodeifactor.MajOpWriter.98    nodeifactor.MajOpWriter.99 
                       716.00                        796.00 
  nodeifactor.MajOpWriter.100   nodeifactor.MajOpWriter.101 
                       540.00                        723.00 
  nodeifactor.MajOpWriter.102   nodeifactor.MajOpWriter.103 
                       615.00                        119.00 
    edgecov.same.issue.area.t 
                     27252.00 
>    
>   
>    
>    #############################################
>    # Independence model
>    #############################################
>    ind <- ergm(net.t~edges+ 
+                 edgecov(mq.t)+
+                 edgecov(year.diff.t)+ edgecov(year.diff.square.t )+ 
+                 nodeicov('AbsDiffMQscores')+ nodeicov('NumberJusticesPro')+ 
+                 nodeicov('Overruled')+
+                 edgecov(same.opinion.writer.t)  + edgecov(same.issue.area.t),
+                 constraints=~fixallbut(not.fixed), estimate="MLE") #
>     
>   summary(ind)   

==========================
Summary of model fit
==========================

Formula:   net.t ~ edges + edgecov(mq.t) + edgecov(year.diff.t) + edgecov(year.diff.square.t) + 
    nodeicov("AbsDiffMQscores") + nodeicov("NumberJusticesPro") + 
    nodeicov("Overruled") + edgecov(same.opinion.writer.t) + 
    edgecov(same.issue.area.t)

Iterations:  7 out of 20 

Monte Carlo MLE Results:
                                Estimate Std. Error MCMC % z value Pr(>|z|)    
edges                         -5.3098061  0.1090988      0 -48.670  < 1e-04 ***
edgecov.mq.t                   0.1395988  0.0423431      0   3.297 0.000978 ***
edgecov.year.diff.t           -0.0808774  0.0064991      0 -12.444  < 1e-04 ***
edgecov.year.diff.square.t     0.0008840  0.0001709      0   5.173  < 1e-04 ***
nodeicov.AbsDiffMQscores       0.0122752  0.0091925      0   1.335 0.181763    
nodeicov.NumberJusticesPro    -0.0737534  0.0165321      0  -4.461  < 1e-04 ***
nodeicov.Overruled             0.2032507  0.1713971      0   1.186 0.235683    
edgecov.same.opinion.writer.t  0.9011520  0.0691956      0  13.023  < 1e-04 ***
edgecov.same.issue.area.t      1.9965050  0.0391294      0  51.023  < 1e-04 ***
---
Signif. codes:  0 '***' 0.001 '**' 0.01 '*' 0.05 '.' 0.1 ' ' 1

     Null Deviance: 1324632  on 955520  degrees of freedom
 Residual Deviance:   33086  on 955511  degrees of freedom
 
AIC: 33104    BIC: 33210    (Smaller is better.) 
>   aici<- AIC(ind)
>   bici <- BIC(ind)
> 
>    
> 
>    li78<- list(coef(model),  coef(summary(model))[,5], coef(summary(model))[,2], aicm, bicm,
+                coef(ind),  coef(summary(ind))[,5], coef(summary(ind))[,2], aici, bici ) 
>    names(li78)<- c("Coefficients", "P-values", "StdErrors", "AICm", "BICm",
+                    "CoefficientsI", "P-valuesI", "StdErrorsI", "AICi", "BICi")
> 
>   save(li78,file="1978_2.RData")
> 
> 
> 
> 
