
R version 3.5.2 (2018-12-20) -- "Eggshell Igloo"
Copyright (C) 2018 The R Foundation for Statistical Computing
Platform: x86_64-redhat-linux-gnu (64-bit)

R is free software and comes with ABSOLUTELY NO WARRANTY.
You are welcome to redistribute it under certain conditions.
Type 'license()' or 'licence()' for distribution details.

R is a collaborative project with many contributors.
Type 'contributors()' for more information and
'citation()' on how to cite R or R packages in publications.

Type 'demo()' for some demos, 'help()' for on-line help, or
'help.start()' for an HTML browser interface to help.
Type 'q()' to quit R.

> 
> # get data
> load(file="ERCM_MPLE_cl.RData")
> 
> # install.packages("statnet", Sys.getenv("R_LIBS_USER"), repos = "http://cran.case.edu" )
> library(statnet)
> library(MLmetrics)
> library(xtable)
> library(tc.ergmterms)
> 
> # there are cases in 1962 marked as 1963 and in 1971 marked as 1972
> scc1[3364,11] <- 1962
> scc1[4648,11] <- 1971
> 
> 
> year.total <- scc1[,11]-1936 #-1936 => the first year 1937 is 1, 1938 is 2 aso, term column 
> 
> set.seed(12123)
> #sampled.years <- c(14, 24, 34, 44, 54, 64, 74)
> 
> t<- 44
>   print(t+1936)
[1] 1980
> tt<- t+1936
>   rowlasttt <- max(which(scc1[,11] == tt))
>   idt <- scc1[rowlasttt, 55]  
> 
>   
>   cases <- max(which(year.total==t)) # 14 corresponds to 1950
>   
>   # simple assignment of time periods to cases
>   years <- year.total[1:cases] 
>   
>   # going to need a sender time matrix covariate
>   sender.time <- matrix(years,length(years),length(years),byrow=F)
>   year <- matrix(years, length(years),length(years),byrow=F)
>   
>    # extract the network up to time t
>   AM <- adjacency.matrix[which(years <= t),which(years <= t)]
>   
>   net.t <- network(AM) 
>   
>   #calculate outdegree
>   o.degree<- rowSums(AM)
>   
>   # fix the outdegrees of time t as 0
>   last.t<- which(years==t)
>   
>   o.degree[last.t]<- 0
>   
>   # indicate outdegree and term as a node attribute
>   net.t <- set.vertex.attribute(net.t,"o.degree", o.degree)
>   net.t <- set.vertex.attribute(net.t,"term", years)
> 
> 
>    # subset MQ matrix
>   mq.t <- mq.matrix[which(years <= t),which(years <= t)]
>   # subset same issue matrix
>   same.issue.area.t <- same.issue.area[which(years <= t),which(years <= t)]
>   # subset year diff matrix
>   year.diff.t <- year.diff.matrix[which(years <= t),which(years <= t)]
>   # subset year diff matrix square
>   year.diff.square.t <- year.diff.t^2
>   # subset sender time matrix
>   sender.time.t <- sender.time[which(years <= t),which(years <= t)]
>   # subset unique dyad id matrix
>   #dyad.id.t <- dyad.id[which(years <= t),which(years <= t)]
>   # subset year matrix
>   year.t<- year[which(years <= t),which(years <= t)]
>   # subset same opinion writer matrix
>   same.opinion.writer.t<- same.opinion.writer[which(years <= t),which(years <= t)]
>   
>   #### set vertex attributes
>   # same issue area
>   net.t <- set.vertex.attribute(net.t,"SameIssueArea", scc1[which(years <= t),41])
>   # abs diff of MQ score
>   net.t <- set.vertex.attribute(net.t,"AbsDiffMQscores", scc1[which(years <= t),65])
>   # number justices that voted for the case
>   net.t <- set.vertex.attribute(net.t,"NumberJusticesPro", scc1[which(years <= t),52])
>   # overruled covariate
>   net.t <- set.vertex.attribute(net.t,"Overruled", Overruled.matrix[which(years <= t),idt])
>   # sender time
>   net.t <- set.vertex.attribute(net.t,"sender.time", sender.time.t[,1])
>   # Majority Opinion Writer
>   net.t <- set.vertex.attribute(net.t,"MajOpWriter", scc1[which(years <= t),49])
> 
>   
>   not.fixed <- network(1*(sender.time == t))
>   
>   
>   # fitting glm
>   model <- ergm(net.t~edges+ mutual + nodeicov("o.degree")+ difftransties("term")+gwidegree(1, fixed=TRUE)+ dgwesp(0.15, fixed=TRUE, type="OSP") +
+                 edgecov(mq.t)+
+                 edgecov(year.diff.t)+ edgecov(year.diff.square.t )+ 
+                 nodeicov('AbsDiffMQscores')+ nodeicov('NumberJusticesPro')+ 
+                 nodeicov('Overruled')+
+                 edgecov(same.opinion.writer.t)  + edgecov(same.issue.area.t),
+                 constraints=~fixallbut(not.fixed), control=control.ergm(MCMC.samplesize=10000,MCMLE.maxit=50), eval.loglik=FALSE) #
>   summary(model) 

==========================
Summary of model fit
==========================

Formula:   net.t ~ edges + mutual + nodeicov("o.degree") + difftransties("term") + 
    gwidegree(1, fixed = TRUE) + dgwesp(0.15, fixed = TRUE, type = "OSP") + 
    edgecov(mq.t) + edgecov(year.diff.t) + edgecov(year.diff.square.t) + 
    nodeicov("AbsDiffMQscores") + nodeicov("NumberJusticesPro") + 
    nodeicov("Overruled") + edgecov(same.opinion.writer.t) + 
    edgecov(same.issue.area.t)

Iterations:  20 out of 50 

Monte Carlo MLE Results:
                                Estimate Std. Error MCMC %  z value Pr(>|z|)
edges                         -7.057e+00  4.036e-02      2 -174.862  < 1e-04
mutual                        -1.035e+01         NA     NA       NA       NA
nodeicov.o.degree             -2.569e-02  1.677e-03      0  -15.316  < 1e-04
difftransties.term             2.402e+00  6.988e-02      0   34.376  < 1e-04
gwideg.fixed.1                -7.799e-02  7.771e-02      0   -1.004 0.315592
gwesp.OSP.fixed.0.15           2.567e+00  6.201e-02      0   41.387  < 1e-04
edgecov.mq.t                  -1.578e-01  4.285e-02      0   -3.683 0.000231
edgecov.year.diff.t           -1.001e-01  6.933e-03      0  -14.433  < 1e-04
edgecov.year.diff.square.t     1.825e-03  1.624e-04      0   11.242  < 1e-04
nodeicov.AbsDiffMQscores      -1.453e-05  1.113e-02      0   -0.001 0.998958
nodeicov.NumberJusticesPro     2.469e-02  1.593e-02      0    1.550 0.121254
nodeicov.Overruled            -7.833e-01  1.472e-02     43  -53.218  < 1e-04
edgecov.same.opinion.writer.t  4.213e-01  7.663e-02      0    5.498  < 1e-04
edgecov.same.issue.area.t      6.758e-01  3.597e-02      0   18.789  < 1e-04
                                 
edges                         ***
mutual                           
nodeicov.o.degree             ***
difftransties.term            ***
gwideg.fixed.1                   
gwesp.OSP.fixed.0.15          ***
edgecov.mq.t                  ***
edgecov.year.diff.t           ***
edgecov.year.diff.square.t    ***
nodeicov.AbsDiffMQscores         
nodeicov.NumberJusticesPro       
nodeicov.Overruled            ***
edgecov.same.opinion.writer.t ***
edgecov.same.issue.area.t     ***
---
Signif. codes:  0 '***' 0.001 '**' 0.01 '*' 0.05 '.' 0.1 ' ' 1

Log-likelihood was not estimated for this fit.
To get deviances, AIC, and/or BIC from fit `model` run 
  > model<-logLik(model, add=TRUE)
to add it to the object or rerun this function with eval.loglik=TRUE.
>   
> 
>   # get statistics
>   erg.est <- summary(net.t~edges+ mutual + nodeicov("o.degree")+ difftransties("term")+gwidegree(1, fixed=TRUE)+ 
+                 dgwesp(0.15, fixed=TRUE, type="OSP") +
+                 edgecov(mq.t)+
+                 edgecov(year.diff.t)+ edgecov(year.diff.square.t )+ nodeicov('AbsDiffMQscores')+ nodeicov('NumberJusticesPro')+ 
+                 nodeicov('Overruled')+edgecov(same.opinion.writer.t) + nodeifactor('MajOpWriter')+ edgecov(same.issue.area.t)  )
>   erg.est
                        edges                        mutual 
                     51095.00                         15.00 
            nodeicov.o.degree            difftransties.term 
                    645848.00                      29075.00 
               gwideg.fixed.1          gwesp.OSP.fixed.0.15 
                     11662.44                      34372.83 
                 edgecov.mq.t           edgecov.year.diff.t 
                     48026.14                     515486.00 
   edgecov.year.diff.square.t      nodeicov.AbsDiffMQscores 
                   9769264.00                     268689.28 
   nodeicov.NumberJusticesPro            nodeicov.Overruled 
                    352135.00                       1375.00 
edgecov.same.opinion.writer.t    nodeifactor.MajOpWriter.68 
                      4565.00                        346.00 
   nodeifactor.MajOpWriter.71    nodeifactor.MajOpWriter.72 
                        53.00                        183.00 
   nodeifactor.MajOpWriter.74    nodeifactor.MajOpWriter.75 
                      2478.00                       1026.00 
   nodeifactor.MajOpWriter.76    nodeifactor.MajOpWriter.77 
                      1375.00                        121.00 
   nodeifactor.MajOpWriter.78    nodeifactor.MajOpWriter.79 
                      5073.00                       2404.00 
   nodeifactor.MajOpWriter.80    nodeifactor.MajOpWriter.81 
                      3554.00                       5198.00 
   nodeifactor.MajOpWriter.82    nodeifactor.MajOpWriter.83 
                      1138.00                        138.00 
   nodeifactor.MajOpWriter.84    nodeifactor.MajOpWriter.85 
                      1612.00                        813.00 
   nodeifactor.MajOpWriter.86    nodeifactor.MajOpWriter.87 
                       736.00                        909.00 
   nodeifactor.MajOpWriter.88    nodeifactor.MajOpWriter.89 
                      1698.00                        394.00 
   nodeifactor.MajOpWriter.90    nodeifactor.MajOpWriter.91 
                      2472.00                       1608.00 
   nodeifactor.MajOpWriter.92    nodeifactor.MajOpWriter.93 
                      3814.00                        283.00 
   nodeifactor.MajOpWriter.94    nodeifactor.MajOpWriter.95 
                      2871.00                       2127.00 
   nodeifactor.MajOpWriter.96    nodeifactor.MajOpWriter.97 
                       453.00                        330.00 
   nodeifactor.MajOpWriter.98    nodeifactor.MajOpWriter.99 
                       959.00                       1107.00 
  nodeifactor.MajOpWriter.100   nodeifactor.MajOpWriter.101 
                       744.00                       1069.00 
  nodeifactor.MajOpWriter.102   nodeifactor.MajOpWriter.103 
                       866.00                        256.00 
    edgecov.same.issue.area.t 
                     30103.00 
>   
> 
>    li80<- list(coef(model),  coef(summary(model))[,5], coef(summary(model))[,2] ) 
>    names(li80)<- c("Coefficients", "P-values", "StdErrors")
> 
>   save(li80,file="1980_1.RData")
> 
> 
> 
> 
