
R version 3.5.2 (2018-12-20) -- "Eggshell Igloo"
Copyright (C) 2018 The R Foundation for Statistical Computing
Platform: x86_64-redhat-linux-gnu (64-bit)

R is free software and comes with ABSOLUTELY NO WARRANTY.
You are welcome to redistribute it under certain conditions.
Type 'license()' or 'licence()' for distribution details.

R is a collaborative project with many contributors.
Type 'contributors()' for more information and
'citation()' on how to cite R or R packages in publications.

Type 'demo()' for some demos, 'help()' for on-line help, or
'help.start()' for an HTML browser interface to help.
Type 'q()' to quit R.

> 
> # get data
> load(file="ERCM_MPLE_cl.RData")
> 
> # install.packages("statnet", Sys.getenv("R_LIBS_USER"), repos = "http://cran.case.edu" )
> library(statnet)
> library(MLmetrics)
> library(xtable)
> library(tc.ergmterms)
> 
> # there are cases in 1962 marked as 1963 and in 1971 marked as 1972
> scc1[3364,11] <- 1962
> scc1[4648,11] <- 1971
> 
> 
> year.total <- scc1[,11]-1936 #-1936 => the first year 1937 is 1, 1938 is 2 aso, term column 
> 
> set.seed(12123)
> #sampled.years <- c(14, 24, 34, 44, 54, 64, 74)
> 
> t<- 45
>   print(t+1936)
[1] 1981
> tt<- t+1936
>   rowlasttt <- max(which(scc1[,11] == tt))
>   idt <- scc1[rowlasttt, 55]  
> 
>   
>   cases <- max(which(year.total==t)) # 14 corresponds to 1950
>   
>   # simple assignment of time periods to cases
>   years <- year.total[1:cases] 
>   
>   # going to need a sender time matrix covariate
>   sender.time <- matrix(years,length(years),length(years),byrow=F)
>   year <- matrix(years, length(years),length(years),byrow=F)
>   
>    # extract the network up to time t
>   AM <- adjacency.matrix[which(years <= t),which(years <= t)]
>   
>   net.t <- network(AM) 
>   
>   #calculate outdegree
>   o.degree<- rowSums(AM)
>   
>   # fix the outdegrees of time t as 0
>   last.t<- which(years==t)
>   
>   o.degree[last.t]<- 0
>   
>   # indicate outdegree and term as a node attribute
>   net.t <- set.vertex.attribute(net.t,"o.degree", o.degree)
>   net.t <- set.vertex.attribute(net.t,"term", years)
> 
> 
>    # subset MQ matrix
>   mq.t <- mq.matrix[which(years <= t),which(years <= t)]
>   # subset same issue matrix
>   same.issue.area.t <- same.issue.area[which(years <= t),which(years <= t)]
>   # subset year diff matrix
>   year.diff.t <- year.diff.matrix[which(years <= t),which(years <= t)]
>   # subset year diff matrix square
>   year.diff.square.t <- year.diff.t^2
>   # subset sender time matrix
>   sender.time.t <- sender.time[which(years <= t),which(years <= t)]
>   # subset unique dyad id matrix
>   #dyad.id.t <- dyad.id[which(years <= t),which(years <= t)]
>   # subset year matrix
>   year.t<- year[which(years <= t),which(years <= t)]
>   # subset same opinion writer matrix
>   same.opinion.writer.t<- same.opinion.writer[which(years <= t),which(years <= t)]
>   
>   #### set vertex attributes
>   # same issue area
>   net.t <- set.vertex.attribute(net.t,"SameIssueArea", scc1[which(years <= t),41])
>   # abs diff of MQ score
>   net.t <- set.vertex.attribute(net.t,"AbsDiffMQscores", scc1[which(years <= t),65])
>   # number justices that voted for the case
>   net.t <- set.vertex.attribute(net.t,"NumberJusticesPro", scc1[which(years <= t),52])
>   # overruled covariate
>   net.t <- set.vertex.attribute(net.t,"Overruled", Overruled.matrix[which(years <= t),idt])
>   # sender time
>   net.t <- set.vertex.attribute(net.t,"sender.time", sender.time.t[,1])
>   # Majority Opinion Writer
>   net.t <- set.vertex.attribute(net.t,"MajOpWriter", scc1[which(years <= t),49])
> 
>   
>   not.fixed <- network(1*(sender.time == t))
>   
>   load(file="1981_1.RData")
> 
>   li <- li81[[1]]
> 
> 
>   
>   # fitting glm
>   model <- ergm(net.t~edges+ mutual + nodeicov("o.degree")+ difftransties("term")+gwidegree(1, fixed=TRUE)+ dgwesp(0.15, fixed=TRUE, type="OSP") +
+                 edgecov(mq.t)+
+                 edgecov(year.diff.t)+ edgecov(year.diff.square.t )+ 
+                 nodeicov('AbsDiffMQscores')+ nodeicov('NumberJusticesPro')+ 
+                 nodeicov('Overruled')+
+                 edgecov(same.opinion.writer.t)  + edgecov(same.issue.area.t),
+                 constraints=~fixallbut(not.fixed), control=control.ergm(MCMC.samplesize=10000,MCMLE.maxit=50, init=li)) #
>   summary(model)

==========================
Summary of model fit
==========================

Formula:   net.t ~ edges + mutual + nodeicov("o.degree") + difftransties("term") + 
    gwidegree(1, fixed = TRUE) + dgwesp(0.15, fixed = TRUE, type = "OSP") + 
    edgecov(mq.t) + edgecov(year.diff.t) + edgecov(year.diff.square.t) + 
    nodeicov("AbsDiffMQscores") + nodeicov("NumberJusticesPro") + 
    nodeicov("Overruled") + edgecov(same.opinion.writer.t) + 
    edgecov(same.issue.area.t)

Iterations:  3 out of 50 

Monte Carlo MLE Results:
                                Estimate Std. Error MCMC % z value Pr(>|z|)    
edges                         -6.912e+00  1.170e-01      0 -59.099  < 1e-04 ***
mutual                        -1.129e+01         NA     NA      NA       NA    
nodeicov.o.degree             -2.526e-02  1.471e-03      0 -17.170  < 1e-04 ***
difftransties.term             2.404e+00  6.753e-02      0  35.589  < 1e-04 ***
gwideg.fixed.1                -3.429e-01  1.018e-01      0  -3.370 0.000753 ***
gwesp.OSP.fixed.0.15           2.484e+00  5.617e-02      0  44.227  < 1e-04 ***
edgecov.mq.t                  -8.760e-02  2.829e-02      0  -3.096 0.001962 ** 
edgecov.year.diff.t           -9.859e-02  6.290e-03      0 -15.674  < 1e-04 ***
edgecov.year.diff.square.t     1.602e-03  1.449e-04      0  11.058  < 1e-04 ***
nodeicov.AbsDiffMQscores      -1.398e-02  9.135e-03      0  -1.531 0.125877    
nodeicov.NumberJusticesPro     3.263e-02  1.654e-02      0   1.973 0.048453 *  
nodeicov.Overruled            -5.730e-01  1.380e-02     38 -41.510  < 1e-04 ***
edgecov.same.opinion.writer.t  3.196e-01  8.502e-02      0   3.759 0.000170 ***
edgecov.same.issue.area.t      6.791e-01  2.842e-02      0  23.897  < 1e-04 ***
---
Signif. codes:  0 '***' 0.001 '**' 0.01 '*' 0.05 '.' 0.1 ' ' 1

     Null Deviance: 1584381  on 1142889  degrees of freedom
 Residual Deviance:   24341  on 1142875  degrees of freedom
 
AIC: 24369    BIC: 24536    (Smaller is better.) 
>   aicm<- AIC(model)
>   bicm <- BIC(model)
> 
>   # get statistics
>   erg.est <- summary(net.t~edges+ mutual + nodeicov("o.degree")+ difftransties("term")+gwidegree(1, fixed=TRUE)+ 
+                 dgwesp(0.15, fixed=TRUE, type="OSP") +
+                 edgecov(mq.t)+
+                 edgecov(year.diff.t)+ edgecov(year.diff.square.t )+ nodeicov('AbsDiffMQscores')+ nodeicov('NumberJusticesPro')+ 
+                 nodeicov('Overruled')+edgecov(same.opinion.writer.t) + nodeifactor('MajOpWriter')+ edgecov(same.issue.area.t)  )
>   erg.est
                        edges                        mutual 
                     53744.00                         15.00 
            nodeicov.o.degree            difftransties.term 
                    694035.00                      30825.00 
               gwideg.fixed.1          gwesp.OSP.fixed.0.15 
                     12055.34                      36383.93 
                 edgecov.mq.t           edgecov.year.diff.t 
                     50185.83                     551699.00 
   edgecov.year.diff.square.t      nodeicov.AbsDiffMQscores 
                  10648891.00                     284282.27 
   nodeicov.NumberJusticesPro            nodeicov.Overruled 
                    370362.00                       1410.00 
edgecov.same.opinion.writer.t    nodeifactor.MajOpWriter.68 
                      4737.00                        353.00 
   nodeifactor.MajOpWriter.71    nodeifactor.MajOpWriter.72 
                        55.00                        188.00 
   nodeifactor.MajOpWriter.74    nodeifactor.MajOpWriter.75 
                      2530.00                       1036.00 
   nodeifactor.MajOpWriter.76    nodeifactor.MajOpWriter.77 
                      1391.00                        122.00 
   nodeifactor.MajOpWriter.78    nodeifactor.MajOpWriter.79 
                      5218.00                       2452.00 
   nodeifactor.MajOpWriter.80    nodeifactor.MajOpWriter.81 
                      3622.00                       5331.00 
   nodeifactor.MajOpWriter.82    nodeifactor.MajOpWriter.83 
                      1152.00                        140.00 
   nodeifactor.MajOpWriter.84    nodeifactor.MajOpWriter.85 
                      1656.00                        829.00 
   nodeifactor.MajOpWriter.86    nodeifactor.MajOpWriter.87 
                       753.00                        933.00 
   nodeifactor.MajOpWriter.88    nodeifactor.MajOpWriter.89 
                      1752.00                        402.00 
   nodeifactor.MajOpWriter.90    nodeifactor.MajOpWriter.91 
                      2560.00                       1663.00 
   nodeifactor.MajOpWriter.92    nodeifactor.MajOpWriter.93 
                      4062.00                        286.00 
   nodeifactor.MajOpWriter.94    nodeifactor.MajOpWriter.95 
                      3099.00                       2359.00 
   nodeifactor.MajOpWriter.96    nodeifactor.MajOpWriter.97 
                       463.00                        360.00 
   nodeifactor.MajOpWriter.98    nodeifactor.MajOpWriter.99 
                      1081.00                       1283.00 
  nodeifactor.MajOpWriter.100   nodeifactor.MajOpWriter.101 
                       868.00                       1288.00 
  nodeifactor.MajOpWriter.102   nodeifactor.MajOpWriter.103 
                      1020.00                        367.00 
  nodeifactor.MajOpWriter.104     edgecov.same.issue.area.t 
                         8.00                      31632.00 
>    
>   
>    
>    #############################################
>    # Independence model
>    #############################################
>    ind <- ergm(net.t~edges+ 
+                 edgecov(mq.t)+
+                 edgecov(year.diff.t)+ edgecov(year.diff.square.t )+ 
+                 nodeicov('AbsDiffMQscores')+ nodeicov('NumberJusticesPro')+ 
+                 nodeicov('Overruled')+
+                 edgecov(same.opinion.writer.t)  + edgecov(same.issue.area.t),
+                 constraints=~fixallbut(not.fixed), estimate="MLE") #
>     
>   summary(ind)   

==========================
Summary of model fit
==========================

Formula:   net.t ~ edges + edgecov(mq.t) + edgecov(year.diff.t) + edgecov(year.diff.square.t) + 
    nodeicov("AbsDiffMQscores") + nodeicov("NumberJusticesPro") + 
    nodeicov("Overruled") + edgecov(same.opinion.writer.t) + 
    edgecov(same.issue.area.t)

Iterations:  7 out of 20 

Monte Carlo MLE Results:
                                Estimate Std. Error MCMC % z value Pr(>|z|)    
edges                         -5.4351250  0.1062107      0 -51.173   <1e-04 ***
edgecov.mq.t                   0.0266269  0.0339123      0   0.785   0.4324    
edgecov.year.diff.t           -0.0706516  0.0057676      0 -12.250   <1e-04 ***
edgecov.year.diff.square.t     0.0007135  0.0001423      0   5.013   <1e-04 ***
nodeicov.AbsDiffMQscores       0.0002771  0.0098520      0   0.028   0.9776    
nodeicov.NumberJusticesPro    -0.0731196  0.0164451      0  -4.446   <1e-04 ***
nodeicov.Overruled             0.3423622  0.1631732      0   2.098   0.0359 *  
edgecov.same.opinion.writer.t  0.6180731  0.0809802      0   7.632   <1e-04 ***
edgecov.same.issue.area.t      2.1741813  0.0394844      0  55.064   <1e-04 ***
---
Signif. codes:  0 '***' 0.001 '**' 0.01 '*' 0.05 '.' 0.1 ' ' 1

     Null Deviance: 1584381  on 1142889  degrees of freedom
 Residual Deviance:   33635  on 1142880  degrees of freedom
 
AIC: 33653    BIC: 33761    (Smaller is better.) 
>   aici<- AIC(ind)
>   bici <- BIC(ind)
> 
>    
> 
>    li81<- list(coef(model),  coef(summary(model))[,5], coef(summary(model))[,2], aicm, bicm,
+                coef(ind),  coef(summary(ind))[,5], coef(summary(ind))[,2], aici, bici ) 
>    names(li81)<- c("Coefficients", "P-values", "StdErrors", "AICm", "BICm",
+                    "CoefficientsI", "P-valuesI", "StdErrorsI", "AICi", "BICi")
> 
>   save(li81,file="1981_2.RData")
> 
> 
> 
> 
