
R version 3.5.2 (2018-12-20) -- "Eggshell Igloo"
Copyright (C) 2018 The R Foundation for Statistical Computing
Platform: x86_64-redhat-linux-gnu (64-bit)

R is free software and comes with ABSOLUTELY NO WARRANTY.
You are welcome to redistribute it under certain conditions.
Type 'license()' or 'licence()' for distribution details.

R is a collaborative project with many contributors.
Type 'contributors()' for more information and
'citation()' on how to cite R or R packages in publications.

Type 'demo()' for some demos, 'help()' for on-line help, or
'help.start()' for an HTML browser interface to help.
Type 'q()' to quit R.

> 
> # get data
> load(file="ERCM_MPLE_cl.RData")
> 
> # install.packages("statnet", Sys.getenv("R_LIBS_USER"), repos = "http://cran.case.edu" )
> library(statnet)
> library(MLmetrics)
> library(xtable)
> library(tc.ergmterms)
> 
> # there are cases in 1962 marked as 1963 and in 1971 marked as 1972
> scc1[3364,11] <- 1962
> scc1[4648,11] <- 1971
> 
> 
> year.total <- scc1[,11]-1936 #-1936 => the first year 1937 is 1, 1938 is 2 aso, term column 
> 
> set.seed(12123)
> #sampled.years <- c(14, 24, 34, 44, 54, 64, 74)
> 
> t<- 46
>   print(t+1936)
[1] 1982
> tt<- t+1936
>   rowlasttt <- max(which(scc1[,11] == tt))
>   idt <- scc1[rowlasttt, 55]  
> 
>   
>   cases <- max(which(year.total==t)) # 14 corresponds to 1950
>   
>   # simple assignment of time periods to cases
>   years <- year.total[1:cases] 
>   
>   # going to need a sender time matrix covariate
>   sender.time <- matrix(years,length(years),length(years),byrow=F)
>   year <- matrix(years, length(years),length(years),byrow=F)
>   
>    # extract the network up to time t
>   AM <- adjacency.matrix[which(years <= t),which(years <= t)]
>   
>   net.t <- network(AM) 
>   
>   #calculate outdegree
>   o.degree<- rowSums(AM)
>   
>   # fix the outdegrees of time t as 0
>   last.t<- which(years==t)
>   
>   o.degree[last.t]<- 0
>   
>   # indicate outdegree and term as a node attribute
>   net.t <- set.vertex.attribute(net.t,"o.degree", o.degree)
>   net.t <- set.vertex.attribute(net.t,"term", years)
> 
> 
>    # subset MQ matrix
>   mq.t <- mq.matrix[which(years <= t),which(years <= t)]
>   # subset same issue matrix
>   same.issue.area.t <- same.issue.area[which(years <= t),which(years <= t)]
>   # subset year diff matrix
>   year.diff.t <- year.diff.matrix[which(years <= t),which(years <= t)]
>   # subset year diff matrix square
>   year.diff.square.t <- year.diff.t^2
>   # subset sender time matrix
>   sender.time.t <- sender.time[which(years <= t),which(years <= t)]
>   # subset unique dyad id matrix
>   #dyad.id.t <- dyad.id[which(years <= t),which(years <= t)]
>   # subset year matrix
>   year.t<- year[which(years <= t),which(years <= t)]
>   # subset same opinion writer matrix
>   same.opinion.writer.t<- same.opinion.writer[which(years <= t),which(years <= t)]
>   
>   #### set vertex attributes
>   # same issue area
>   net.t <- set.vertex.attribute(net.t,"SameIssueArea", scc1[which(years <= t),41])
>   # abs diff of MQ score
>   net.t <- set.vertex.attribute(net.t,"AbsDiffMQscores", scc1[which(years <= t),65])
>   # number justices that voted for the case
>   net.t <- set.vertex.attribute(net.t,"NumberJusticesPro", scc1[which(years <= t),52])
>   # overruled covariate
>   net.t <- set.vertex.attribute(net.t,"Overruled", Overruled.matrix[which(years <= t),idt])
>   # sender time
>   net.t <- set.vertex.attribute(net.t,"sender.time", sender.time.t[,1])
>   # Majority Opinion Writer
>   net.t <- set.vertex.attribute(net.t,"MajOpWriter", scc1[which(years <= t),49])
> 
>   
>   not.fixed <- network(1*(sender.time == t))
>   
>   load(file="1982_1.RData")
> 
>   li <- li82[[1]]
> 
> 
>   
>   # fitting glm
>   model <- ergm(net.t~edges+ mutual + nodeicov("o.degree")+ difftransties("term")+gwidegree(1, fixed=TRUE)+ dgwesp(0.15, fixed=TRUE, type="OSP") +
+                 edgecov(mq.t)+
+                 edgecov(year.diff.t)+ edgecov(year.diff.square.t )+ 
+                 nodeicov('AbsDiffMQscores')+ nodeicov('NumberJusticesPro')+ 
+                 nodeicov('Overruled')+
+                 edgecov(same.opinion.writer.t)  + edgecov(same.issue.area.t),
+                 constraints=~fixallbut(not.fixed), control=control.ergm(MCMC.samplesize=10000,MCMLE.maxit=50, init=li)) #
>   summary(model)

==========================
Summary of model fit
==========================

Formula:   net.t ~ edges + mutual + nodeicov("o.degree") + difftransties("term") + 
    gwidegree(1, fixed = TRUE) + dgwesp(0.15, fixed = TRUE, type = "OSP") + 
    edgecov(mq.t) + edgecov(year.diff.t) + edgecov(year.diff.square.t) + 
    nodeicov("AbsDiffMQscores") + nodeicov("NumberJusticesPro") + 
    nodeicov("Overruled") + edgecov(same.opinion.writer.t) + 
    edgecov(same.issue.area.t)

Iterations:  3 out of 50 

Monte Carlo MLE Results:
                                Estimate Std. Error MCMC % z value Pr(>|z|)    
edges                         -6.867e+00  1.148e-01      0 -59.812   <1e-04 ***
mutual                        -1.404e+01         NA     NA      NA       NA    
nodeicov.o.degree             -2.913e-02  1.521e-03      0 -19.150   <1e-04 ***
difftransties.term             2.417e+00  6.095e-02      0  39.663   <1e-04 ***
gwideg.fixed.1                -2.020e-01  9.544e-02      0  -2.117   0.0343 *  
gwesp.OSP.fixed.0.15           2.481e+00  5.191e-02      0  47.806   <1e-04 ***
edgecov.mq.t                   4.943e-03  2.149e-02      0   0.230   0.8181    
edgecov.year.diff.t           -9.353e-02  5.839e-03      0 -16.020   <1e-04 ***
edgecov.year.diff.square.t     1.424e-03  1.349e-04      0  10.552   <1e-04 ***
nodeicov.AbsDiffMQscores      -1.565e-02  1.039e-02      0  -1.505   0.1322    
nodeicov.NumberJusticesPro     2.475e-02  1.596e-02      0   1.551   0.1209    
nodeicov.Overruled            -6.606e-01  2.604e-02      8 -25.366   <1e-04 ***
edgecov.same.opinion.writer.t  5.592e-01  6.541e-02      0   8.549   <1e-04 ***
edgecov.same.issue.area.t      6.416e-01  2.450e-02      0  26.190   <1e-04 ***
---
Signif. codes:  0 '***' 0.001 '**' 0.01 '*' 0.05 '.' 0.1 ' ' 1

     Null Deviance: 1524117  on 1099418  degrees of freedom
 Residual Deviance:   26269  on 1099404  degrees of freedom
 
AIC: 26297    BIC: 26464    (Smaller is better.) 
>   aicm<- AIC(model)
>   bicm <- BIC(model)
> 
>   # get statistics
>   erg.est <- summary(net.t~edges+ mutual + nodeicov("o.degree")+ difftransties("term")+gwidegree(1, fixed=TRUE)+ 
+                 dgwesp(0.15, fixed=TRUE, type="OSP") +
+                 edgecov(mq.t)+
+                 edgecov(year.diff.t)+ edgecov(year.diff.square.t )+ nodeicov('AbsDiffMQscores')+ nodeicov('NumberJusticesPro')+ 
+                 nodeicov('Overruled')+edgecov(same.opinion.writer.t) + nodeifactor('MajOpWriter')+ edgecov(same.issue.area.t)  )
>   erg.est
                        edges                        mutual 
                     56637.00                         15.00 
            nodeicov.o.degree            difftransties.term 
                    744420.00                      32724.00 
               gwideg.fixed.1          gwesp.OSP.fixed.0.15 
                     12506.48                      38609.32 
                 edgecov.mq.t           edgecov.year.diff.t 
                     52954.81                     592930.00 
   edgecov.year.diff.square.t      nodeicov.AbsDiffMQscores 
                  11673174.00                     301190.54 
   nodeicov.NumberJusticesPro            nodeicov.Overruled 
                    390142.00                       1501.00 
edgecov.same.opinion.writer.t    nodeifactor.MajOpWriter.68 
                      4987.00                        356.00 
   nodeifactor.MajOpWriter.71    nodeifactor.MajOpWriter.72 
                        55.00                        194.00 
   nodeifactor.MajOpWriter.74    nodeifactor.MajOpWriter.75 
                      2565.00                       1050.00 
   nodeifactor.MajOpWriter.76    nodeifactor.MajOpWriter.77 
                      1409.00                        122.00 
   nodeifactor.MajOpWriter.78    nodeifactor.MajOpWriter.79 
                      5358.00                       2501.00 
   nodeifactor.MajOpWriter.80    nodeifactor.MajOpWriter.81 
                      3699.00                       5479.00 
   nodeifactor.MajOpWriter.82    nodeifactor.MajOpWriter.83 
                      1184.00                        142.00 
   nodeifactor.MajOpWriter.84    nodeifactor.MajOpWriter.85 
                      1705.00                        858.00 
   nodeifactor.MajOpWriter.86    nodeifactor.MajOpWriter.87 
                       790.00                        949.00 
   nodeifactor.MajOpWriter.88    nodeifactor.MajOpWriter.89 
                      1808.00                        416.00 
   nodeifactor.MajOpWriter.90    nodeifactor.MajOpWriter.91 
                      2662.00                       1736.00 
   nodeifactor.MajOpWriter.92    nodeifactor.MajOpWriter.93 
                      4338.00                        298.00 
   nodeifactor.MajOpWriter.94    nodeifactor.MajOpWriter.95 
                      3352.00                       2607.00 
   nodeifactor.MajOpWriter.96    nodeifactor.MajOpWriter.97 
                       486.00                        385.00 
   nodeifactor.MajOpWriter.98    nodeifactor.MajOpWriter.99 
                      1233.00                       1483.00 
  nodeifactor.MajOpWriter.100   nodeifactor.MajOpWriter.101 
                      1015.00                       1497.00 
  nodeifactor.MajOpWriter.102   nodeifactor.MajOpWriter.103 
                      1191.00                        477.00 
  nodeifactor.MajOpWriter.104     edgecov.same.issue.area.t 
                        39.00                      33311.00 
>    
>   
>    
>    #############################################
>    # Independence model
>    #############################################
>    ind <- ergm(net.t~edges+ 
+                 edgecov(mq.t)+
+                 edgecov(year.diff.t)+ edgecov(year.diff.square.t )+ 
+                 nodeicov('AbsDiffMQscores')+ nodeicov('NumberJusticesPro')+ 
+                 nodeicov('Overruled')+
+                 edgecov(same.opinion.writer.t)  + edgecov(same.issue.area.t),
+                 constraints=~fixallbut(not.fixed), estimate="MLE") #
>     
>   summary(ind)   

==========================
Summary of model fit
==========================

Formula:   net.t ~ edges + edgecov(mq.t) + edgecov(year.diff.t) + edgecov(year.diff.square.t) + 
    nodeicov("AbsDiffMQscores") + nodeicov("NumberJusticesPro") + 
    nodeicov("Overruled") + edgecov(same.opinion.writer.t) + 
    edgecov(same.issue.area.t)

Iterations:  7 out of 20 

Monte Carlo MLE Results:
                                Estimate Std. Error MCMC % z value Pr(>|z|)    
edges                         -5.4078364  0.1024101      0 -52.806   <1e-04 ***
edgecov.mq.t                   0.1628997  0.0287519      0   5.666   <1e-04 ***
edgecov.year.diff.t           -0.0665911  0.0053675      0 -12.406   <1e-04 ***
edgecov.year.diff.square.t     0.0006080  0.0001291      0   4.708   <1e-04 ***
nodeicov.AbsDiffMQscores      -0.0077140  0.0098349      0  -0.784   0.4328    
nodeicov.NumberJusticesPro    -0.0743136  0.0158496      0  -4.689   <1e-04 ***
nodeicov.Overruled             0.3167494  0.1574469      0   2.012   0.0442 *  
edgecov.same.opinion.writer.t  0.7595965  0.0687744      0  11.045   <1e-04 ***
edgecov.same.issue.area.t      2.1475570  0.0378306      0  56.768   <1e-04 ***
---
Signif. codes:  0 '***' 0.001 '**' 0.01 '*' 0.05 '.' 0.1 ' ' 1

     Null Deviance: 1524117  on 1099418  degrees of freedom
 Residual Deviance:   36033  on 1099409  degrees of freedom
 
AIC: 36051    BIC: 36159    (Smaller is better.) 
>   aici<- AIC(ind)
>   bici <- BIC(ind)
> 
>    
> 
>    li82<- list(coef(model),  coef(summary(model))[,5], coef(summary(model))[,2], aicm, bicm,
+                coef(ind),  coef(summary(ind))[,5], coef(summary(ind))[,2], aici, bici ) 
>    names(li82)<- c("Coefficients", "P-values", "StdErrors", "AICm", "BICm",
+                    "CoefficientsI", "P-valuesI", "StdErrorsI", "AICi", "BICi")
> 
>   save(li82,file="1982_2.RData")
> 
> 
> 
> 
