
R version 3.5.2 (2018-12-20) -- "Eggshell Igloo"
Copyright (C) 2018 The R Foundation for Statistical Computing
Platform: x86_64-redhat-linux-gnu (64-bit)

R is free software and comes with ABSOLUTELY NO WARRANTY.
You are welcome to redistribute it under certain conditions.
Type 'license()' or 'licence()' for distribution details.

R is a collaborative project with many contributors.
Type 'contributors()' for more information and
'citation()' on how to cite R or R packages in publications.

Type 'demo()' for some demos, 'help()' for on-line help, or
'help.start()' for an HTML browser interface to help.
Type 'q()' to quit R.

> 
> # get data
> load(file="ERCM_MPLE_cl.RData")
> 
> # install.packages("statnet", Sys.getenv("R_LIBS_USER"), repos = "http://cran.case.edu" )
> library(statnet)
> library(MLmetrics)
> library(xtable)
> library(tc.ergmterms)
> 
> # there are cases in 1962 marked as 1963 and in 1971 marked as 1972
> scc1[3364,11] <- 1962
> scc1[4648,11] <- 1971
> 
> 
> year.total <- scc1[,11]-1936 #-1936 => the first year 1937 is 1, 1938 is 2 aso, term column 
> 
> set.seed(12123)
> #sampled.years <- c(14, 24, 34, 44, 54, 64, 74)
> 
> t<- 48
>   print(t+1936)
[1] 1984
> tt<- t+1936
>   rowlasttt <- max(which(scc1[,11] == tt))
>   idt <- scc1[rowlasttt, 55]  
> 
>   
>   cases <- max(which(year.total==t)) # 14 corresponds to 1950
>   
>   # simple assignment of time periods to cases
>   years <- year.total[1:cases] 
>   
>   # going to need a sender time matrix covariate
>   sender.time <- matrix(years,length(years),length(years),byrow=F)
>   year <- matrix(years, length(years),length(years),byrow=F)
>   
>    # extract the network up to time t
>   AM <- adjacency.matrix[which(years <= t),which(years <= t)]
>   
>   net.t <- network(AM) 
>   
>   #calculate outdegree
>   o.degree<- rowSums(AM)
>   
>   # fix the outdegrees of time t as 0
>   last.t<- which(years==t)
>   
>   o.degree[last.t]<- 0
>   
>   # indicate outdegree and term as a node attribute
>   net.t <- set.vertex.attribute(net.t,"o.degree", o.degree)
>   net.t <- set.vertex.attribute(net.t,"term", years)
> 
> 
>    # subset MQ matrix
>   mq.t <- mq.matrix[which(years <= t),which(years <= t)]
>   # subset same issue matrix
>   same.issue.area.t <- same.issue.area[which(years <= t),which(years <= t)]
>   # subset year diff matrix
>   year.diff.t <- year.diff.matrix[which(years <= t),which(years <= t)]
>   # subset year diff matrix square
>   year.diff.square.t <- year.diff.t^2
>   # subset sender time matrix
>   sender.time.t <- sender.time[which(years <= t),which(years <= t)]
>   # subset unique dyad id matrix
>   #dyad.id.t <- dyad.id[which(years <= t),which(years <= t)]
>   # subset year matrix
>   year.t<- year[which(years <= t),which(years <= t)]
>   # subset same opinion writer matrix
>   same.opinion.writer.t<- same.opinion.writer[which(years <= t),which(years <= t)]
>   
>   #### set vertex attributes
>   # same issue area
>   net.t <- set.vertex.attribute(net.t,"SameIssueArea", scc1[which(years <= t),41])
>   # abs diff of MQ score
>   net.t <- set.vertex.attribute(net.t,"AbsDiffMQscores", scc1[which(years <= t),65])
>   # number justices that voted for the case
>   net.t <- set.vertex.attribute(net.t,"NumberJusticesPro", scc1[which(years <= t),52])
>   # overruled covariate
>   net.t <- set.vertex.attribute(net.t,"Overruled", Overruled.matrix[which(years <= t),idt])
>   # sender time
>   net.t <- set.vertex.attribute(net.t,"sender.time", sender.time.t[,1])
>   # Majority Opinion Writer
>   net.t <- set.vertex.attribute(net.t,"MajOpWriter", scc1[which(years <= t),49])
> 
>   
>   not.fixed <- network(1*(sender.time == t))
>   
>   load(file="1984_1.RData")
> 
>   li <- li84[[1]]
> 
> 
>   
>   # fitting glm
>   model <- ergm(net.t~edges+ mutual + nodeicov("o.degree")+ difftransties("term")+gwidegree(1, fixed=TRUE)+ dgwesp(0.15, fixed=TRUE, type="OSP") +
+                 edgecov(mq.t)+
+                 edgecov(year.diff.t)+ edgecov(year.diff.square.t )+ 
+                 nodeicov('AbsDiffMQscores')+ nodeicov('NumberJusticesPro')+ 
+                 nodeicov('Overruled')+
+                 edgecov(same.opinion.writer.t)  + edgecov(same.issue.area.t),
+                 constraints=~fixallbut(not.fixed), control=control.ergm(MCMC.samplesize=10000,MCMLE.maxit=50, init=li)) #
>   summary(model)

==========================
Summary of model fit
==========================

Formula:   net.t ~ edges + mutual + nodeicov("o.degree") + difftransties("term") + 
    gwidegree(1, fixed = TRUE) + dgwesp(0.15, fixed = TRUE, type = "OSP") + 
    edgecov(mq.t) + edgecov(year.diff.t) + edgecov(year.diff.square.t) + 
    nodeicov("AbsDiffMQscores") + nodeicov("NumberJusticesPro") + 
    nodeicov("Overruled") + edgecov(same.opinion.writer.t) + 
    edgecov(same.issue.area.t)

Iterations:  8 out of 50 

Monte Carlo MLE Results:
                                Estimate Std. Error MCMC % z value Pr(>|z|)    
edges                         -6.995e+00  1.302e-01      0 -53.716   <1e-04 ***
mutual                        -1.359e+01         NA     NA      NA       NA    
nodeicov.o.degree             -3.018e-02  1.611e-03      0 -18.731   <1e-04 ***
difftransties.term             2.381e+00  6.314e-02      0  37.710   <1e-04 ***
gwideg.fixed.1                -2.035e-01  1.008e-01      0  -2.019   0.0434 *  
gwesp.OSP.fixed.0.15           2.653e+00  5.342e-02      0  49.668   <1e-04 ***
edgecov.mq.t                  -2.236e-02  2.887e-02      0  -0.775   0.4386    
edgecov.year.diff.t           -1.037e-01  5.465e-03      0 -18.982   <1e-04 ***
edgecov.year.diff.square.t     1.515e-03  1.251e-04      0  12.119   <1e-04 ***
nodeicov.AbsDiffMQscores       2.957e-03  1.102e-02      0   0.268   0.7884    
nodeicov.NumberJusticesPro     3.663e-02  1.898e-02      0   1.930   0.0536 .  
nodeicov.Overruled            -8.757e-01  1.522e-02     37 -57.528   <1e-04 ***
edgecov.same.opinion.writer.t  4.720e-01  6.647e-02      0   7.102   <1e-04 ***
edgecov.same.issue.area.t      4.974e-01  2.950e-02      0  16.859   <1e-04 ***
---
Signif. codes:  0 '***' 0.001 '**' 0.01 '*' 0.05 '.' 0.1 ' ' 1

     Null Deviance: 1592249  on 1148565  degrees of freedom
 Residual Deviance:   24772  on 1148551  degrees of freedom
 
AIC: 24800    BIC: 24967    (Smaller is better.) 
>   aicm<- AIC(model)
>   bicm <- BIC(model)
> 
>   # get statistics
>   erg.est <- summary(net.t~edges+ mutual + nodeicov("o.degree")+ difftransties("term")+gwidegree(1, fixed=TRUE)+ 
+                 dgwesp(0.15, fixed=TRUE, type="OSP") +
+                 edgecov(mq.t)+
+                 edgecov(year.diff.t)+ edgecov(year.diff.square.t )+ nodeicov('AbsDiffMQscores')+ nodeicov('NumberJusticesPro')+ 
+                 nodeicov('Overruled')+edgecov(same.opinion.writer.t) + nodeifactor('MajOpWriter')+ edgecov(same.issue.area.t)  )
>   erg.est
                        edges                        mutual 
                     62576.00                         15.00 
            nodeicov.o.degree            difftransties.term 
                    858141.00                      36694.00 
               gwideg.fixed.1          gwesp.OSP.fixed.0.15 
                     13384.52                      43326.84 
                 edgecov.mq.t           edgecov.year.diff.t 
                     58577.37                     673271.00 
   edgecov.year.diff.square.t      nodeicov.AbsDiffMQscores 
                  13628293.00                     336179.28 
   nodeicov.NumberJusticesPro            nodeicov.Overruled 
                    430861.00                       1663.00 
edgecov.same.opinion.writer.t    nodeifactor.MajOpWriter.68 
                      5474.00                        366.00 
   nodeifactor.MajOpWriter.71    nodeifactor.MajOpWriter.72 
                        55.00                        199.00 
   nodeifactor.MajOpWriter.74    nodeifactor.MajOpWriter.75 
                      2611.00                       1081.00 
   nodeifactor.MajOpWriter.76    nodeifactor.MajOpWriter.77 
                      1458.00                        123.00 
   nodeifactor.MajOpWriter.78    nodeifactor.MajOpWriter.79 
                      5606.00                       2585.00 
   nodeifactor.MajOpWriter.80    nodeifactor.MajOpWriter.81 
                      3818.00                       5746.00 
   nodeifactor.MajOpWriter.82    nodeifactor.MajOpWriter.83 
                      1233.00                        145.00 
   nodeifactor.MajOpWriter.84    nodeifactor.MajOpWriter.85 
                      1781.00                        895.00 
   nodeifactor.MajOpWriter.86    nodeifactor.MajOpWriter.87 
                       828.00                        977.00 
   nodeifactor.MajOpWriter.88    nodeifactor.MajOpWriter.89 
                      1904.00                        433.00 
   nodeifactor.MajOpWriter.90    nodeifactor.MajOpWriter.91 
                      2854.00                       1850.00 
   nodeifactor.MajOpWriter.92    nodeifactor.MajOpWriter.93 
                      4884.00                        321.00 
   nodeifactor.MajOpWriter.94    nodeifactor.MajOpWriter.95 
                      3834.00                       3208.00 
   nodeifactor.MajOpWriter.96    nodeifactor.MajOpWriter.97 
                       533.00                        419.00 
   nodeifactor.MajOpWriter.98    nodeifactor.MajOpWriter.99 
                      1553.00                       1906.00 
  nodeifactor.MajOpWriter.100   nodeifactor.MajOpWriter.101 
                      1335.00                       1985.00 
  nodeifactor.MajOpWriter.102   nodeifactor.MajOpWriter.103 
                      1579.00                        768.00 
  nodeifactor.MajOpWriter.104     edgecov.same.issue.area.t 
                       175.00                      36806.00 
>    
>   
>    
>    #############################################
>    # Independence model
>    #############################################
>    ind <- ergm(net.t~edges+ 
+                 edgecov(mq.t)+
+                 edgecov(year.diff.t)+ edgecov(year.diff.square.t )+ 
+                 nodeicov('AbsDiffMQscores')+ nodeicov('NumberJusticesPro')+ 
+                 nodeicov('Overruled')+
+                 edgecov(same.opinion.writer.t)  + edgecov(same.issue.area.t),
+                 constraints=~fixallbut(not.fixed), estimate="MLE") #
>     
>   summary(ind)   

==========================
Summary of model fit
==========================

Formula:   net.t ~ edges + edgecov(mq.t) + edgecov(year.diff.t) + edgecov(year.diff.square.t) + 
    nodeicov("AbsDiffMQscores") + nodeicov("NumberJusticesPro") + 
    nodeicov("Overruled") + edgecov(same.opinion.writer.t) + 
    edgecov(same.issue.area.t)

Iterations:  7 out of 20 

Monte Carlo MLE Results:
                                Estimate Std. Error MCMC % z value Pr(>|z|)    
edges                         -5.4287313  0.1056034      0 -51.407  < 1e-04 ***
edgecov.mq.t                   0.1238082  0.0313383      0   3.951  < 1e-04 ***
edgecov.year.diff.t           -0.0787680  0.0053060      0 -14.845  < 1e-04 ***
edgecov.year.diff.square.t     0.0006905  0.0001275      0   5.415  < 1e-04 ***
nodeicov.AbsDiffMQscores      -0.0039590  0.0106917      0  -0.370  0.71117    
nodeicov.NumberJusticesPro    -0.0541724  0.0168057      0  -3.223  0.00127 ** 
nodeicov.Overruled             0.2049548  0.1875300      0   1.093  0.27443    
edgecov.same.opinion.writer.t  0.6719544  0.0694729      0   9.672  < 1e-04 ***
edgecov.same.issue.area.t      2.0882235  0.0388817      0  53.707  < 1e-04 ***
---
Signif. codes:  0 '***' 0.001 '**' 0.01 '*' 0.05 '.' 0.1 ' ' 1

     Null Deviance: 1592249  on 1148565  degrees of freedom
 Residual Deviance:   34250  on 1148556  degrees of freedom
 
AIC: 34268    BIC: 34376    (Smaller is better.) 
>   aici<- AIC(ind)
>   bici <- BIC(ind)
> 
>    
> 
>    li84<- list(coef(model),  coef(summary(model))[,5], coef(summary(model))[,2], aicm, bicm,
+                coef(ind),  coef(summary(ind))[,5], coef(summary(ind))[,2], aici, bici ) 
>    names(li84)<- c("Coefficients", "P-values", "StdErrors", "AICm", "BICm",
+                    "CoefficientsI", "P-valuesI", "StdErrorsI", "AICi", "BICi")
> 
>   save(li84,file="1984_2.RData")
> 
> 
> 
> 
