
R version 3.5.2 (2018-12-20) -- "Eggshell Igloo"
Copyright (C) 2018 The R Foundation for Statistical Computing
Platform: x86_64-redhat-linux-gnu (64-bit)

R is free software and comes with ABSOLUTELY NO WARRANTY.
You are welcome to redistribute it under certain conditions.
Type 'license()' or 'licence()' for distribution details.

R is a collaborative project with many contributors.
Type 'contributors()' for more information and
'citation()' on how to cite R or R packages in publications.

Type 'demo()' for some demos, 'help()' for on-line help, or
'help.start()' for an HTML browser interface to help.
Type 'q()' to quit R.

> 
> # get data
> load(file="ERCM_MPLE_cl.RData")
> 
> # install.packages("statnet", Sys.getenv("R_LIBS_USER"), repos = "http://cran.case.edu" )
> library(statnet)
> library(MLmetrics)
> library(xtable)
> library(tc.ergmterms)
> 
> # there are cases in 1962 marked as 1963 and in 1971 marked as 1972
> scc1[3364,11] <- 1962
> scc1[4648,11] <- 1971
> 
> 
> year.total <- scc1[,11]-1936 #-1936 => the first year 1937 is 1, 1938 is 2 aso, term column 
> 
> set.seed(12123)
> #sampled.years <- c(14, 24, 34, 44, 54, 64, 74)
> 
> t<- 49
>   print(t+1936)
[1] 1985
> tt<- t+1936
>   rowlasttt <- max(which(scc1[,11] == tt))
>   idt <- scc1[rowlasttt, 55]  
> 
>   
>   cases <- max(which(year.total==t)) # 14 corresponds to 1950
>   
>   # simple assignment of time periods to cases
>   years <- year.total[1:cases] 
>   
>   # going to need a sender time matrix covariate
>   sender.time <- matrix(years,length(years),length(years),byrow=F)
>   year <- matrix(years, length(years),length(years),byrow=F)
>   
>    # extract the network up to time t
>   AM <- adjacency.matrix[which(years <= t),which(years <= t)]
>   
>   net.t <- network(AM) 
>   
>   #calculate outdegree
>   o.degree<- rowSums(AM)
>   
>   # fix the outdegrees of time t as 0
>   last.t<- which(years==t)
>   
>   o.degree[last.t]<- 0
>   
>   # indicate outdegree and term as a node attribute
>   net.t <- set.vertex.attribute(net.t,"o.degree", o.degree)
>   net.t <- set.vertex.attribute(net.t,"term", years)
> 
> 
>    # subset MQ matrix
>   mq.t <- mq.matrix[which(years <= t),which(years <= t)]
>   # subset same issue matrix
>   same.issue.area.t <- same.issue.area[which(years <= t),which(years <= t)]
>   # subset year diff matrix
>   year.diff.t <- year.diff.matrix[which(years <= t),which(years <= t)]
>   # subset year diff matrix square
>   year.diff.square.t <- year.diff.t^2
>   # subset sender time matrix
>   sender.time.t <- sender.time[which(years <= t),which(years <= t)]
>   # subset unique dyad id matrix
>   #dyad.id.t <- dyad.id[which(years <= t),which(years <= t)]
>   # subset year matrix
>   year.t<- year[which(years <= t),which(years <= t)]
>   # subset same opinion writer matrix
>   same.opinion.writer.t<- same.opinion.writer[which(years <= t),which(years <= t)]
>   
>   #### set vertex attributes
>   # same issue area
>   net.t <- set.vertex.attribute(net.t,"SameIssueArea", scc1[which(years <= t),41])
>   # abs diff of MQ score
>   net.t <- set.vertex.attribute(net.t,"AbsDiffMQscores", scc1[which(years <= t),65])
>   # number justices that voted for the case
>   net.t <- set.vertex.attribute(net.t,"NumberJusticesPro", scc1[which(years <= t),52])
>   # overruled covariate
>   net.t <- set.vertex.attribute(net.t,"Overruled", Overruled.matrix[which(years <= t),idt])
>   # sender time
>   net.t <- set.vertex.attribute(net.t,"sender.time", sender.time.t[,1])
>   # Majority Opinion Writer
>   net.t <- set.vertex.attribute(net.t,"MajOpWriter", scc1[which(years <= t),49])
> 
>   
>   not.fixed <- network(1*(sender.time == t))
>   
>   load(file="1985_1.RData")
> 
>   li <- li85[[1]]
> 
> 
>   
>   # fitting glm
>   model <- ergm(net.t~edges+ mutual + nodeicov("o.degree")+ difftransties("term")+gwidegree(1, fixed=TRUE)+ dgwesp(0.15, fixed=TRUE, type="OSP") +
+                 edgecov(mq.t)+
+                 edgecov(year.diff.t)+ edgecov(year.diff.square.t )+ 
+                 nodeicov('AbsDiffMQscores')+ nodeicov('NumberJusticesPro')+ 
+                 nodeicov('Overruled')+
+                 edgecov(same.opinion.writer.t)  + edgecov(same.issue.area.t),
+                 constraints=~fixallbut(not.fixed), control=control.ergm(MCMC.samplesize=10000,MCMLE.maxit=50, init=li)) #
>   summary(model)

==========================
Summary of model fit
==========================

Formula:   net.t ~ edges + mutual + nodeicov("o.degree") + difftransties("term") + 
    gwidegree(1, fixed = TRUE) + dgwesp(0.15, fixed = TRUE, type = "OSP") + 
    edgecov(mq.t) + edgecov(year.diff.t) + edgecov(year.diff.square.t) + 
    nodeicov("AbsDiffMQscores") + nodeicov("NumberJusticesPro") + 
    nodeicov("Overruled") + edgecov(same.opinion.writer.t) + 
    edgecov(same.issue.area.t)

Iterations:  3 out of 50 

Monte Carlo MLE Results:
                                Estimate Std. Error MCMC % z value Pr(>|z|)    
edges                         -7.0565366  0.1355917      0 -52.043  < 1e-04 ***
mutual                         0.7173425  0.0448751     94  15.985  < 1e-04 ***
nodeicov.o.degree             -0.0216462  0.0013835      0 -15.647  < 1e-04 ***
difftransties.term             2.5229070  0.0654647      0  38.538  < 1e-04 ***
gwideg.fixed.1                -0.2444267  0.1000535      0  -2.443  0.01457 *  
gwesp.OSP.fixed.0.15           2.4349003  0.0568409      0  42.837  < 1e-04 ***
edgecov.mq.t                  -0.0883818  0.0287948      0  -3.069  0.00215 ** 
edgecov.year.diff.t           -0.0859079  0.0052889      0 -16.243  < 1e-04 ***
edgecov.year.diff.square.t     0.0012220  0.0001196      0  10.216  < 1e-04 ***
nodeicov.AbsDiffMQscores       0.0180487  0.0106804      0   1.690  0.09105 .  
nodeicov.NumberJusticesPro     0.0046502  0.0183351      0   0.254  0.79979    
nodeicov.Overruled            -0.6625770  0.0114898     58 -57.666  < 1e-04 ***
edgecov.same.opinion.writer.t  0.3987816  0.0751279      0   5.308  < 1e-04 ***
edgecov.same.issue.area.t      0.5183368  0.0275206      0  18.835  < 1e-04 ***
---
Signif. codes:  0 '***' 0.001 '**' 0.01 '*' 0.05 '.' 0.1 ' ' 1

     Null Deviance: 1629991  on 1175790  degrees of freedom
 Residual Deviance:   24218  on 1175776  degrees of freedom
 
AIC: 24246    BIC: 24414    (Smaller is better.) 
>   aicm<- AIC(model)
>   bicm <- BIC(model)
> 
>   # get statistics
>   erg.est <- summary(net.t~edges+ mutual + nodeicov("o.degree")+ difftransties("term")+gwidegree(1, fixed=TRUE)+ 
+                 dgwesp(0.15, fixed=TRUE, type="OSP") +
+                 edgecov(mq.t)+
+                 edgecov(year.diff.t)+ edgecov(year.diff.square.t )+ nodeicov('AbsDiffMQscores')+ nodeicov('NumberJusticesPro')+ 
+                 nodeicov('Overruled')+edgecov(same.opinion.writer.t) + nodeifactor('MajOpWriter')+ edgecov(same.issue.area.t)  )
>   erg.est
                        edges                        mutual 
                     65202.00                         16.00 
            nodeicov.o.degree            difftransties.term 
                    913739.00                      38484.00 
               gwideg.fixed.1          gwesp.OSP.fixed.0.15 
                     13733.27                      45356.83 
                 edgecov.mq.t           edgecov.year.diff.t 
                     60996.86                     709840.00 
   edgecov.year.diff.square.t      nodeicov.AbsDiffMQscores 
                  14528972.00                     351533.15 
   nodeicov.NumberJusticesPro            nodeicov.Overruled 
                    448771.00                       1713.00 
edgecov.same.opinion.writer.t    nodeifactor.MajOpWriter.68 
                      5724.00                        371.00 
   nodeifactor.MajOpWriter.71    nodeifactor.MajOpWriter.72 
                        56.00                        199.00 
   nodeifactor.MajOpWriter.74    nodeifactor.MajOpWriter.75 
                      2639.00                       1088.00 
   nodeifactor.MajOpWriter.76    nodeifactor.MajOpWriter.77 
                      1470.00                        126.00 
   nodeifactor.MajOpWriter.78    nodeifactor.MajOpWriter.79 
                      5721.00                       2623.00 
   nodeifactor.MajOpWriter.80    nodeifactor.MajOpWriter.81 
                      3873.00                       5830.00 
   nodeifactor.MajOpWriter.82    nodeifactor.MajOpWriter.83 
                      1249.00                        149.00 
   nodeifactor.MajOpWriter.84    nodeifactor.MajOpWriter.85 
                      1815.00                        913.00 
   nodeifactor.MajOpWriter.86    nodeifactor.MajOpWriter.87 
                       838.00                        983.00 
   nodeifactor.MajOpWriter.88    nodeifactor.MajOpWriter.89 
                      1943.00                        437.00 
   nodeifactor.MajOpWriter.90    nodeifactor.MajOpWriter.91 
                      2918.00                       1898.00 
   nodeifactor.MajOpWriter.92    nodeifactor.MajOpWriter.93 
                      5146.00                        329.00 
   nodeifactor.MajOpWriter.94    nodeifactor.MajOpWriter.95 
                      4034.00                       3494.00 
   nodeifactor.MajOpWriter.96    nodeifactor.MajOpWriter.97 
                       546.00                        432.00 
   nodeifactor.MajOpWriter.98    nodeifactor.MajOpWriter.99 
                      1681.00                       2093.00 
  nodeifactor.MajOpWriter.100   nodeifactor.MajOpWriter.101 
                      1471.00                       2231.00 
  nodeifactor.MajOpWriter.102   nodeifactor.MajOpWriter.103 
                      1767.00                        927.00 
  nodeifactor.MajOpWriter.104     edgecov.same.issue.area.t 
                       258.00                      38347.00 
>    
>   
>    
>    #############################################
>    # Independence model
>    #############################################
>    ind <- ergm(net.t~edges+ 
+                 edgecov(mq.t)+
+                 edgecov(year.diff.t)+ edgecov(year.diff.square.t )+ 
+                 nodeicov('AbsDiffMQscores')+ nodeicov('NumberJusticesPro')+ 
+                 nodeicov('Overruled')+
+                 edgecov(same.opinion.writer.t)  + edgecov(same.issue.area.t),
+                 constraints=~fixallbut(not.fixed), estimate="MLE") #
>     
>   summary(ind)   

==========================
Summary of model fit
==========================

Formula:   net.t ~ edges + edgecov(mq.t) + edgecov(year.diff.t) + edgecov(year.diff.square.t) + 
    nodeicov("AbsDiffMQscores") + nodeicov("NumberJusticesPro") + 
    nodeicov("Overruled") + edgecov(same.opinion.writer.t) + 
    edgecov(same.issue.area.t)

Iterations:  7 out of 20 

Monte Carlo MLE Results:
                                Estimate Std. Error MCMC % z value Pr(>|z|)    
edges                         -5.3952055  0.1058380      0 -50.976  < 1e-04 ***
edgecov.mq.t                   0.0527720  0.0304469      0   1.733  0.08305 .  
edgecov.year.diff.t           -0.0608579  0.0053465      0 -11.383  < 1e-04 ***
edgecov.year.diff.square.t     0.0004108  0.0001263      0   3.253  0.00114 ** 
nodeicov.AbsDiffMQscores       0.0061575  0.0108968      0   0.565  0.57203    
nodeicov.NumberJusticesPro    -0.0951930  0.0169693      0  -5.610  < 1e-04 ***
nodeicov.Overruled             0.2383020  0.1758086      0   1.355  0.17527    
edgecov.same.opinion.writer.t  0.6949633  0.0685916      0  10.132  < 1e-04 ***
edgecov.same.issue.area.t      2.1563181  0.0398387      0  54.126  < 1e-04 ***
---
Signif. codes:  0 '***' 0.001 '**' 0.01 '*' 0.05 '.' 0.1 ' ' 1

     Null Deviance: 1629991  on 1175790  degrees of freedom
 Residual Deviance:   33280  on 1175781  degrees of freedom
 
AIC: 33298    BIC: 33406    (Smaller is better.) 
>   aici<- AIC(ind)
>   bici <- BIC(ind)
> 
>    
> 
>    li85<- list(coef(model),  coef(summary(model))[,5], coef(summary(model))[,2], aicm, bicm,
+                coef(ind),  coef(summary(ind))[,5], coef(summary(ind))[,2], aici, bici ) 
>    names(li85)<- c("Coefficients", "P-values", "StdErrors", "AICm", "BICm",
+                    "CoefficientsI", "P-valuesI", "StdErrorsI", "AICi", "BICi")
> 
>   save(li85,file="1985_2.RData")
> 
> 
> 
> 
