
R version 3.5.2 (2018-12-20) -- "Eggshell Igloo"
Copyright (C) 2018 The R Foundation for Statistical Computing
Platform: x86_64-redhat-linux-gnu (64-bit)

R is free software and comes with ABSOLUTELY NO WARRANTY.
You are welcome to redistribute it under certain conditions.
Type 'license()' or 'licence()' for distribution details.

R is a collaborative project with many contributors.
Type 'contributors()' for more information and
'citation()' on how to cite R or R packages in publications.

Type 'demo()' for some demos, 'help()' for on-line help, or
'help.start()' for an HTML browser interface to help.
Type 'q()' to quit R.

> 
> # get data
> load(file="ERCM_MPLE_cl.RData")
> 
> # install.packages("statnet", Sys.getenv("R_LIBS_USER"), repos = "http://cran.case.edu" )
> library(statnet)
> library(MLmetrics)
> library(xtable)
> library(tc.ergmterms)
> 
> # there are cases in 1962 marked as 1963 and in 1971 marked as 1972
> scc1[3364,11] <- 1962
> scc1[4648,11] <- 1971
> 
> 
> year.total <- scc1[,11]-1936 #-1936 => the first year 1937 is 1, 1938 is 2 aso, term column 
> 
> set.seed(12123)
> #sampled.years <- c(14, 24, 34, 44, 54, 64, 74)
> 
> t<- 51
>   print(t+1936)
[1] 1987
> tt<- t+1936
>   rowlasttt <- max(which(scc1[,11] == tt))
>   idt <- scc1[rowlasttt, 55]  
> 
>   
>   cases <- max(which(year.total==t)) # 14 corresponds to 1950
>   
>   # simple assignment of time periods to cases
>   years <- year.total[1:cases] 
>   
>   # going to need a sender time matrix covariate
>   sender.time <- matrix(years,length(years),length(years),byrow=F)
>   year <- matrix(years, length(years),length(years),byrow=F)
>   
>    # extract the network up to time t
>   AM <- adjacency.matrix[which(years <= t),which(years <= t)]
>   
>   net.t <- network(AM) 
>   
>   #calculate outdegree
>   o.degree<- rowSums(AM)
>   
>   # fix the outdegrees of time t as 0
>   last.t<- which(years==t)
>   
>   o.degree[last.t]<- 0
>   
>   # indicate outdegree and term as a node attribute
>   net.t <- set.vertex.attribute(net.t,"o.degree", o.degree)
>   net.t <- set.vertex.attribute(net.t,"term", years)
> 
> 
>    # subset MQ matrix
>   mq.t <- mq.matrix[which(years <= t),which(years <= t)]
>   # subset same issue matrix
>   same.issue.area.t <- same.issue.area[which(years <= t),which(years <= t)]
>   # subset year diff matrix
>   year.diff.t <- year.diff.matrix[which(years <= t),which(years <= t)]
>   # subset year diff matrix square
>   year.diff.square.t <- year.diff.t^2
>   # subset sender time matrix
>   sender.time.t <- sender.time[which(years <= t),which(years <= t)]
>   # subset unique dyad id matrix
>   #dyad.id.t <- dyad.id[which(years <= t),which(years <= t)]
>   # subset year matrix
>   year.t<- year[which(years <= t),which(years <= t)]
>   # subset same opinion writer matrix
>   same.opinion.writer.t<- same.opinion.writer[which(years <= t),which(years <= t)]
>   
>   #### set vertex attributes
>   # same issue area
>   net.t <- set.vertex.attribute(net.t,"SameIssueArea", scc1[which(years <= t),41])
>   # abs diff of MQ score
>   net.t <- set.vertex.attribute(net.t,"AbsDiffMQscores", scc1[which(years <= t),65])
>   # number justices that voted for the case
>   net.t <- set.vertex.attribute(net.t,"NumberJusticesPro", scc1[which(years <= t),52])
>   # overruled covariate
>   net.t <- set.vertex.attribute(net.t,"Overruled", Overruled.matrix[which(years <= t),idt])
>   # sender time
>   net.t <- set.vertex.attribute(net.t,"sender.time", sender.time.t[,1])
>   # Majority Opinion Writer
>   net.t <- set.vertex.attribute(net.t,"MajOpWriter", scc1[which(years <= t),49])
> 
>   
>   not.fixed <- network(1*(sender.time == t))
>   
>   
>   # fitting glm
>   model <- ergm(net.t~edges+ mutual + nodeicov("o.degree")+ difftransties("term")+gwidegree(1, fixed=TRUE)+ dgwesp(0.15, fixed=TRUE, type="OSP") +
+                 edgecov(mq.t)+
+                 edgecov(year.diff.t)+ edgecov(year.diff.square.t )+ 
+                 nodeicov('AbsDiffMQscores')+ nodeicov('NumberJusticesPro')+ 
+                 nodeicov('Overruled')+
+                 edgecov(same.opinion.writer.t)  + edgecov(same.issue.area.t),
+                 constraints=~fixallbut(not.fixed), control=control.ergm(MCMC.samplesize=10000,MCMLE.maxit=50), eval.loglik=FALSE) #
>   summary(model) 

==========================
Summary of model fit
==========================

Formula:   net.t ~ edges + mutual + nodeicov("o.degree") + difftransties("term") + 
    gwidegree(1, fixed = TRUE) + dgwesp(0.15, fixed = TRUE, type = "OSP") + 
    edgecov(mq.t) + edgecov(year.diff.t) + edgecov(year.diff.square.t) + 
    nodeicov("AbsDiffMQscores") + nodeicov("NumberJusticesPro") + 
    nodeicov("Overruled") + edgecov(same.opinion.writer.t) + 
    edgecov(same.issue.area.t)

Iterations:  17 out of 50 

Monte Carlo MLE Results:
                                Estimate Std. Error MCMC %  z value Pr(>|z|)
edges                         -7.407e+00  5.048e-02      1 -146.743  < 1e-04
mutual                        -1.124e+01         NA     NA       NA       NA
nodeicov.o.degree             -2.244e-02  1.590e-03      0  -14.119  < 1e-04
difftransties.term             2.502e+00  7.049e-02      0   35.498  < 1e-04
gwideg.fixed.1                -2.250e-01  7.872e-02      0   -2.858  0.00426
gwesp.OSP.fixed.0.15           2.510e+00  6.507e-02      0   38.582  < 1e-04
edgecov.mq.t                  -2.084e-03  2.645e-02      0   -0.079  0.93719
edgecov.year.diff.t           -1.081e-01  5.683e-03      0  -19.014  < 1e-04
edgecov.year.diff.square.t     1.661e-03  1.202e-04      0   13.815  < 1e-04
nodeicov.AbsDiffMQscores       2.214e-02  1.319e-02      0    1.679  0.09323
nodeicov.NumberJusticesPro     5.685e-02  1.778e-02      0    3.197  0.00139
nodeicov.Overruled            -7.869e-01  1.425e-02     61  -55.217  < 1e-04
edgecov.same.opinion.writer.t  1.761e-01  7.213e-02      0    2.441  0.01463
edgecov.same.issue.area.t      6.135e-01  3.220e-02      0   19.051  < 1e-04
                                 
edges                         ***
mutual                           
nodeicov.o.degree             ***
difftransties.term            ***
gwideg.fixed.1                ** 
gwesp.OSP.fixed.0.15          ***
edgecov.mq.t                     
edgecov.year.diff.t           ***
edgecov.year.diff.square.t    ***
nodeicov.AbsDiffMQscores      .  
nodeicov.NumberJusticesPro    ** 
nodeicov.Overruled            ***
edgecov.same.opinion.writer.t *  
edgecov.same.issue.area.t     ***
---
Signif. codes:  0 '***' 0.001 '**' 0.01 '*' 0.05 '.' 0.1 ' ' 1

Log-likelihood was not estimated for this fit.
To get deviances, AIC, and/or BIC from fit `model` run 
  > model<-logLik(model, add=TRUE)
to add it to the object or rerun this function with eval.loglik=TRUE.
>   
> 
>   # get statistics
>   erg.est <- summary(net.t~edges+ mutual + nodeicov("o.degree")+ difftransties("term")+gwidegree(1, fixed=TRUE)+ 
+                 dgwesp(0.15, fixed=TRUE, type="OSP") +
+                 edgecov(mq.t)+
+                 edgecov(year.diff.t)+ edgecov(year.diff.square.t )+ nodeicov('AbsDiffMQscores')+ nodeicov('NumberJusticesPro')+ 
+                 nodeicov('Overruled')+edgecov(same.opinion.writer.t) + nodeifactor('MajOpWriter')+ edgecov(same.issue.area.t)  )
>   erg.est
                        edges                        mutual 
                     69642.00                         16.00 
            nodeicov.o.degree            difftransties.term 
                   1002801.00                      41461.00 
               gwideg.fixed.1          gwesp.OSP.fixed.0.15 
                     14375.39                      48768.58 
                 edgecov.mq.t           edgecov.year.diff.t 
                     65481.43                     776001.00 
   edgecov.year.diff.square.t      nodeicov.AbsDiffMQscores 
                  16269781.00                     377441.00 
   nodeicov.NumberJusticesPro            nodeicov.Overruled 
                    479126.00                       1789.00 
edgecov.same.opinion.writer.t    nodeifactor.MajOpWriter.68 
                      6075.00                        383.00 
   nodeifactor.MajOpWriter.71    nodeifactor.MajOpWriter.72 
                        56.00                        201.00 
   nodeifactor.MajOpWriter.74    nodeifactor.MajOpWriter.75 
                      2687.00                       1103.00 
   nodeifactor.MajOpWriter.76    nodeifactor.MajOpWriter.77 
                      1497.00                        130.00 
   nodeifactor.MajOpWriter.78    nodeifactor.MajOpWriter.79 
                      5887.00                       2685.00 
   nodeifactor.MajOpWriter.80    nodeifactor.MajOpWriter.81 
                      3973.00                       6002.00 
   nodeifactor.MajOpWriter.82    nodeifactor.MajOpWriter.83 
                      1290.00                        150.00 
   nodeifactor.MajOpWriter.84    nodeifactor.MajOpWriter.85 
                      1875.00                        947.00 
   nodeifactor.MajOpWriter.86    nodeifactor.MajOpWriter.87 
                       864.00                       1006.00 
   nodeifactor.MajOpWriter.88    nodeifactor.MajOpWriter.89 
                      2005.00                        442.00 
   nodeifactor.MajOpWriter.90    nodeifactor.MajOpWriter.91 
                      3047.00                       1984.00 
   nodeifactor.MajOpWriter.92    nodeifactor.MajOpWriter.93 
                      5590.00                        339.00 
   nodeifactor.MajOpWriter.94    nodeifactor.MajOpWriter.95 
                      4331.00                       3942.00 
   nodeifactor.MajOpWriter.96    nodeifactor.MajOpWriter.97 
                       561.00                        461.00 
   nodeifactor.MajOpWriter.98    nodeifactor.MajOpWriter.99 
                      1929.00                       2394.00 
  nodeifactor.MajOpWriter.100   nodeifactor.MajOpWriter.101 
                      1739.00                       2630.00 
  nodeifactor.MajOpWriter.102   nodeifactor.MajOpWriter.103 
                      2072.00                       1159.00 
  nodeifactor.MajOpWriter.104   nodeifactor.MajOpWriter.105 
                       414.00                         17.00 
  nodeifactor.MajOpWriter.106     edgecov.same.issue.area.t 
                         3.00                      41016.00 
>   
> 
>    li87<- list(coef(model),  coef(summary(model))[,5], coef(summary(model))[,2] ) 
>    names(li87)<- c("Coefficients", "P-values", "StdErrors")
> 
>   save(li87,file="1987_1.RData")
> 
> 
> 
> 
