
R version 3.5.2 (2018-12-20) -- "Eggshell Igloo"
Copyright (C) 2018 The R Foundation for Statistical Computing
Platform: x86_64-redhat-linux-gnu (64-bit)

R is free software and comes with ABSOLUTELY NO WARRANTY.
You are welcome to redistribute it under certain conditions.
Type 'license()' or 'licence()' for distribution details.

R is a collaborative project with many contributors.
Type 'contributors()' for more information and
'citation()' on how to cite R or R packages in publications.

Type 'demo()' for some demos, 'help()' for on-line help, or
'help.start()' for an HTML browser interface to help.
Type 'q()' to quit R.

> 
> # get data
> load(file="ERCM_MPLE_cl.RData")
> 
> # install.packages("statnet", Sys.getenv("R_LIBS_USER"), repos = "http://cran.case.edu" )
> library(statnet)
> library(MLmetrics)
> library(xtable)
> library(tc.ergmterms)
> 
> # there are cases in 1962 marked as 1963 and in 1971 marked as 1972
> scc1[3364,11] <- 1962
> scc1[4648,11] <- 1971
> 
> 
> year.total <- scc1[,11]-1936 #-1936 => the first year 1937 is 1, 1938 is 2 aso, term column 
> 
> set.seed(12123)
> #sampled.years <- c(14, 24, 34, 44, 54, 64, 74)
> 
> t<- 52
>   print(t+1936)
[1] 1988
> tt<- t+1936
>   rowlasttt <- max(which(scc1[,11] == tt))
>   idt <- scc1[rowlasttt, 55]  
> 
>   
>   cases <- max(which(year.total==t)) # 14 corresponds to 1950
>   
>   # simple assignment of time periods to cases
>   years <- year.total[1:cases] 
>   
>   # going to need a sender time matrix covariate
>   sender.time <- matrix(years,length(years),length(years),byrow=F)
>   year <- matrix(years, length(years),length(years),byrow=F)
>   
>    # extract the network up to time t
>   AM <- adjacency.matrix[which(years <= t),which(years <= t)]
>   
>   net.t <- network(AM) 
>   
>   #calculate outdegree
>   o.degree<- rowSums(AM)
>   
>   # fix the outdegrees of time t as 0
>   last.t<- which(years==t)
>   
>   o.degree[last.t]<- 0
>   
>   # indicate outdegree and term as a node attribute
>   net.t <- set.vertex.attribute(net.t,"o.degree", o.degree)
>   net.t <- set.vertex.attribute(net.t,"term", years)
> 
> 
>    # subset MQ matrix
>   mq.t <- mq.matrix[which(years <= t),which(years <= t)]
>   # subset same issue matrix
>   same.issue.area.t <- same.issue.area[which(years <= t),which(years <= t)]
>   # subset year diff matrix
>   year.diff.t <- year.diff.matrix[which(years <= t),which(years <= t)]
>   # subset year diff matrix square
>   year.diff.square.t <- year.diff.t^2
>   # subset sender time matrix
>   sender.time.t <- sender.time[which(years <= t),which(years <= t)]
>   # subset unique dyad id matrix
>   #dyad.id.t <- dyad.id[which(years <= t),which(years <= t)]
>   # subset year matrix
>   year.t<- year[which(years <= t),which(years <= t)]
>   # subset same opinion writer matrix
>   same.opinion.writer.t<- same.opinion.writer[which(years <= t),which(years <= t)]
>   
>   #### set vertex attributes
>   # same issue area
>   net.t <- set.vertex.attribute(net.t,"SameIssueArea", scc1[which(years <= t),41])
>   # abs diff of MQ score
>   net.t <- set.vertex.attribute(net.t,"AbsDiffMQscores", scc1[which(years <= t),65])
>   # number justices that voted for the case
>   net.t <- set.vertex.attribute(net.t,"NumberJusticesPro", scc1[which(years <= t),52])
>   # overruled covariate
>   net.t <- set.vertex.attribute(net.t,"Overruled", Overruled.matrix[which(years <= t),idt])
>   # sender time
>   net.t <- set.vertex.attribute(net.t,"sender.time", sender.time.t[,1])
>   # Majority Opinion Writer
>   net.t <- set.vertex.attribute(net.t,"MajOpWriter", scc1[which(years <= t),49])
> 
>   
>   not.fixed <- network(1*(sender.time == t))
>   
>   load(file="1988_1.RData")
> 
>   li <- li88[[1]]
> 
> 
>   
>   # fitting glm
>   model <- ergm(net.t~edges+ mutual + nodeicov("o.degree")+ difftransties("term")+gwidegree(1, fixed=TRUE)+ dgwesp(0.15, fixed=TRUE, type="OSP") +
+                 edgecov(mq.t)+
+                 edgecov(year.diff.t)+ edgecov(year.diff.square.t )+ 
+                 nodeicov('AbsDiffMQscores')+ nodeicov('NumberJusticesPro')+ 
+                 nodeicov('Overruled')+
+                 edgecov(same.opinion.writer.t)  + edgecov(same.issue.area.t),
+                 constraints=~fixallbut(not.fixed), control=control.ergm(MCMC.samplesize=10000,MCMLE.maxit=50, init=li)) #
>   summary(model)

==========================
Summary of model fit
==========================

Formula:   net.t ~ edges + mutual + nodeicov("o.degree") + difftransties("term") + 
    gwidegree(1, fixed = TRUE) + dgwesp(0.15, fixed = TRUE, type = "OSP") + 
    edgecov(mq.t) + edgecov(year.diff.t) + edgecov(year.diff.square.t) + 
    nodeicov("AbsDiffMQscores") + nodeicov("NumberJusticesPro") + 
    nodeicov("Overruled") + edgecov(same.opinion.writer.t) + 
    edgecov(same.issue.area.t)

Iterations:  2 out of 50 

Monte Carlo MLE Results:
                                Estimate Std. Error MCMC %  z value Pr(>|z|)
edges                         -7.3567340  0.0471602      1 -155.995   <1e-04
mutual                         0.2331976  0.0432921     98    5.387   <1e-04
nodeicov.o.degree             -0.0249477  0.0014064      0  -17.739   <1e-04
difftransties.term             2.5716925  0.0637698      0   40.328   <1e-04
gwideg.fixed.1                 0.0093162  0.0675506      0    0.138    0.890
gwesp.OSP.fixed.0.15           2.5346655  0.0568538      0   44.582   <1e-04
edgecov.mq.t                   0.0190170  0.0253961      0    0.749    0.454
edgecov.year.diff.t           -0.0953478  0.0047379      0  -20.124   <1e-04
edgecov.year.diff.square.t     0.0012438  0.0001013      0   12.283   <1e-04
nodeicov.AbsDiffMQscores      -0.0105145  0.0119652      0   -0.879    0.380
nodeicov.NumberJusticesPro     0.0741903  0.0153011      0    4.849   <1e-04
nodeicov.Overruled            -0.4861399  0.0119130     54  -40.808   <1e-04
edgecov.same.opinion.writer.t  0.3869434  0.0643130      0    6.017   <1e-04
edgecov.same.issue.area.t      0.5440203  0.0264617      1   20.559   <1e-04
                                 
edges                         ***
mutual                        ***
nodeicov.o.degree             ***
difftransties.term            ***
gwideg.fixed.1                   
gwesp.OSP.fixed.0.15          ***
edgecov.mq.t                     
edgecov.year.diff.t           ***
edgecov.year.diff.square.t    ***
nodeicov.AbsDiffMQscores         
nodeicov.NumberJusticesPro    ***
nodeicov.Overruled            ***
edgecov.same.opinion.writer.t ***
edgecov.same.issue.area.t     ***
---
Signif. codes:  0 '***' 0.001 '**' 0.01 '*' 0.05 '.' 0.1 ' ' 1

     Null Deviance: 1599762  on 1153984  degrees of freedom
 Residual Deviance:   25022  on 1153970  degrees of freedom
 
AIC: 25050    BIC: 25218    (Smaller is better.) 
>   aicm<- AIC(model)
>   bicm <- BIC(model)
> 
>   # get statistics
>   erg.est <- summary(net.t~edges+ mutual + nodeicov("o.degree")+ difftransties("term")+gwidegree(1, fixed=TRUE)+ 
+                 dgwesp(0.15, fixed=TRUE, type="OSP") +
+                 edgecov(mq.t)+
+                 edgecov(year.diff.t)+ edgecov(year.diff.square.t )+ nodeicov('AbsDiffMQscores')+ nodeicov('NumberJusticesPro')+ 
+                 nodeicov('Overruled')+edgecov(same.opinion.writer.t) + nodeifactor('MajOpWriter')+ edgecov(same.issue.area.t)  )
>   erg.est
                        edges                        mutual 
                     72412.00                         17.00 
            nodeicov.o.degree            difftransties.term 
                   1057457.00                      43336.00 
               gwideg.fixed.1          gwesp.OSP.fixed.0.15 
                     14799.82                      50967.61 
                 edgecov.mq.t           edgecov.year.diff.t 
                     68407.64                     816982.00 
   edgecov.year.diff.square.t      nodeicov.AbsDiffMQscores 
                  17336438.00                     393391.78 
   nodeicov.NumberJusticesPro            nodeicov.Overruled 
                    498074.00                       1941.00 
edgecov.same.opinion.writer.t    nodeifactor.MajOpWriter.68 
                      6271.00                        387.00 
   nodeifactor.MajOpWriter.71    nodeifactor.MajOpWriter.72 
                        58.00                        201.00 
   nodeifactor.MajOpWriter.74    nodeifactor.MajOpWriter.75 
                      2720.00                       1112.00 
   nodeifactor.MajOpWriter.76    nodeifactor.MajOpWriter.77 
                      1514.00                        133.00 
   nodeifactor.MajOpWriter.78    nodeifactor.MajOpWriter.79 
                      6002.00                       2720.00 
   nodeifactor.MajOpWriter.80    nodeifactor.MajOpWriter.81 
                      4009.00                       6097.00 
   nodeifactor.MajOpWriter.82    nodeifactor.MajOpWriter.83 
                      1304.00                        150.00 
   nodeifactor.MajOpWriter.84    nodeifactor.MajOpWriter.85 
                      1902.00                        961.00 
   nodeifactor.MajOpWriter.86    nodeifactor.MajOpWriter.87 
                       876.00                       1022.00 
   nodeifactor.MajOpWriter.88    nodeifactor.MajOpWriter.89 
                      2030.00                        446.00 
   nodeifactor.MajOpWriter.90    nodeifactor.MajOpWriter.91 
                      3116.00                       2021.00 
   nodeifactor.MajOpWriter.92    nodeifactor.MajOpWriter.93 
                      5883.00                        348.00 
   nodeifactor.MajOpWriter.94    nodeifactor.MajOpWriter.95 
                      4503.00                       4241.00 
   nodeifactor.MajOpWriter.96    nodeifactor.MajOpWriter.97 
                       571.00                        476.00 
   nodeifactor.MajOpWriter.98    nodeifactor.MajOpWriter.99 
                      2101.00                       2578.00 
  nodeifactor.MajOpWriter.100   nodeifactor.MajOpWriter.101 
                      1902.00                       2832.00 
  nodeifactor.MajOpWriter.102   nodeifactor.MajOpWriter.103 
                      2306.00                       1303.00 
  nodeifactor.MajOpWriter.104   nodeifactor.MajOpWriter.105 
                       542.00                         46.00 
  nodeifactor.MajOpWriter.106     edgecov.same.issue.area.t 
                        24.00                      42604.00 
>    
>   
>    
>    #############################################
>    # Independence model
>    #############################################
>    ind <- ergm(net.t~edges+ 
+                 edgecov(mq.t)+
+                 edgecov(year.diff.t)+ edgecov(year.diff.square.t )+ 
+                 nodeicov('AbsDiffMQscores')+ nodeicov('NumberJusticesPro')+ 
+                 nodeicov('Overruled')+
+                 edgecov(same.opinion.writer.t)  + edgecov(same.issue.area.t),
+                 constraints=~fixallbut(not.fixed), estimate="MLE") #
>     
>   summary(ind)   

==========================
Summary of model fit
==========================

Formula:   net.t ~ edges + edgecov(mq.t) + edgecov(year.diff.t) + edgecov(year.diff.square.t) + 
    nodeicov("AbsDiffMQscores") + nodeicov("NumberJusticesPro") + 
    nodeicov("Overruled") + edgecov(same.opinion.writer.t) + 
    edgecov(same.issue.area.t)

Iterations:  7 out of 20 

Monte Carlo MLE Results:
                                Estimate Std. Error MCMC % z value Pr(>|z|)    
edges                         -5.4494315  0.1022929      0 -53.273  < 1e-04 ***
edgecov.mq.t                   0.1025512  0.0270255      0   3.795 0.000148 ***
edgecov.year.diff.t           -0.0634249  0.0049238      0 -12.881  < 1e-04 ***
edgecov.year.diff.square.t     0.0003926  0.0001106      0   3.551 0.000384 ***
nodeicov.AbsDiffMQscores      -0.0181091  0.0112565      0  -1.609 0.107666    
nodeicov.NumberJusticesPro    -0.0461299  0.0167737      0  -2.750 0.005957 ** 
nodeicov.Overruled             0.3436229  0.1703386      0   2.017 0.043665 *  
edgecov.same.opinion.writer.t  0.5026788  0.0758065      0   6.631  < 1e-04 ***
edgecov.same.issue.area.t      2.1741189  0.0386121      0  56.307  < 1e-04 ***
---
Signif. codes:  0 '***' 0.001 '**' 0.01 '*' 0.05 '.' 0.1 ' ' 1

     Null Deviance: 1599762  on 1153984  degrees of freedom
 Residual Deviance:   34719  on 1153975  degrees of freedom
 
AIC: 34737    BIC: 34844    (Smaller is better.) 
>   aici<- AIC(ind)
>   bici <- BIC(ind)
> 
>    
> 
>    li88<- list(coef(model),  coef(summary(model))[,5], coef(summary(model))[,2], aicm, bicm,
+                coef(ind),  coef(summary(ind))[,5], coef(summary(ind))[,2], aici, bici ) 
>    names(li88)<- c("Coefficients", "P-values", "StdErrors", "AICm", "BICm",
+                    "CoefficientsI", "P-valuesI", "StdErrorsI", "AICi", "BICi")
> 
>   save(li88,file="1988_2.RData")
> 
> 
> 
> 
