
R version 3.5.2 (2018-12-20) -- "Eggshell Igloo"
Copyright (C) 2018 The R Foundation for Statistical Computing
Platform: x86_64-redhat-linux-gnu (64-bit)

R is free software and comes with ABSOLUTELY NO WARRANTY.
You are welcome to redistribute it under certain conditions.
Type 'license()' or 'licence()' for distribution details.

R is a collaborative project with many contributors.
Type 'contributors()' for more information and
'citation()' on how to cite R or R packages in publications.

Type 'demo()' for some demos, 'help()' for on-line help, or
'help.start()' for an HTML browser interface to help.
Type 'q()' to quit R.

> 
> # get data
> load(file="ERCM_MPLE_cl.RData")
> 
> # install.packages("statnet", Sys.getenv("R_LIBS_USER"), repos = "http://cran.case.edu" )
> library(statnet)
> library(MLmetrics)
> library(xtable)
> library(tc.ergmterms)
> 
> # there are cases in 1962 marked as 1963 and in 1971 marked as 1972
> scc1[3364,11] <- 1962
> scc1[4648,11] <- 1971
> 
> 
> year.total <- scc1[,11]-1936 #-1936 => the first year 1937 is 1, 1938 is 2 aso, term column 
> 
> set.seed(12123)
> #sampled.years <- c(14, 24, 34, 44, 54, 64, 74)
> 
> t<- 53
>   print(t+1936)
[1] 1989
> tt<- t+1936
>   rowlasttt <- max(which(scc1[,11] == tt))
>   idt <- scc1[rowlasttt, 55]  
> 
>   
>   cases <- max(which(year.total==t)) # 14 corresponds to 1950
>   
>   # simple assignment of time periods to cases
>   years <- year.total[1:cases] 
>   
>   # going to need a sender time matrix covariate
>   sender.time <- matrix(years,length(years),length(years),byrow=F)
>   year <- matrix(years, length(years),length(years),byrow=F)
>   
>    # extract the network up to time t
>   AM <- adjacency.matrix[which(years <= t),which(years <= t)]
>   
>   net.t <- network(AM) 
>   
>   #calculate outdegree
>   o.degree<- rowSums(AM)
>   
>   # fix the outdegrees of time t as 0
>   last.t<- which(years==t)
>   
>   o.degree[last.t]<- 0
>   
>   # indicate outdegree and term as a node attribute
>   net.t <- set.vertex.attribute(net.t,"o.degree", o.degree)
>   net.t <- set.vertex.attribute(net.t,"term", years)
> 
> 
>    # subset MQ matrix
>   mq.t <- mq.matrix[which(years <= t),which(years <= t)]
>   # subset same issue matrix
>   same.issue.area.t <- same.issue.area[which(years <= t),which(years <= t)]
>   # subset year diff matrix
>   year.diff.t <- year.diff.matrix[which(years <= t),which(years <= t)]
>   # subset year diff matrix square
>   year.diff.square.t <- year.diff.t^2
>   # subset sender time matrix
>   sender.time.t <- sender.time[which(years <= t),which(years <= t)]
>   # subset unique dyad id matrix
>   #dyad.id.t <- dyad.id[which(years <= t),which(years <= t)]
>   # subset year matrix
>   year.t<- year[which(years <= t),which(years <= t)]
>   # subset same opinion writer matrix
>   same.opinion.writer.t<- same.opinion.writer[which(years <= t),which(years <= t)]
>   
>   #### set vertex attributes
>   # same issue area
>   net.t <- set.vertex.attribute(net.t,"SameIssueArea", scc1[which(years <= t),41])
>   # abs diff of MQ score
>   net.t <- set.vertex.attribute(net.t,"AbsDiffMQscores", scc1[which(years <= t),65])
>   # number justices that voted for the case
>   net.t <- set.vertex.attribute(net.t,"NumberJusticesPro", scc1[which(years <= t),52])
>   # overruled covariate
>   net.t <- set.vertex.attribute(net.t,"Overruled", Overruled.matrix[which(years <= t),idt])
>   # sender time
>   net.t <- set.vertex.attribute(net.t,"sender.time", sender.time.t[,1])
>   # Majority Opinion Writer
>   net.t <- set.vertex.attribute(net.t,"MajOpWriter", scc1[which(years <= t),49])
> 
>   
>   not.fixed <- network(1*(sender.time == t))
>   
>   load(file="1989_1.RData")
> 
>   li <- li89[[1]]
> 
> 
>   
>   # fitting glm
>   model <- ergm(net.t~edges+ mutual + nodeicov("o.degree")+ difftransties("term")+gwidegree(1, fixed=TRUE)+ dgwesp(0.15, fixed=TRUE, type="OSP") +
+                 edgecov(mq.t)+
+                 edgecov(year.diff.t)+ edgecov(year.diff.square.t )+ 
+                 nodeicov('AbsDiffMQscores')+ nodeicov('NumberJusticesPro')+ 
+                 nodeicov('Overruled')+
+                 edgecov(same.opinion.writer.t)  + edgecov(same.issue.area.t),
+                 constraints=~fixallbut(not.fixed), control=control.ergm(MCMC.samplesize=10000,MCMLE.maxit=50, init=li)) #
>   summary(model)

==========================
Summary of model fit
==========================

Formula:   net.t ~ edges + mutual + nodeicov("o.degree") + difftransties("term") + 
    gwidegree(1, fixed = TRUE) + dgwesp(0.15, fixed = TRUE, type = "OSP") + 
    edgecov(mq.t) + edgecov(year.diff.t) + edgecov(year.diff.square.t) + 
    nodeicov("AbsDiffMQscores") + nodeicov("NumberJusticesPro") + 
    nodeicov("Overruled") + edgecov(same.opinion.writer.t) + 
    edgecov(same.issue.area.t)

Iterations:  5 out of 50 

Monte Carlo MLE Results:
                                Estimate Std. Error MCMC %  z value Pr(>|z|)
edges                         -7.351e+00  3.958e-02      2 -185.731  < 1e-04
mutual                        -1.204e+01         NA     NA       NA       NA
nodeicov.o.degree             -2.208e-02  1.506e-03      0  -14.656  < 1e-04
difftransties.term             2.552e+00  6.807e-02      0   37.493  < 1e-04
gwideg.fixed.1                -1.993e-02  8.204e-02      0   -0.243 0.808101
gwesp.OSP.fixed.0.15           2.589e+00  6.238e-02      0   41.514  < 1e-04
edgecov.mq.t                   9.489e-03  2.493e-02      0    0.381 0.703467
edgecov.year.diff.t           -8.491e-02  4.946e-03      0  -17.170  < 1e-04
edgecov.year.diff.square.t     1.044e-03  1.027e-04      0   10.164  < 1e-04
nodeicov.AbsDiffMQscores       8.315e-03  1.277e-02      0    0.651 0.515113
nodeicov.NumberJusticesPro     3.301e-02  1.576e-02      0    2.095 0.036214
nodeicov.Overruled            -4.772e-01  1.364e-02     49  -34.994  < 1e-04
edgecov.same.opinion.writer.t  2.819e-01  8.191e-02      0    3.442 0.000578
edgecov.same.issue.area.t      5.389e-01  2.941e-02      0   18.325  < 1e-04
                                 
edges                         ***
mutual                           
nodeicov.o.degree             ***
difftransties.term            ***
gwideg.fixed.1                   
gwesp.OSP.fixed.0.15          ***
edgecov.mq.t                     
edgecov.year.diff.t           ***
edgecov.year.diff.square.t    ***
nodeicov.AbsDiffMQscores         
nodeicov.NumberJusticesPro    *  
nodeicov.Overruled            ***
edgecov.same.opinion.writer.t ***
edgecov.same.issue.area.t     ***
---
Signif. codes:  0 '***' 0.001 '**' 0.01 '*' 0.05 '.' 0.1 ' ' 1

     Null Deviance: 1489724  on 1074609  degrees of freedom
 Residual Deviance:   22794  on 1074595  degrees of freedom
 
AIC: 22822    BIC: 22988    (Smaller is better.) 
>   aicm<- AIC(model)
>   bicm <- BIC(model)
> 
>   # get statistics
>   erg.est <- summary(net.t~edges+ mutual + nodeicov("o.degree")+ difftransties("term")+gwidegree(1, fixed=TRUE)+ 
+                 dgwesp(0.15, fixed=TRUE, type="OSP") +
+                 edgecov(mq.t)+
+                 edgecov(year.diff.t)+ edgecov(year.diff.square.t )+ nodeicov('AbsDiffMQscores')+ nodeicov('NumberJusticesPro')+ 
+                 nodeicov('Overruled')+edgecov(same.opinion.writer.t) + nodeifactor('MajOpWriter')+ edgecov(same.issue.area.t)  )
>   erg.est
                        edges                        mutual 
                     74996.00                         17.00 
            nodeicov.o.degree            difftransties.term 
                   1113214.00                      45157.00 
               gwideg.fixed.1          gwesp.OSP.fixed.0.15 
                     15144.73                      53103.63 
                 edgecov.mq.t           edgecov.year.diff.t 
                     71255.99                     856444.00 
   edgecov.year.diff.square.t      nodeicov.AbsDiffMQscores 
                  18365368.00                     408002.52 
   nodeicov.NumberJusticesPro            nodeicov.Overruled 
                    515472.00                       1980.00 
edgecov.same.opinion.writer.t    nodeifactor.MajOpWriter.68 
                      6468.00                        390.00 
   nodeifactor.MajOpWriter.71    nodeifactor.MajOpWriter.72 
                        59.00                        203.00 
   nodeifactor.MajOpWriter.74    nodeifactor.MajOpWriter.75 
                      2739.00                       1121.00 
   nodeifactor.MajOpWriter.76    nodeifactor.MajOpWriter.77 
                      1526.00                        135.00 
   nodeifactor.MajOpWriter.78    nodeifactor.MajOpWriter.79 
                      6090.00                       2747.00 
   nodeifactor.MajOpWriter.80    nodeifactor.MajOpWriter.81 
                      4049.00                       6176.00 
   nodeifactor.MajOpWriter.82    nodeifactor.MajOpWriter.83 
                      1322.00                        150.00 
   nodeifactor.MajOpWriter.84    nodeifactor.MajOpWriter.85 
                      1926.00                        968.00 
   nodeifactor.MajOpWriter.86    nodeifactor.MajOpWriter.87 
                       892.00                       1037.00 
   nodeifactor.MajOpWriter.88    nodeifactor.MajOpWriter.89 
                      2051.00                        451.00 
   nodeifactor.MajOpWriter.90    nodeifactor.MajOpWriter.91 
                      3181.00                       2078.00 
   nodeifactor.MajOpWriter.92    nodeifactor.MajOpWriter.93 
                      6147.00                        358.00 
   nodeifactor.MajOpWriter.94    nodeifactor.MajOpWriter.95 
                      4668.00                       4559.00 
   nodeifactor.MajOpWriter.96    nodeifactor.MajOpWriter.97 
                       585.00                        485.00 
   nodeifactor.MajOpWriter.98    nodeifactor.MajOpWriter.99 
                      2236.00                       2725.00 
  nodeifactor.MajOpWriter.100   nodeifactor.MajOpWriter.101 
                      2062.00                       3032.00 
  nodeifactor.MajOpWriter.102   nodeifactor.MajOpWriter.103 
                      2487.00                       1460.00 
  nodeifactor.MajOpWriter.104   nodeifactor.MajOpWriter.105 
                       666.00                         88.00 
  nodeifactor.MajOpWriter.106     edgecov.same.issue.area.t 
                        60.00                      44183.00 
>    
>   
>    
>    #############################################
>    # Independence model
>    #############################################
>    ind <- ergm(net.t~edges+ 
+                 edgecov(mq.t)+
+                 edgecov(year.diff.t)+ edgecov(year.diff.square.t )+ 
+                 nodeicov('AbsDiffMQscores')+ nodeicov('NumberJusticesPro')+ 
+                 nodeicov('Overruled')+
+                 edgecov(same.opinion.writer.t)  + edgecov(same.issue.area.t),
+                 constraints=~fixallbut(not.fixed), estimate="MLE") #
>     
>   summary(ind)   

==========================
Summary of model fit
==========================

Formula:   net.t ~ edges + edgecov(mq.t) + edgecov(year.diff.t) + edgecov(year.diff.square.t) + 
    nodeicov("AbsDiffMQscores") + nodeicov("NumberJusticesPro") + 
    nodeicov("Overruled") + edgecov(same.opinion.writer.t) + 
    edgecov(same.issue.area.t)

Iterations:  8 out of 20 

Monte Carlo MLE Results:
                                Estimate Std. Error MCMC % z value Pr(>|z|)    
edges                         -5.387e+00  1.068e-01      0 -50.449  < 1e-04 ***
edgecov.mq.t                   1.430e-01  2.578e-02      0   5.548  < 1e-04 ***
edgecov.year.diff.t           -5.004e-02  5.085e-03      0  -9.841  < 1e-04 ***
edgecov.year.diff.square.t     6.831e-05  1.137e-04      0   0.601 0.548091    
nodeicov.AbsDiffMQscores      -1.263e-02  1.130e-02      0  -1.117 0.263803    
nodeicov.NumberJusticesPro    -8.694e-02  1.714e-02      0  -5.073  < 1e-04 ***
nodeicov.Overruled             5.761e-01  1.564e-01      0   3.683 0.000231 ***
edgecov.same.opinion.writer.t  4.595e-01  7.605e-02      0   6.043  < 1e-04 ***
edgecov.same.issue.area.t      2.285e+00  4.054e-02      0  56.372  < 1e-04 ***
---
Signif. codes:  0 '***' 0.001 '**' 0.01 '*' 0.05 '.' 0.1 ' ' 1

     Null Deviance: 1489724  on 1074609  degrees of freedom
 Residual Deviance:   31982  on 1074600  degrees of freedom
 
AIC: 32000    BIC: 32107    (Smaller is better.) 
>   aici<- AIC(ind)
>   bici <- BIC(ind)
> 
>    
> 
>    li89<- list(coef(model),  coef(summary(model))[,5], coef(summary(model))[,2], aicm, bicm,
+                coef(ind),  coef(summary(ind))[,5], coef(summary(ind))[,2], aici, bici ) 
>    names(li89)<- c("Coefficients", "P-values", "StdErrors", "AICm", "BICm",
+                    "CoefficientsI", "P-valuesI", "StdErrorsI", "AICi", "BICi")
> 
>   save(li89,file="1989_2.RData")
> 
> 
> 
> 
