
R version 3.5.2 (2018-12-20) -- "Eggshell Igloo"
Copyright (C) 2018 The R Foundation for Statistical Computing
Platform: x86_64-redhat-linux-gnu (64-bit)

R is free software and comes with ABSOLUTELY NO WARRANTY.
You are welcome to redistribute it under certain conditions.
Type 'license()' or 'licence()' for distribution details.

R is a collaborative project with many contributors.
Type 'contributors()' for more information and
'citation()' on how to cite R or R packages in publications.

Type 'demo()' for some demos, 'help()' for on-line help, or
'help.start()' for an HTML browser interface to help.
Type 'q()' to quit R.

> 
> # get data
> load(file="ERCM_MPLE_cl.RData")
> 
> # install.packages("statnet", Sys.getenv("R_LIBS_USER"), repos = "http://cran.case.edu" )
> library(statnet)
> library(MLmetrics)
> library(xtable)
> library(tc.ergmterms)
> 
> # there are cases in 1962 marked as 1963 and in 1971 marked as 1972
> scc1[3364,11] <- 1962
> scc1[4648,11] <- 1971
> 
> 
> year.total <- scc1[,11]-1936 #-1936 => the first year 1937 is 1, 1938 is 2 aso, term column 
> 
> set.seed(12123)
> #sampled.years <- c(14, 24, 34, 44, 54, 64, 74)
> 
> t<- 54
>   print(t+1936)
[1] 1990
> tt<- t+1936
>   rowlasttt <- max(which(scc1[,11] == tt))
>   idt <- scc1[rowlasttt, 55]  
> 
>   
>   cases <- max(which(year.total==t)) # 14 corresponds to 1950
>   
>   # simple assignment of time periods to cases
>   years <- year.total[1:cases] 
>   
>   # going to need a sender time matrix covariate
>   sender.time <- matrix(years,length(years),length(years),byrow=F)
>   year <- matrix(years, length(years),length(years),byrow=F)
>   
>    # extract the network up to time t
>   AM <- adjacency.matrix[which(years <= t),which(years <= t)]
>   
>   net.t <- network(AM) 
>   
>   #calculate outdegree
>   o.degree<- rowSums(AM)
>   
>   # fix the outdegrees of time t as 0
>   last.t<- which(years==t)
>   
>   o.degree[last.t]<- 0
>   
>   # indicate outdegree and term as a node attribute
>   net.t <- set.vertex.attribute(net.t,"o.degree", o.degree)
>   net.t <- set.vertex.attribute(net.t,"term", years)
> 
> 
>    # subset MQ matrix
>   mq.t <- mq.matrix[which(years <= t),which(years <= t)]
>   # subset same issue matrix
>   same.issue.area.t <- same.issue.area[which(years <= t),which(years <= t)]
>   # subset year diff matrix
>   year.diff.t <- year.diff.matrix[which(years <= t),which(years <= t)]
>   # subset year diff matrix square
>   year.diff.square.t <- year.diff.t^2
>   # subset sender time matrix
>   sender.time.t <- sender.time[which(years <= t),which(years <= t)]
>   # subset unique dyad id matrix
>   #dyad.id.t <- dyad.id[which(years <= t),which(years <= t)]
>   # subset year matrix
>   year.t<- year[which(years <= t),which(years <= t)]
>   # subset same opinion writer matrix
>   same.opinion.writer.t<- same.opinion.writer[which(years <= t),which(years <= t)]
>   
>   #### set vertex attributes
>   # same issue area
>   net.t <- set.vertex.attribute(net.t,"SameIssueArea", scc1[which(years <= t),41])
>   # abs diff of MQ score
>   net.t <- set.vertex.attribute(net.t,"AbsDiffMQscores", scc1[which(years <= t),65])
>   # number justices that voted for the case
>   net.t <- set.vertex.attribute(net.t,"NumberJusticesPro", scc1[which(years <= t),52])
>   # overruled covariate
>   net.t <- set.vertex.attribute(net.t,"Overruled", Overruled.matrix[which(years <= t),idt])
>   # sender time
>   net.t <- set.vertex.attribute(net.t,"sender.time", sender.time.t[,1])
>   # Majority Opinion Writer
>   net.t <- set.vertex.attribute(net.t,"MajOpWriter", scc1[which(years <= t),49])
> 
>   
>   not.fixed <- network(1*(sender.time == t))
>   
>   
>   # fitting glm
>   model <- ergm(net.t~edges+ mutual + nodeicov("o.degree")+ difftransties("term")+gwidegree(1, fixed=TRUE)+ dgwesp(0.15, fixed=TRUE, type="OSP") +
+                 edgecov(mq.t)+
+                 edgecov(year.diff.t)+ edgecov(year.diff.square.t )+ 
+                 nodeicov('AbsDiffMQscores')+ nodeicov('NumberJusticesPro')+ 
+                 nodeicov('Overruled')+
+                 edgecov(same.opinion.writer.t)  + edgecov(same.issue.area.t),
+                 constraints=~fixallbut(not.fixed), control=control.ergm(MCMC.samplesize=30000,MCMLE.maxit=50), eval.loglik=FALSE) #
>   summary(model) 

==========================
Summary of model fit
==========================

Formula:   net.t ~ edges + mutual + nodeicov("o.degree") + difftransties("term") + 
    gwidegree(1, fixed = TRUE) + dgwesp(0.15, fixed = TRUE, type = "OSP") + 
    edgecov(mq.t) + edgecov(year.diff.t) + edgecov(year.diff.square.t) + 
    nodeicov("AbsDiffMQscores") + nodeicov("NumberJusticesPro") + 
    nodeicov("Overruled") + edgecov(same.opinion.writer.t) + 
    edgecov(same.issue.area.t)

Iterations:  24 out of 50 

Monte Carlo MLE Results:
                                Estimate Std. Error MCMC %  z value Pr(>|z|)
edges                         -6.622e+00  5.472e-02      0 -121.030  < 1e-04
mutual                        -1.316e+01         NA     NA       NA       NA
nodeicov.o.degree             -2.362e-02  1.496e-03      0  -15.785  < 1e-04
difftransties.term             2.466e+00  6.804e-02      0   36.247  < 1e-04
gwideg.fixed.1                -3.975e-01  7.850e-02      0   -5.064  < 1e-04
gwesp.OSP.fixed.0.15           2.442e+00  5.632e-02      0   43.361  < 1e-04
edgecov.mq.t                  -5.419e-02  2.560e-02      0   -2.117  0.03429
edgecov.year.diff.t           -1.001e-01  5.108e-03      0  -19.590  < 1e-04
edgecov.year.diff.square.t     1.382e-03  1.057e-04      0   13.083  < 1e-04
nodeicov.AbsDiffMQscores       3.872e-02  1.196e-02      0    3.237  0.00121
nodeicov.NumberJusticesPro    -3.124e-02  1.603e-02      0   -1.948  0.05137
nodeicov.Overruled            -2.284e-02  7.823e-03     36   -2.920  0.00350
edgecov.same.opinion.writer.t  4.180e-01  7.428e-02      0    5.627  < 1e-04
edgecov.same.issue.area.t      4.369e-01  2.832e-02      0   15.431  < 1e-04
                                 
edges                         ***
mutual                           
nodeicov.o.degree             ***
difftransties.term            ***
gwideg.fixed.1                ***
gwesp.OSP.fixed.0.15          ***
edgecov.mq.t                  *  
edgecov.year.diff.t           ***
edgecov.year.diff.square.t    ***
nodeicov.AbsDiffMQscores      ** 
nodeicov.NumberJusticesPro    .  
nodeicov.Overruled            ** 
edgecov.same.opinion.writer.t ***
edgecov.same.issue.area.t     ***
---
Signif. codes:  0 '***' 0.001 '**' 0.01 '*' 0.05 '.' 0.1 ' ' 1

Log-likelihood was not estimated for this fit.
To get deviances, AIC, and/or BIC from fit `model` run 
  > model<-logLik(model, add=TRUE)
to add it to the object or rerun this function with eval.loglik=TRUE.
>   
> 
>   # get statistics
>   erg.est <- summary(net.t~edges+ mutual + nodeicov("o.degree")+ difftransties("term")+gwidegree(1, fixed=TRUE)+ 
+                 dgwesp(0.15, fixed=TRUE, type="OSP") +
+                 edgecov(mq.t)+
+                 edgecov(year.diff.t)+ edgecov(year.diff.square.t )+ nodeicov('AbsDiffMQscores')+ nodeicov('NumberJusticesPro')+ 
+                 nodeicov('Overruled')+edgecov(same.opinion.writer.t) + nodeifactor('MajOpWriter')+ edgecov(same.issue.area.t)  )
>   erg.est
                        edges                        mutual 
                     77186.00                         17.00 
            nodeicov.o.degree            difftransties.term 
                   1159007.00                      46622.00 
               gwideg.fixed.1          gwesp.OSP.fixed.0.15 
                     15451.59                      54775.31 
                 edgecov.mq.t           edgecov.year.diff.t 
                     73330.92                     892292.00 
   edgecov.year.diff.square.t      nodeicov.AbsDiffMQscores 
                  19377538.00                     420306.23 
   nodeicov.NumberJusticesPro            nodeicov.Overruled 
                    530268.00                       2225.00 
edgecov.same.opinion.writer.t    nodeifactor.MajOpWriter.68 
                      6623.00                        394.00 
   nodeifactor.MajOpWriter.71    nodeifactor.MajOpWriter.72 
                        59.00                        205.00 
   nodeifactor.MajOpWriter.74    nodeifactor.MajOpWriter.75 
                      2766.00                       1129.00 
   nodeifactor.MajOpWriter.76    nodeifactor.MajOpWriter.77 
                      1535.00                        137.00 
   nodeifactor.MajOpWriter.78    nodeifactor.MajOpWriter.79 
                      6162.00                       2785.00 
   nodeifactor.MajOpWriter.80    nodeifactor.MajOpWriter.81 
                      4086.00                       6258.00 
   nodeifactor.MajOpWriter.82    nodeifactor.MajOpWriter.83 
                      1332.00                        150.00 
   nodeifactor.MajOpWriter.84    nodeifactor.MajOpWriter.85 
                      1961.00                        978.00 
   nodeifactor.MajOpWriter.86    nodeifactor.MajOpWriter.87 
                       906.00                       1046.00 
   nodeifactor.MajOpWriter.88    nodeifactor.MajOpWriter.89 
                      2084.00                        456.00 
   nodeifactor.MajOpWriter.90    nodeifactor.MajOpWriter.91 
                      3236.00                       2124.00 
   nodeifactor.MajOpWriter.92    nodeifactor.MajOpWriter.93 
                      6343.00                        360.00 
   nodeifactor.MajOpWriter.94    nodeifactor.MajOpWriter.95 
                      4794.00                       4800.00 
   nodeifactor.MajOpWriter.96    nodeifactor.MajOpWriter.97 
                       593.00                        493.00 
   nodeifactor.MajOpWriter.98    nodeifactor.MajOpWriter.99 
                      2362.00                       2822.00 
  nodeifactor.MajOpWriter.100   nodeifactor.MajOpWriter.101 
                      2218.00                       3182.00 
  nodeifactor.MajOpWriter.102   nodeifactor.MajOpWriter.103 
                      2660.00                       1572.00 
  nodeifactor.MajOpWriter.104   nodeifactor.MajOpWriter.105 
                       789.00                        131.00 
  nodeifactor.MajOpWriter.106   nodeifactor.MajOpWriter.107 
                       100.00                          0.00 
    edgecov.same.issue.area.t 
                     45326.00 
>   
> 
>    li90<- list(coef(model),  coef(summary(model))[,5], coef(summary(model))[,2] ) 
>    names(li90)<- c("Coefficients", "P-values", "StdErrors")
> 
>   save(li90,file="1990_1.RData")
> 
> 
> 
> 
