
R version 3.5.2 (2018-12-20) -- "Eggshell Igloo"
Copyright (C) 2018 The R Foundation for Statistical Computing
Platform: x86_64-redhat-linux-gnu (64-bit)

R is free software and comes with ABSOLUTELY NO WARRANTY.
You are welcome to redistribute it under certain conditions.
Type 'license()' or 'licence()' for distribution details.

R is a collaborative project with many contributors.
Type 'contributors()' for more information and
'citation()' on how to cite R or R packages in publications.

Type 'demo()' for some demos, 'help()' for on-line help, or
'help.start()' for an HTML browser interface to help.
Type 'q()' to quit R.

> 
> # get data
> load(file="ERCM_MPLE_cl.RData")
> 
> # install.packages("statnet", Sys.getenv("R_LIBS_USER"), repos = "http://cran.case.edu" )
> library(statnet)
> library(MLmetrics)
> library(xtable)
> library(tc.ergmterms)
> 
> # there are cases in 1962 marked as 1963 and in 1971 marked as 1972
> scc1[3364,11] <- 1962
> scc1[4648,11] <- 1971
> 
> 
> year.total <- scc1[,11]-1936 #-1936 => the first year 1937 is 1, 1938 is 2 aso, term column 
> 
> set.seed(12123)
> #sampled.years <- c(14, 24, 34, 44, 54, 64, 74)
> 
> t<- 54
>   print(t+1936)
[1] 1990
> tt<- t+1936
>   rowlasttt <- max(which(scc1[,11] == tt))
>   idt <- scc1[rowlasttt, 55]  
> 
>   
>   cases <- max(which(year.total==t)) # 14 corresponds to 1950
>   
>   # simple assignment of time periods to cases
>   years <- year.total[1:cases] 
>   
>   # going to need a sender time matrix covariate
>   sender.time <- matrix(years,length(years),length(years),byrow=F)
>   year <- matrix(years, length(years),length(years),byrow=F)
>   
>    # extract the network up to time t
>   AM <- adjacency.matrix[which(years <= t),which(years <= t)]
>   
>   net.t <- network(AM) 
>   
>   #calculate outdegree
>   o.degree<- rowSums(AM)
>   
>   # fix the outdegrees of time t as 0
>   last.t<- which(years==t)
>   
>   o.degree[last.t]<- 0
>   
>   # indicate outdegree and term as a node attribute
>   net.t <- set.vertex.attribute(net.t,"o.degree", o.degree)
>   net.t <- set.vertex.attribute(net.t,"term", years)
> 
> 
>    # subset MQ matrix
>   mq.t <- mq.matrix[which(years <= t),which(years <= t)]
>   # subset same issue matrix
>   same.issue.area.t <- same.issue.area[which(years <= t),which(years <= t)]
>   # subset year diff matrix
>   year.diff.t <- year.diff.matrix[which(years <= t),which(years <= t)]
>   # subset year diff matrix square
>   year.diff.square.t <- year.diff.t^2
>   # subset sender time matrix
>   sender.time.t <- sender.time[which(years <= t),which(years <= t)]
>   # subset unique dyad id matrix
>   #dyad.id.t <- dyad.id[which(years <= t),which(years <= t)]
>   # subset year matrix
>   year.t<- year[which(years <= t),which(years <= t)]
>   # subset same opinion writer matrix
>   same.opinion.writer.t<- same.opinion.writer[which(years <= t),which(years <= t)]
>   
>   #### set vertex attributes
>   # same issue area
>   net.t <- set.vertex.attribute(net.t,"SameIssueArea", scc1[which(years <= t),41])
>   # abs diff of MQ score
>   net.t <- set.vertex.attribute(net.t,"AbsDiffMQscores", scc1[which(years <= t),65])
>   # number justices that voted for the case
>   net.t <- set.vertex.attribute(net.t,"NumberJusticesPro", scc1[which(years <= t),52])
>   # overruled covariate
>   net.t <- set.vertex.attribute(net.t,"Overruled", Overruled.matrix[which(years <= t),idt])
>   # sender time
>   net.t <- set.vertex.attribute(net.t,"sender.time", sender.time.t[,1])
>   # Majority Opinion Writer
>   net.t <- set.vertex.attribute(net.t,"MajOpWriter", scc1[which(years <= t),49])
> 
>   
>   not.fixed <- network(1*(sender.time == t))
>   
>   load(file="1990_1.RData")
> 
>   li <- li90[[1]]
> 
> 
>   
>   # fitting glm
>   model <- ergm(net.t~edges+ mutual + nodeicov("o.degree")+ difftransties("term")+gwidegree(1, fixed=TRUE)+ dgwesp(0.15, fixed=TRUE, type="OSP") +
+                 edgecov(mq.t)+
+                 edgecov(year.diff.t)+ edgecov(year.diff.square.t )+ 
+                 nodeicov('AbsDiffMQscores')+ nodeicov('NumberJusticesPro')+ 
+                 nodeicov('Overruled')+
+                 edgecov(same.opinion.writer.t)  + edgecov(same.issue.area.t),
+                 constraints=~fixallbut(not.fixed), control=control.ergm(MCMC.samplesize=10000,MCMLE.maxit=50, init=li)) #
>   summary(model)

==========================
Summary of model fit
==========================

Formula:   net.t ~ edges + mutual + nodeicov("o.degree") + difftransties("term") + 
    gwidegree(1, fixed = TRUE) + dgwesp(0.15, fixed = TRUE, type = "OSP") + 
    edgecov(mq.t) + edgecov(year.diff.t) + edgecov(year.diff.square.t) + 
    nodeicov("AbsDiffMQscores") + nodeicov("NumberJusticesPro") + 
    nodeicov("Overruled") + edgecov(same.opinion.writer.t) + 
    edgecov(same.issue.area.t)

Iterations:  11 out of 50 

Monte Carlo MLE Results:
                                Estimate Std. Error MCMC %  z value Pr(>|z|)
edges                         -6.921e+00  5.820e-02      1 -118.904  < 1e-04
mutual                        -1.316e+01         NA     NA       NA       NA
nodeicov.o.degree             -2.306e-02  1.545e-03      0  -14.926  < 1e-04
difftransties.term             2.529e+00  6.989e-02      0   36.186  < 1e-04
gwideg.fixed.1                -2.139e-01  8.211e-02      0   -2.605  0.00919
gwesp.OSP.fixed.0.15           2.469e+00  6.136e-02      0   40.235  < 1e-04
edgecov.mq.t                  -4.406e-02  2.544e-02      0   -1.732  0.08324
edgecov.year.diff.t           -9.528e-02  5.284e-03      0  -18.033  < 1e-04
edgecov.year.diff.square.t     1.304e-03  1.044e-04      0   12.495  < 1e-04
nodeicov.AbsDiffMQscores       3.518e-02  1.180e-02      0    2.981  0.00287
nodeicov.NumberJusticesPro    -6.095e-03  1.607e-02      0   -0.379  0.70444
nodeicov.Overruled            -1.103e-01  1.008e-02     73  -10.945  < 1e-04
edgecov.same.opinion.writer.t  4.225e-01  7.339e-02      0    5.757  < 1e-04
edgecov.same.issue.area.t      4.300e-01  3.045e-02      0   14.122  < 1e-04
                                 
edges                         ***
mutual                           
nodeicov.o.degree             ***
difftransties.term            ***
gwideg.fixed.1                ** 
gwesp.OSP.fixed.0.15          ***
edgecov.mq.t                  .  
edgecov.year.diff.t           ***
edgecov.year.diff.square.t    ***
nodeicov.AbsDiffMQscores      ** 
nodeicov.NumberJusticesPro       
nodeicov.Overruled            ***
edgecov.same.opinion.writer.t ***
edgecov.same.issue.area.t     ***
---
Signif. codes:  0 '***' 0.001 '**' 0.01 '*' 0.05 '.' 0.1 ' ' 1

     Null Deviance: 1405619  on 1013940  degrees of freedom
 Residual Deviance:   20765  on 1013926  degrees of freedom
 
AIC: 20793    BIC: 20958    (Smaller is better.) 
>   aicm<- AIC(model)
>   bicm <- BIC(model)
> 
>   # get statistics
>   erg.est <- summary(net.t~edges+ mutual + nodeicov("o.degree")+ difftransties("term")+gwidegree(1, fixed=TRUE)+ 
+                 dgwesp(0.15, fixed=TRUE, type="OSP") +
+                 edgecov(mq.t)+
+                 edgecov(year.diff.t)+ edgecov(year.diff.square.t )+ nodeicov('AbsDiffMQscores')+ nodeicov('NumberJusticesPro')+ 
+                 nodeicov('Overruled')+edgecov(same.opinion.writer.t) + nodeifactor('MajOpWriter')+ edgecov(same.issue.area.t)  )
>   erg.est
                        edges                        mutual 
                     77186.00                         17.00 
            nodeicov.o.degree            difftransties.term 
                   1159007.00                      46622.00 
               gwideg.fixed.1          gwesp.OSP.fixed.0.15 
                     15451.59                      54775.31 
                 edgecov.mq.t           edgecov.year.diff.t 
                     73330.92                     892292.00 
   edgecov.year.diff.square.t      nodeicov.AbsDiffMQscores 
                  19377538.00                     420306.23 
   nodeicov.NumberJusticesPro            nodeicov.Overruled 
                    530268.00                       2225.00 
edgecov.same.opinion.writer.t    nodeifactor.MajOpWriter.68 
                      6623.00                        394.00 
   nodeifactor.MajOpWriter.71    nodeifactor.MajOpWriter.72 
                        59.00                        205.00 
   nodeifactor.MajOpWriter.74    nodeifactor.MajOpWriter.75 
                      2766.00                       1129.00 
   nodeifactor.MajOpWriter.76    nodeifactor.MajOpWriter.77 
                      1535.00                        137.00 
   nodeifactor.MajOpWriter.78    nodeifactor.MajOpWriter.79 
                      6162.00                       2785.00 
   nodeifactor.MajOpWriter.80    nodeifactor.MajOpWriter.81 
                      4086.00                       6258.00 
   nodeifactor.MajOpWriter.82    nodeifactor.MajOpWriter.83 
                      1332.00                        150.00 
   nodeifactor.MajOpWriter.84    nodeifactor.MajOpWriter.85 
                      1961.00                        978.00 
   nodeifactor.MajOpWriter.86    nodeifactor.MajOpWriter.87 
                       906.00                       1046.00 
   nodeifactor.MajOpWriter.88    nodeifactor.MajOpWriter.89 
                      2084.00                        456.00 
   nodeifactor.MajOpWriter.90    nodeifactor.MajOpWriter.91 
                      3236.00                       2124.00 
   nodeifactor.MajOpWriter.92    nodeifactor.MajOpWriter.93 
                      6343.00                        360.00 
   nodeifactor.MajOpWriter.94    nodeifactor.MajOpWriter.95 
                      4794.00                       4800.00 
   nodeifactor.MajOpWriter.96    nodeifactor.MajOpWriter.97 
                       593.00                        493.00 
   nodeifactor.MajOpWriter.98    nodeifactor.MajOpWriter.99 
                      2362.00                       2822.00 
  nodeifactor.MajOpWriter.100   nodeifactor.MajOpWriter.101 
                      2218.00                       3182.00 
  nodeifactor.MajOpWriter.102   nodeifactor.MajOpWriter.103 
                      2660.00                       1572.00 
  nodeifactor.MajOpWriter.104   nodeifactor.MajOpWriter.105 
                       789.00                        131.00 
  nodeifactor.MajOpWriter.106   nodeifactor.MajOpWriter.107 
                       100.00                          0.00 
    edgecov.same.issue.area.t 
                     45326.00 
>    
>   
>    
>    #############################################
>    # Independence model
>    #############################################
>    ind <- ergm(net.t~edges+ 
+                 edgecov(mq.t)+
+                 edgecov(year.diff.t)+ edgecov(year.diff.square.t )+ 
+                 nodeicov('AbsDiffMQscores')+ nodeicov('NumberJusticesPro')+ 
+                 nodeicov('Overruled')+
+                 edgecov(same.opinion.writer.t)  + edgecov(same.issue.area.t),
+                 constraints=~fixallbut(not.fixed), estimate="MLE") #
>     
>   summary(ind)   

==========================
Summary of model fit
==========================

Formula:   net.t ~ edges + edgecov(mq.t) + edgecov(year.diff.t) + edgecov(year.diff.square.t) + 
    nodeicov("AbsDiffMQscores") + nodeicov("NumberJusticesPro") + 
    nodeicov("Overruled") + edgecov(same.opinion.writer.t) + 
    edgecov(same.issue.area.t)

Iterations:  7 out of 20 

Monte Carlo MLE Results:
                                Estimate Std. Error MCMC % z value Pr(>|z|)    
edges                         -5.1615014  0.1160350      0 -44.482  < 1e-04 ***
edgecov.mq.t                   0.0911169  0.0304165      0   2.996  0.00274 ** 
edgecov.year.diff.t           -0.0638994  0.0053528      0 -11.938  < 1e-04 ***
edgecov.year.diff.square.t     0.0004883  0.0001132      0   4.313  < 1e-04 ***
nodeicov.AbsDiffMQscores       0.0029937  0.0124299      0   0.241  0.80967    
nodeicov.NumberJusticesPro    -0.1001475  0.0188283      0  -5.319  < 1e-04 ***
nodeicov.Overruled             0.9220993  0.1321318      0   6.979  < 1e-04 ***
edgecov.same.opinion.writer.t  0.5864408  0.0855411      0   6.856  < 1e-04 ***
edgecov.same.issue.area.t      1.8340420  0.0429429      0  42.709  < 1e-04 ***
---
Signif. codes:  0 '***' 0.001 '**' 0.01 '*' 0.05 '.' 0.1 ' ' 1

     Null Deviance: 1405619  on 1013940  degrees of freedom
 Residual Deviance:   28633  on 1013931  degrees of freedom
 
AIC: 28651    BIC: 28758    (Smaller is better.) 
>   aici<- AIC(ind)
>   bici <- BIC(ind)
> 
>    
> 
>    li90<- list(coef(model),  coef(summary(model))[,5], coef(summary(model))[,2], aicm, bicm,
+                coef(ind),  coef(summary(ind))[,5], coef(summary(ind))[,2], aici, bici ) 
>    names(li90)<- c("Coefficients", "P-values", "StdErrors", "AICm", "BICm",
+                    "CoefficientsI", "P-valuesI", "StdErrorsI", "AICi", "BICi")
> 
>   save(li90,file="1990_2.RData")
> 
> 
> 
> 
