
R version 3.5.2 (2018-12-20) -- "Eggshell Igloo"
Copyright (C) 2018 The R Foundation for Statistical Computing
Platform: x86_64-redhat-linux-gnu (64-bit)

R is free software and comes with ABSOLUTELY NO WARRANTY.
You are welcome to redistribute it under certain conditions.
Type 'license()' or 'licence()' for distribution details.

R is a collaborative project with many contributors.
Type 'contributors()' for more information and
'citation()' on how to cite R or R packages in publications.

Type 'demo()' for some demos, 'help()' for on-line help, or
'help.start()' for an HTML browser interface to help.
Type 'q()' to quit R.

> 
> # get data
> load(file="ERCM_MPLE_cl.RData")
> 
> # install.packages("statnet", Sys.getenv("R_LIBS_USER"), repos = "http://cran.case.edu" )
> library(statnet)
> library(MLmetrics)
> library(xtable)
> library(tc.ergmterms)
> 
> # there are cases in 1962 marked as 1963 and in 1971 marked as 1972
> scc1[3364,11] <- 1962
> scc1[4648,11] <- 1971
> 
> 
> year.total <- scc1[,11]-1936 #-1936 => the first year 1937 is 1, 1938 is 2 aso, term column 
> 
> set.seed(12123)
> #sampled.years <- c(14, 24, 34, 44, 54, 64, 74)
> 
> t<- 55
>   print(t+1936)
[1] 1991
> tt<- t+1936
>   rowlasttt <- max(which(scc1[,11] == tt))
>   idt <- scc1[rowlasttt, 55]  
> 
>   
>   cases <- max(which(year.total==t)) # 14 corresponds to 1950
>   
>   # simple assignment of time periods to cases
>   years <- year.total[1:cases] 
>   
>   # going to need a sender time matrix covariate
>   sender.time <- matrix(years,length(years),length(years),byrow=F)
>   year <- matrix(years, length(years),length(years),byrow=F)
>   
>    # extract the network up to time t
>   AM <- adjacency.matrix[which(years <= t),which(years <= t)]
>   
>   net.t <- network(AM) 
>   
>   #calculate outdegree
>   o.degree<- rowSums(AM)
>   
>   # fix the outdegrees of time t as 0
>   last.t<- which(years==t)
>   
>   o.degree[last.t]<- 0
>   
>   # indicate outdegree and term as a node attribute
>   net.t <- set.vertex.attribute(net.t,"o.degree", o.degree)
>   net.t <- set.vertex.attribute(net.t,"term", years)
> 
> 
>    # subset MQ matrix
>   mq.t <- mq.matrix[which(years <= t),which(years <= t)]
>   # subset same issue matrix
>   same.issue.area.t <- same.issue.area[which(years <= t),which(years <= t)]
>   # subset year diff matrix
>   year.diff.t <- year.diff.matrix[which(years <= t),which(years <= t)]
>   # subset year diff matrix square
>   year.diff.square.t <- year.diff.t^2
>   # subset sender time matrix
>   sender.time.t <- sender.time[which(years <= t),which(years <= t)]
>   # subset unique dyad id matrix
>   #dyad.id.t <- dyad.id[which(years <= t),which(years <= t)]
>   # subset year matrix
>   year.t<- year[which(years <= t),which(years <= t)]
>   # subset same opinion writer matrix
>   same.opinion.writer.t<- same.opinion.writer[which(years <= t),which(years <= t)]
>   
>   #### set vertex attributes
>   # same issue area
>   net.t <- set.vertex.attribute(net.t,"SameIssueArea", scc1[which(years <= t),41])
>   # abs diff of MQ score
>   net.t <- set.vertex.attribute(net.t,"AbsDiffMQscores", scc1[which(years <= t),65])
>   # number justices that voted for the case
>   net.t <- set.vertex.attribute(net.t,"NumberJusticesPro", scc1[which(years <= t),52])
>   # overruled covariate
>   net.t <- set.vertex.attribute(net.t,"Overruled", Overruled.matrix[which(years <= t),idt])
>   # sender time
>   net.t <- set.vertex.attribute(net.t,"sender.time", sender.time.t[,1])
>   # Majority Opinion Writer
>   net.t <- set.vertex.attribute(net.t,"MajOpWriter", scc1[which(years <= t),49])
> 
>   
>   not.fixed <- network(1*(sender.time == t))
>   
>   load(file="1991_1.RData")
> 
>   li <- li91[[1]]
> 
> 
>   
>   # fitting glm
>   model <- ergm(net.t~edges+ mutual + nodeicov("o.degree")+ difftransties("term")+gwidegree(1, fixed=TRUE)+ dgwesp(0.15, fixed=TRUE, type="OSP") +
+                 edgecov(mq.t)+
+                 edgecov(year.diff.t)+ edgecov(year.diff.square.t )+ 
+                 nodeicov('AbsDiffMQscores')+ nodeicov('NumberJusticesPro')+ 
+                 nodeicov('Overruled')+
+                 edgecov(same.opinion.writer.t)  + edgecov(same.issue.area.t),
+                 constraints=~fixallbut(not.fixed), control=control.ergm(MCMC.samplesize=10000,MCMLE.maxit=50, init=li)) #
>   summary(model)

==========================
Summary of model fit
==========================

Formula:   net.t ~ edges + mutual + nodeicov("o.degree") + difftransties("term") + 
    gwidegree(1, fixed = TRUE) + dgwesp(0.15, fixed = TRUE, type = "OSP") + 
    edgecov(mq.t) + edgecov(year.diff.t) + edgecov(year.diff.square.t) + 
    nodeicov("AbsDiffMQscores") + nodeicov("NumberJusticesPro") + 
    nodeicov("Overruled") + edgecov(same.opinion.writer.t) + 
    edgecov(same.issue.area.t)

Iterations:  7 out of 50 

Monte Carlo MLE Results:
                                Estimate Std. Error MCMC %  z value Pr(>|z|)
edges                         -7.180e+00  4.714e-02      2 -152.317  < 1e-04
mutual                        -1.206e+01         NA     NA       NA       NA
nodeicov.o.degree             -2.623e-02  1.435e-03      0  -18.279  < 1e-04
difftransties.term             2.429e+00  6.990e-02      0   34.752  < 1e-04
gwideg.fixed.1                -9.761e-02  8.440e-02      0   -1.157  0.24748
gwesp.OSP.fixed.0.15           2.648e+00  6.119e-02      0   43.264  < 1e-04
edgecov.mq.t                  -2.871e-02  3.168e-02      0   -0.906  0.36475
edgecov.year.diff.t           -9.487e-02  5.498e-03      0  -17.254  < 1e-04
edgecov.year.diff.square.t     1.209e-03  1.122e-04      0   10.781  < 1e-04
nodeicov.AbsDiffMQscores       1.220e-02  1.384e-02      0    0.881  0.37813
nodeicov.NumberJusticesPro     5.353e-02  1.727e-02      0    3.100  0.00194
nodeicov.Overruled            -4.047e-01  1.165e-02     74  -34.744  < 1e-04
edgecov.same.opinion.writer.t  2.286e-01  8.544e-02      0    2.675  0.00747
edgecov.same.issue.area.t      4.849e-01  2.911e-02      0   16.657  < 1e-04
                                 
edges                         ***
mutual                           
nodeicov.o.degree             ***
difftransties.term            ***
gwideg.fixed.1                   
gwesp.OSP.fixed.0.15          ***
edgecov.mq.t                     
edgecov.year.diff.t           ***
edgecov.year.diff.square.t    ***
nodeicov.AbsDiffMQscores         
nodeicov.NumberJusticesPro    ** 
nodeicov.Overruled            ***
edgecov.same.opinion.writer.t ** 
edgecov.same.issue.area.t     ***
---
Signif. codes:  0 '***' 0.001 '**' 0.01 '*' 0.05 '.' 0.1 ' ' 1

     Null Deviance: 1327515  on 957600  degrees of freedom
 Residual Deviance:   20503  on 957586  degrees of freedom
 
AIC: 20531    BIC: 20696    (Smaller is better.) 
>   aicm<- AIC(model)
>   bicm <- BIC(model)
> 
>   # get statistics
>   erg.est <- summary(net.t~edges+ mutual + nodeicov("o.degree")+ difftransties("term")+gwidegree(1, fixed=TRUE)+ 
+                 dgwesp(0.15, fixed=TRUE, type="OSP") +
+                 edgecov(mq.t)+
+                 edgecov(year.diff.t)+ edgecov(year.diff.square.t )+ nodeicov('AbsDiffMQscores')+ nodeicov('NumberJusticesPro')+ 
+                 nodeicov('Overruled')+edgecov(same.opinion.writer.t) + nodeifactor('MajOpWriter')+ edgecov(same.issue.area.t)  )
>   erg.est
                        edges                        mutual 
                     79442.00                         17.00 
            nodeicov.o.degree            difftransties.term 
                   1205308.00                      48158.00 
               gwideg.fixed.1          gwesp.OSP.fixed.0.15 
                     15780.28                      56565.99 
                 edgecov.mq.t           edgecov.year.diff.t 
                     75105.60                     928600.00 
   edgecov.year.diff.square.t      nodeicov.AbsDiffMQscores 
                  20391424.00                     432894.23 
   nodeicov.NumberJusticesPro            nodeicov.Overruled 
                    545687.00                       2347.00 
edgecov.same.opinion.writer.t    nodeifactor.MajOpWriter.68 
                      6760.00                        399.00 
   nodeifactor.MajOpWriter.71    nodeifactor.MajOpWriter.72 
                        59.00                        205.00 
   nodeifactor.MajOpWriter.74    nodeifactor.MajOpWriter.75 
                      2784.00                       1134.00 
   nodeifactor.MajOpWriter.76    nodeifactor.MajOpWriter.77 
                      1550.00                        140.00 
   nodeifactor.MajOpWriter.78    nodeifactor.MajOpWriter.79 
                      6237.00                       2818.00 
   nodeifactor.MajOpWriter.80    nodeifactor.MajOpWriter.81 
                      4123.00                       6337.00 
   nodeifactor.MajOpWriter.82    nodeifactor.MajOpWriter.83 
                      1341.00                        153.00 
   nodeifactor.MajOpWriter.84    nodeifactor.MajOpWriter.85 
                      1993.00                        988.00 
   nodeifactor.MajOpWriter.86    nodeifactor.MajOpWriter.87 
                       912.00                       1053.00 
   nodeifactor.MajOpWriter.88    nodeifactor.MajOpWriter.89 
                      2119.00                        459.00 
   nodeifactor.MajOpWriter.90    nodeifactor.MajOpWriter.91 
                      3297.00                       2151.00 
   nodeifactor.MajOpWriter.92    nodeifactor.MajOpWriter.93 
                      6512.00                        366.00 
   nodeifactor.MajOpWriter.94    nodeifactor.MajOpWriter.95 
                      4895.00                       5056.00 
   nodeifactor.MajOpWriter.96    nodeifactor.MajOpWriter.97 
                       595.00                        498.00 
   nodeifactor.MajOpWriter.98    nodeifactor.MajOpWriter.99 
                      2514.00                       2933.00 
  nodeifactor.MajOpWriter.100   nodeifactor.MajOpWriter.101 
                      2364.00                       3343.00 
  nodeifactor.MajOpWriter.102   nodeifactor.MajOpWriter.103 
                      2838.00                       1717.00 
  nodeifactor.MajOpWriter.104   nodeifactor.MajOpWriter.105 
                       930.00                        179.00 
  nodeifactor.MajOpWriter.106   nodeifactor.MajOpWriter.107 
                       162.00                         14.00 
  nodeifactor.MajOpWriter.108     edgecov.same.issue.area.t 
                         1.00                      46586.00 
>    
>   
>    
>    #############################################
>    # Independence model
>    #############################################
>    ind <- ergm(net.t~edges+ 
+                 edgecov(mq.t)+
+                 edgecov(year.diff.t)+ edgecov(year.diff.square.t )+ 
+                 nodeicov('AbsDiffMQscores')+ nodeicov('NumberJusticesPro')+ 
+                 nodeicov('Overruled')+
+                 edgecov(same.opinion.writer.t)  + edgecov(same.issue.area.t),
+                 constraints=~fixallbut(not.fixed), estimate="MLE") #
>     
>   summary(ind)   

==========================
Summary of model fit
==========================

Formula:   net.t ~ edges + edgecov(mq.t) + edgecov(year.diff.t) + edgecov(year.diff.square.t) + 
    nodeicov("AbsDiffMQscores") + nodeicov("NumberJusticesPro") + 
    nodeicov("Overruled") + edgecov(same.opinion.writer.t) + 
    edgecov(same.issue.area.t)

Iterations:  8 out of 20 

Monte Carlo MLE Results:
                                Estimate Std. Error MCMC % z value Pr(>|z|)    
edges                         -5.3283027  0.1208411      0 -44.093  < 1e-04 ***
edgecov.mq.t                   0.1527684  0.0367448      0   4.158  < 1e-04 ***
edgecov.year.diff.t           -0.0656106  0.0053502      0 -12.263  < 1e-04 ***
edgecov.year.diff.square.t     0.0003954  0.0001129      0   3.501 0.000463 ***
nodeicov.AbsDiffMQscores      -0.0215833  0.0128470      0  -1.680 0.092954 .  
nodeicov.NumberJusticesPro    -0.0435781  0.0194255      0  -2.243 0.024875 *  
nodeicov.Overruled             0.5801490  0.1632231      0   3.554 0.000379 ***
edgecov.same.opinion.writer.t  0.4274376  0.0903016      0   4.733  < 1e-04 ***
edgecov.same.issue.area.t      1.9868884  0.0425631      0  46.681  < 1e-04 ***
---
Signif. codes:  0 '***' 0.001 '**' 0.01 '*' 0.05 '.' 0.1 ' ' 1

     Null Deviance: 1327515  on 957600  degrees of freedom
 Residual Deviance:   28714  on 957591  degrees of freedom
 
AIC: 28732    BIC: 28838    (Smaller is better.) 
>   aici<- AIC(ind)
>   bici <- BIC(ind)
> 
>    
> 
>    li91<- list(coef(model),  coef(summary(model))[,5], coef(summary(model))[,2], aicm, bicm,
+                coef(ind),  coef(summary(ind))[,5], coef(summary(ind))[,2], aici, bici ) 
>    names(li91)<- c("Coefficients", "P-values", "StdErrors", "AICm", "BICm",
+                    "CoefficientsI", "P-valuesI", "StdErrorsI", "AICi", "BICi")
> 
>   save(li91,file="1991_2.RData")
> 
> 
> 
> 
