
R version 3.5.2 (2018-12-20) -- "Eggshell Igloo"
Copyright (C) 2018 The R Foundation for Statistical Computing
Platform: x86_64-redhat-linux-gnu (64-bit)

R is free software and comes with ABSOLUTELY NO WARRANTY.
You are welcome to redistribute it under certain conditions.
Type 'license()' or 'licence()' for distribution details.

R is a collaborative project with many contributors.
Type 'contributors()' for more information and
'citation()' on how to cite R or R packages in publications.

Type 'demo()' for some demos, 'help()' for on-line help, or
'help.start()' for an HTML browser interface to help.
Type 'q()' to quit R.

> 
> # get data
> load(file="ERCM_MPLE_cl.RData")
> 
> # install.packages("statnet", Sys.getenv("R_LIBS_USER"), repos = "http://cran.case.edu" )
> library(statnet)
> library(MLmetrics)
> library(xtable)
> library(tc.ergmterms)
> 
> # there are cases in 1962 marked as 1963 and in 1971 marked as 1972
> scc1[3364,11] <- 1962
> scc1[4648,11] <- 1971
> 
> 
> year.total <- scc1[,11]-1936 #-1936 => the first year 1937 is 1, 1938 is 2 aso, term column 
> 
> set.seed(12123)
> #sampled.years <- c(14, 24, 34, 44, 54, 64, 74)
> 
> t<- 55
>   print(t+1936)
[1] 1991
> tt<- t+1936
>   rowlasttt <- max(which(scc1[,11] == tt))
>   idt <- scc1[rowlasttt, 55]  
> 
>   
>   cases <- max(which(year.total==t)) # 14 corresponds to 1950
>   
>   # simple assignment of time periods to cases
>   years <- year.total[1:cases] 
>   
>   # going to need a sender time matrix covariate
>   sender.time <- matrix(years,length(years),length(years),byrow=F)
>   year <- matrix(years, length(years),length(years),byrow=F)
>   
>    # extract the network up to time t
>   AM <- adjacency.matrix[which(years <= t),which(years <= t)]
>   
>   net.t <- network(AM) 
>   
>   #calculate outdegree
>   o.degree<- rowSums(AM)
>   
>   # fix the outdegrees of time t as 0
>   last.t<- which(years==t)
>   
>   o.degree[last.t]<- 0
>   
>   # indicate outdegree and term as a node attribute
>   net.t <- set.vertex.attribute(net.t,"o.degree", o.degree)
>   net.t <- set.vertex.attribute(net.t,"term", years)
> 
> 
>    # subset MQ matrix
>   mq.t <- mq.matrix[which(years <= t),which(years <= t)]
>   # subset same issue matrix
>   same.issue.area.t <- same.issue.area[which(years <= t),which(years <= t)]
>   # subset year diff matrix
>   year.diff.t <- year.diff.matrix[which(years <= t),which(years <= t)]
>   # subset year diff matrix square
>   year.diff.square.t <- year.diff.t^2
>   # subset sender time matrix
>   sender.time.t <- sender.time[which(years <= t),which(years <= t)]
>   # subset unique dyad id matrix
>   #dyad.id.t <- dyad.id[which(years <= t),which(years <= t)]
>   # subset year matrix
>   year.t<- year[which(years <= t),which(years <= t)]
>   # subset same opinion writer matrix
>   same.opinion.writer.t<- same.opinion.writer[which(years <= t),which(years <= t)]
>   
>   #### set vertex attributes
>   # same issue area
>   net.t <- set.vertex.attribute(net.t,"SameIssueArea", scc1[which(years <= t),41])
>   # abs diff of MQ score
>   net.t <- set.vertex.attribute(net.t,"AbsDiffMQscores", scc1[which(years <= t),65])
>   # number justices that voted for the case
>   net.t <- set.vertex.attribute(net.t,"NumberJusticesPro", scc1[which(years <= t),52])
>   # overruled covariate
>   net.t <- set.vertex.attribute(net.t,"Overruled", Overruled.matrix[which(years <= t),idt])
>   # sender time
>   net.t <- set.vertex.attribute(net.t,"sender.time", sender.time.t[,1])
>   # Majority Opinion Writer
>   net.t <- set.vertex.attribute(net.t,"MajOpWriter", scc1[which(years <= t),49])
> 
>   
>   not.fixed <- network(1*(sender.time == t))
>   
>   
>   # fitting glm
>   model <- ergm(net.t~edges+ mutual + nodeicov("o.degree")+ difftransties("term")+gwidegree(1, fixed=TRUE)+ dgwesp(0.15, fixed=TRUE, type="OSP") +
+                 edgecov(mq.t)+
+                 edgecov(year.diff.t)+ edgecov(year.diff.square.t )+ 
+                 nodeicov('AbsDiffMQscores')+ nodeicov('NumberJusticesPro')+ 
+                 nodeicov('Overruled')+
+                 edgecov(same.opinion.writer.t)  + edgecov(same.issue.area.t),
+                 constraints=~fixallbut(not.fixed), control=control.ergm(MCMC.samplesize=10000,MCMLE.maxit=50), eval.loglik=FALSE) #
>   summary(model) 

==========================
Summary of model fit
==========================

Formula:   net.t ~ edges + mutual + nodeicov("o.degree") + difftransties("term") + 
    gwidegree(1, fixed = TRUE) + dgwesp(0.15, fixed = TRUE, type = "OSP") + 
    edgecov(mq.t) + edgecov(year.diff.t) + edgecov(year.diff.square.t) + 
    nodeicov("AbsDiffMQscores") + nodeicov("NumberJusticesPro") + 
    nodeicov("Overruled") + edgecov(same.opinion.writer.t) + 
    edgecov(same.issue.area.t)

Iterations:  32 out of 50 

Monte Carlo MLE Results:
                                Estimate Std. Error MCMC %  z value Pr(>|z|)
edges                         -7.1697407  0.0491834      2 -145.776  < 1e-04
mutual                        -9.9616950         NA     NA       NA       NA
nodeicov.o.degree             -0.0263266  0.0015168      0  -17.357  < 1e-04
difftransties.term             2.4531445  0.0686126      0   35.754  < 1e-04
gwideg.fixed.1                -0.1049298  0.0841341      0   -1.247  0.21233
gwesp.OSP.fixed.0.15           2.6377681  0.0598164      0   44.098  < 1e-04
edgecov.mq.t                  -0.0301515  0.0306644      0   -0.983  0.32547
edgecov.year.diff.t           -0.0959724  0.0054017      0  -17.767  < 1e-04
edgecov.year.diff.square.t     0.0012278  0.0001097      0   11.191  < 1e-04
nodeicov.AbsDiffMQscores       0.0080961  0.0142143      0    0.570  0.56897
nodeicov.NumberJusticesPro     0.0560605  0.0173172      0    3.237  0.00121
nodeicov.Overruled            -0.4479087  0.0118903     69  -37.670  < 1e-04
edgecov.same.opinion.writer.t  0.2523230  0.0836682      0    3.016  0.00256
edgecov.same.issue.area.t      0.4946110  0.0323027      0   15.312  < 1e-04
                                 
edges                         ***
mutual                           
nodeicov.o.degree             ***
difftransties.term            ***
gwideg.fixed.1                   
gwesp.OSP.fixed.0.15          ***
edgecov.mq.t                     
edgecov.year.diff.t           ***
edgecov.year.diff.square.t    ***
nodeicov.AbsDiffMQscores         
nodeicov.NumberJusticesPro    ** 
nodeicov.Overruled            ***
edgecov.same.opinion.writer.t ** 
edgecov.same.issue.area.t     ***
---
Signif. codes:  0 '***' 0.001 '**' 0.01 '*' 0.05 '.' 0.1 ' ' 1

Log-likelihood was not estimated for this fit.
To get deviances, AIC, and/or BIC from fit `model` run 
  > model<-logLik(model, add=TRUE)
to add it to the object or rerun this function with eval.loglik=TRUE.
>   
> 
>   # get statistics
>   erg.est <- summary(net.t~edges+ mutual + nodeicov("o.degree")+ difftransties("term")+gwidegree(1, fixed=TRUE)+ 
+                 dgwesp(0.15, fixed=TRUE, type="OSP") +
+                 edgecov(mq.t)+
+                 edgecov(year.diff.t)+ edgecov(year.diff.square.t )+ nodeicov('AbsDiffMQscores')+ nodeicov('NumberJusticesPro')+ 
+                 nodeicov('Overruled')+edgecov(same.opinion.writer.t) + nodeifactor('MajOpWriter')+ edgecov(same.issue.area.t)  )
>   erg.est
                        edges                        mutual 
                     79442.00                         17.00 
            nodeicov.o.degree            difftransties.term 
                   1205308.00                      48158.00 
               gwideg.fixed.1          gwesp.OSP.fixed.0.15 
                     15780.28                      56565.99 
                 edgecov.mq.t           edgecov.year.diff.t 
                     75105.60                     928600.00 
   edgecov.year.diff.square.t      nodeicov.AbsDiffMQscores 
                  20391424.00                     432894.23 
   nodeicov.NumberJusticesPro            nodeicov.Overruled 
                    545687.00                       2347.00 
edgecov.same.opinion.writer.t    nodeifactor.MajOpWriter.68 
                      6760.00                        399.00 
   nodeifactor.MajOpWriter.71    nodeifactor.MajOpWriter.72 
                        59.00                        205.00 
   nodeifactor.MajOpWriter.74    nodeifactor.MajOpWriter.75 
                      2784.00                       1134.00 
   nodeifactor.MajOpWriter.76    nodeifactor.MajOpWriter.77 
                      1550.00                        140.00 
   nodeifactor.MajOpWriter.78    nodeifactor.MajOpWriter.79 
                      6237.00                       2818.00 
   nodeifactor.MajOpWriter.80    nodeifactor.MajOpWriter.81 
                      4123.00                       6337.00 
   nodeifactor.MajOpWriter.82    nodeifactor.MajOpWriter.83 
                      1341.00                        153.00 
   nodeifactor.MajOpWriter.84    nodeifactor.MajOpWriter.85 
                      1993.00                        988.00 
   nodeifactor.MajOpWriter.86    nodeifactor.MajOpWriter.87 
                       912.00                       1053.00 
   nodeifactor.MajOpWriter.88    nodeifactor.MajOpWriter.89 
                      2119.00                        459.00 
   nodeifactor.MajOpWriter.90    nodeifactor.MajOpWriter.91 
                      3297.00                       2151.00 
   nodeifactor.MajOpWriter.92    nodeifactor.MajOpWriter.93 
                      6512.00                        366.00 
   nodeifactor.MajOpWriter.94    nodeifactor.MajOpWriter.95 
                      4895.00                       5056.00 
   nodeifactor.MajOpWriter.96    nodeifactor.MajOpWriter.97 
                       595.00                        498.00 
   nodeifactor.MajOpWriter.98    nodeifactor.MajOpWriter.99 
                      2514.00                       2933.00 
  nodeifactor.MajOpWriter.100   nodeifactor.MajOpWriter.101 
                      2364.00                       3343.00 
  nodeifactor.MajOpWriter.102   nodeifactor.MajOpWriter.103 
                      2838.00                       1717.00 
  nodeifactor.MajOpWriter.104   nodeifactor.MajOpWriter.105 
                       930.00                        179.00 
  nodeifactor.MajOpWriter.106   nodeifactor.MajOpWriter.107 
                       162.00                         14.00 
  nodeifactor.MajOpWriter.108     edgecov.same.issue.area.t 
                         1.00                      46586.00 
>   
> 
>    li91<- list(coef(model),  coef(summary(model))[,5], coef(summary(model))[,2] ) 
>    names(li91)<- c("Coefficients", "P-values", "StdErrors")
> 
>   save(li91,file="1991_1.RData")
> 
> 
> 
> 
