
R version 3.5.2 (2018-12-20) -- "Eggshell Igloo"
Copyright (C) 2018 The R Foundation for Statistical Computing
Platform: x86_64-redhat-linux-gnu (64-bit)

R is free software and comes with ABSOLUTELY NO WARRANTY.
You are welcome to redistribute it under certain conditions.
Type 'license()' or 'licence()' for distribution details.

R is a collaborative project with many contributors.
Type 'contributors()' for more information and
'citation()' on how to cite R or R packages in publications.

Type 'demo()' for some demos, 'help()' for on-line help, or
'help.start()' for an HTML browser interface to help.
Type 'q()' to quit R.

> 
> # get data
> load(file="ERCM_MPLE_cl.RData")
> 
> # install.packages("statnet", Sys.getenv("R_LIBS_USER"), repos = "http://cran.case.edu" )
> library(statnet)
> library(MLmetrics)
> library(xtable)
> library(tc.ergmterms)
> 
> # there are cases in 1962 marked as 1963 and in 1971 marked as 1972
> scc1[3364,11] <- 1962
> scc1[4648,11] <- 1971
> 
> 
> year.total <- scc1[,11]-1936 #-1936 => the first year 1937 is 1, 1938 is 2 aso, term column 
> 
> set.seed(12123)
> #sampled.years <- c(14, 24, 34, 44, 54, 64, 74)
> 
> t<- 58
>   print(t+1936)
[1] 1994
> tt<- t+1936
>   rowlasttt <- max(which(scc1[,11] == tt))
>   idt <- scc1[rowlasttt, 55]  
> 
>   
>   cases <- max(which(year.total==t)) # 14 corresponds to 1950
>   
>   # simple assignment of time periods to cases
>   years <- year.total[1:cases] 
>   
>   # going to need a sender time matrix covariate
>   sender.time <- matrix(years,length(years),length(years),byrow=F)
>   year <- matrix(years, length(years),length(years),byrow=F)
>   
>    # extract the network up to time t
>   AM <- adjacency.matrix[which(years <= t),which(years <= t)]
>   
>   net.t <- network(AM) 
>   
>   #calculate outdegree
>   o.degree<- rowSums(AM)
>   
>   # fix the outdegrees of time t as 0
>   last.t<- which(years==t)
>   
>   o.degree[last.t]<- 0
>   
>   # indicate outdegree and term as a node attribute
>   net.t <- set.vertex.attribute(net.t,"o.degree", o.degree)
>   net.t <- set.vertex.attribute(net.t,"term", years)
> 
> 
>    # subset MQ matrix
>   mq.t <- mq.matrix[which(years <= t),which(years <= t)]
>   # subset same issue matrix
>   same.issue.area.t <- same.issue.area[which(years <= t),which(years <= t)]
>   # subset year diff matrix
>   year.diff.t <- year.diff.matrix[which(years <= t),which(years <= t)]
>   # subset year diff matrix square
>   year.diff.square.t <- year.diff.t^2
>   # subset sender time matrix
>   sender.time.t <- sender.time[which(years <= t),which(years <= t)]
>   # subset unique dyad id matrix
>   #dyad.id.t <- dyad.id[which(years <= t),which(years <= t)]
>   # subset year matrix
>   year.t<- year[which(years <= t),which(years <= t)]
>   # subset same opinion writer matrix
>   same.opinion.writer.t<- same.opinion.writer[which(years <= t),which(years <= t)]
>   
>   #### set vertex attributes
>   # same issue area
>   net.t <- set.vertex.attribute(net.t,"SameIssueArea", scc1[which(years <= t),41])
>   # abs diff of MQ score
>   net.t <- set.vertex.attribute(net.t,"AbsDiffMQscores", scc1[which(years <= t),65])
>   # number justices that voted for the case
>   net.t <- set.vertex.attribute(net.t,"NumberJusticesPro", scc1[which(years <= t),52])
>   # overruled covariate
>   net.t <- set.vertex.attribute(net.t,"Overruled", Overruled.matrix[which(years <= t),idt])
>   # sender time
>   net.t <- set.vertex.attribute(net.t,"sender.time", sender.time.t[,1])
>   # Majority Opinion Writer
>   net.t <- set.vertex.attribute(net.t,"MajOpWriter", scc1[which(years <= t),49])
> 
>   
>   not.fixed <- network(1*(sender.time == t))
>   
>   load(file="1994_1.RData")
> 
>   li <- li94[[1]]
> 
> 
>   
>   # fitting glm
>   model <- ergm(net.t~edges+ mutual + nodeicov("o.degree")+ difftransties("term")+gwidegree(1, fixed=TRUE)+ dgwesp(0.15, fixed=TRUE, type="OSP") +
+                 edgecov(mq.t)+
+                 edgecov(year.diff.t)+ edgecov(year.diff.square.t )+ 
+                 nodeicov('AbsDiffMQscores')+ nodeicov('NumberJusticesPro')+ 
+                 nodeicov('Overruled')+
+                 edgecov(same.opinion.writer.t)  + edgecov(same.issue.area.t),
+                 constraints=~fixallbut(not.fixed), control=control.ergm(MCMC.samplesize=10000,MCMLE.maxit=50, init=li)) #
>   summary(model)

==========================
Summary of model fit
==========================

Formula:   net.t ~ edges + mutual + nodeicov("o.degree") + difftransties("term") + 
    gwidegree(1, fixed = TRUE) + dgwesp(0.15, fixed = TRUE, type = "OSP") + 
    edgecov(mq.t) + edgecov(year.diff.t) + edgecov(year.diff.square.t) + 
    nodeicov("AbsDiffMQscores") + nodeicov("NumberJusticesPro") + 
    nodeicov("Overruled") + edgecov(same.opinion.writer.t) + 
    edgecov(same.issue.area.t)

Iterations:  7 out of 50 

Monte Carlo MLE Results:
                                Estimate Std. Error MCMC %  z value Pr(>|z|)
edges                         -7.228e+00  5.610e-02      1 -128.843  < 1e-04
mutual                        -1.304e+01         NA     NA       NA       NA
nodeicov.o.degree             -1.702e-02  1.626e-03      0  -10.464  < 1e-04
difftransties.term             2.449e+00  8.137e-02      0   30.102  < 1e-04
gwideg.fixed.1                -1.766e-01  1.030e-01      0   -1.715 0.086309
gwesp.OSP.fixed.0.15           2.398e+00  7.369e-02      0   32.541  < 1e-04
edgecov.mq.t                   1.222e-01  3.068e-02      0    3.982  < 1e-04
edgecov.year.diff.t           -1.096e-01  5.975e-03      0  -18.339  < 1e-04
edgecov.year.diff.square.t     1.407e-03  1.086e-04      0   12.961  < 1e-04
nodeicov.AbsDiffMQscores       3.010e-02  1.487e-02      0    2.025 0.042899
nodeicov.NumberJusticesPro     5.115e-02  1.890e-02      0    2.707 0.006789
nodeicov.Overruled            -2.301e-01  1.247e-02     59  -18.454  < 1e-04
edgecov.same.opinion.writer.t  3.850e-01  1.060e-01      0    3.631 0.000282
edgecov.same.issue.area.t      5.244e-01  3.786e-02      0   13.850  < 1e-04
                                 
edges                         ***
mutual                           
nodeicov.o.degree             ***
difftransties.term            ***
gwideg.fixed.1                .  
gwesp.OSP.fixed.0.15          ***
edgecov.mq.t                  ***
edgecov.year.diff.t           ***
edgecov.year.diff.square.t    ***
nodeicov.AbsDiffMQscores      *  
nodeicov.NumberJusticesPro    ** 
nodeicov.Overruled            ***
edgecov.same.opinion.writer.t ***
edgecov.same.issue.area.t     ***
---
Signif. codes:  0 '***' 0.001 '**' 0.01 '*' 0.05 '.' 0.1 ' ' 1

     Null Deviance: 1045176  on 753935  degrees of freedom
 Residual Deviance:   14969  on 753921  degrees of freedom
 
AIC: 14997    BIC: 15158    (Smaller is better.) 
>   aicm<- AIC(model)
>   bicm <- BIC(model)
> 
>   # get statistics
>   erg.est <- summary(net.t~edges+ mutual + nodeicov("o.degree")+ difftransties("term")+gwidegree(1, fixed=TRUE)+ 
+                 dgwesp(0.15, fixed=TRUE, type="OSP") +
+                 edgecov(mq.t)+
+                 edgecov(year.diff.t)+ edgecov(year.diff.square.t )+ nodeicov('AbsDiffMQscores')+ nodeicov('NumberJusticesPro')+ 
+                 nodeicov('Overruled')+edgecov(same.opinion.writer.t) + nodeifactor('MajOpWriter')+ edgecov(same.issue.area.t)  )
>   erg.est
                        edges                        mutual 
                     84898.00                         17.00 
            nodeicov.o.degree            difftransties.term 
                   1323317.00                      51826.00 
               gwideg.fixed.1          gwesp.OSP.fixed.0.15 
                     16547.98                      60755.02 
                 edgecov.mq.t           edgecov.year.diff.t 
                     80135.58                    1021257.00 
   edgecov.year.diff.square.t      nodeicov.AbsDiffMQscores 
                  23082611.00                     462745.65 
   nodeicov.NumberJusticesPro            nodeicov.Overruled 
                    583052.00                       2493.00 
edgecov.same.opinion.writer.t    nodeifactor.MajOpWriter.68 
                      7075.00                        411.00 
   nodeifactor.MajOpWriter.71    nodeifactor.MajOpWriter.72 
                        59.00                        208.00 
   nodeifactor.MajOpWriter.74    nodeifactor.MajOpWriter.75 
                      2837.00                       1157.00 
   nodeifactor.MajOpWriter.76    nodeifactor.MajOpWriter.77 
                      1584.00                        143.00 
   nodeifactor.MajOpWriter.78    nodeifactor.MajOpWriter.79 
                      6412.00                       2882.00 
   nodeifactor.MajOpWriter.80    nodeifactor.MajOpWriter.81 
                      4218.00                       6493.00 
   nodeifactor.MajOpWriter.82    nodeifactor.MajOpWriter.83 
                      1368.00                        156.00 
   nodeifactor.MajOpWriter.84    nodeifactor.MajOpWriter.85 
                      2061.00                       1009.00 
   nodeifactor.MajOpWriter.86    nodeifactor.MajOpWriter.87 
                       934.00                       1071.00 
   nodeifactor.MajOpWriter.88    nodeifactor.MajOpWriter.89 
                      2201.00                        466.00 
   nodeifactor.MajOpWriter.90    nodeifactor.MajOpWriter.91 
                      3423.00                       2227.00 
   nodeifactor.MajOpWriter.92    nodeifactor.MajOpWriter.93 
                      6948.00                        374.00 
   nodeifactor.MajOpWriter.94    nodeifactor.MajOpWriter.95 
                      5161.00                       5612.00 
   nodeifactor.MajOpWriter.96    nodeifactor.MajOpWriter.97 
                       612.00                        514.00 
   nodeifactor.MajOpWriter.98    nodeifactor.MajOpWriter.99 
                      2806.00                       3170.00 
  nodeifactor.MajOpWriter.100   nodeifactor.MajOpWriter.101 
                      2748.00                       3662.00 
  nodeifactor.MajOpWriter.102   nodeifactor.MajOpWriter.103 
                      3292.00                       2071.00 
  nodeifactor.MajOpWriter.104   nodeifactor.MajOpWriter.105 
                      1274.00                        350.00 
  nodeifactor.MajOpWriter.106   nodeifactor.MajOpWriter.107 
                       340.00                         77.00 
  nodeifactor.MajOpWriter.108   nodeifactor.MajOpWriter.109 
                        60.00                          9.00 
  nodeifactor.MajOpWriter.110     edgecov.same.issue.area.t 
                         6.00                      49765.00 
>    
>   
>    
>    #############################################
>    # Independence model
>    #############################################
>    ind <- ergm(net.t~edges+ 
+                 edgecov(mq.t)+
+                 edgecov(year.diff.t)+ edgecov(year.diff.square.t )+ 
+                 nodeicov('AbsDiffMQscores')+ nodeicov('NumberJusticesPro')+ 
+                 nodeicov('Overruled')+
+                 edgecov(same.opinion.writer.t)  + edgecov(same.issue.area.t),
+                 constraints=~fixallbut(not.fixed), estimate="MLE") #
>     
>   summary(ind)   

==========================
Summary of model fit
==========================

Formula:   net.t ~ edges + edgecov(mq.t) + edgecov(year.diff.t) + edgecov(year.diff.square.t) + 
    nodeicov("AbsDiffMQscores") + nodeicov("NumberJusticesPro") + 
    nodeicov("Overruled") + edgecov(same.opinion.writer.t) + 
    edgecov(same.issue.area.t)

Iterations:  8 out of 20 

Monte Carlo MLE Results:
                                Estimate Std. Error MCMC % z value Pr(>|z|)    
edges                         -5.2589625  0.1469745      0 -35.781  < 1e-04 ***
edgecov.mq.t                   0.3124656  0.0385854      0   8.098  < 1e-04 ***
edgecov.year.diff.t           -0.0827807  0.0063039      0 -13.132  < 1e-04 ***
edgecov.year.diff.square.t     0.0007009  0.0001229      0   5.702  < 1e-04 ***
nodeicov.AbsDiffMQscores      -0.0134120  0.0154669      0  -0.867  0.38586    
nodeicov.NumberJusticesPro    -0.0633335  0.0222689      0  -2.844  0.00445 ** 
nodeicov.Overruled             0.9399369  0.1580112      0   5.949  < 1e-04 ***
edgecov.same.opinion.writer.t  0.5886259  0.1162083      0   5.065  < 1e-04 ***
edgecov.same.issue.area.t      1.9029447  0.0508629      0  37.413  < 1e-04 ***
---
Signif. codes:  0 '***' 0.001 '**' 0.01 '*' 0.05 '.' 0.1 ' ' 1

     Null Deviance: 1045176  on 753935  degrees of freedom
 Residual Deviance:   20272  on 753926  degrees of freedom
 
AIC: 20290    BIC: 20394    (Smaller is better.) 
>   aici<- AIC(ind)
>   bici <- BIC(ind)
> 
>    
> 
>    li94<- list(coef(model),  coef(summary(model))[,5], coef(summary(model))[,2], aicm, bicm,
+                coef(ind),  coef(summary(ind))[,5], coef(summary(ind))[,2], aici, bici ) 
>    names(li94)<- c("Coefficients", "P-values", "StdErrors", "AICm", "BICm",
+                    "CoefficientsI", "P-valuesI", "StdErrorsI", "AICi", "BICi")
> 
>   save(li94,file="1994_2.RData")
> 
> 
> 
> 
