
R version 3.5.2 (2018-12-20) -- "Eggshell Igloo"
Copyright (C) 2018 The R Foundation for Statistical Computing
Platform: x86_64-redhat-linux-gnu (64-bit)

R is free software and comes with ABSOLUTELY NO WARRANTY.
You are welcome to redistribute it under certain conditions.
Type 'license()' or 'licence()' for distribution details.

R is a collaborative project with many contributors.
Type 'contributors()' for more information and
'citation()' on how to cite R or R packages in publications.

Type 'demo()' for some demos, 'help()' for on-line help, or
'help.start()' for an HTML browser interface to help.
Type 'q()' to quit R.

> 
> # get data
> load(file="ERCM_MPLE_cl.RData")
> 
> # install.packages("statnet", Sys.getenv("R_LIBS_USER"), repos = "http://cran.case.edu" )
> library(statnet)
> library(MLmetrics)
> library(xtable)
> library(tc.ergmterms)
> 
> # there are cases in 1962 marked as 1963 and in 1971 marked as 1972
> scc1[3364,11] <- 1962
> scc1[4648,11] <- 1971
> 
> 
> year.total <- scc1[,11]-1936 #-1936 => the first year 1937 is 1, 1938 is 2 aso, term column 
> 
> set.seed(12123)
> #sampled.years <- c(14, 24, 34, 44, 54, 64, 74)
> 
> t<- 60
>   print(t+1936)
[1] 1996
> tt<- t+1936
>   rowlasttt <- max(which(scc1[,11] == tt))
>   idt <- scc1[rowlasttt, 55]  
> 
>   
>   cases <- max(which(year.total==t)) # 14 corresponds to 1950
>   
>   # simple assignment of time periods to cases
>   years <- year.total[1:cases] 
>   
>   # going to need a sender time matrix covariate
>   sender.time <- matrix(years,length(years),length(years),byrow=F)
>   year <- matrix(years, length(years),length(years),byrow=F)
>   
>    # extract the network up to time t
>   AM <- adjacency.matrix[which(years <= t),which(years <= t)]
>   
>   net.t <- network(AM) 
>   
>   #calculate outdegree
>   o.degree<- rowSums(AM)
>   
>   # fix the outdegrees of time t as 0
>   last.t<- which(years==t)
>   
>   o.degree[last.t]<- 0
>   
>   # indicate outdegree and term as a node attribute
>   net.t <- set.vertex.attribute(net.t,"o.degree", o.degree)
>   net.t <- set.vertex.attribute(net.t,"term", years)
> 
> 
>    # subset MQ matrix
>   mq.t <- mq.matrix[which(years <= t),which(years <= t)]
>   # subset same issue matrix
>   same.issue.area.t <- same.issue.area[which(years <= t),which(years <= t)]
>   # subset year diff matrix
>   year.diff.t <- year.diff.matrix[which(years <= t),which(years <= t)]
>   # subset year diff matrix square
>   year.diff.square.t <- year.diff.t^2
>   # subset sender time matrix
>   sender.time.t <- sender.time[which(years <= t),which(years <= t)]
>   # subset unique dyad id matrix
>   #dyad.id.t <- dyad.id[which(years <= t),which(years <= t)]
>   # subset year matrix
>   year.t<- year[which(years <= t),which(years <= t)]
>   # subset same opinion writer matrix
>   same.opinion.writer.t<- same.opinion.writer[which(years <= t),which(years <= t)]
>   
>   #### set vertex attributes
>   # same issue area
>   net.t <- set.vertex.attribute(net.t,"SameIssueArea", scc1[which(years <= t),41])
>   # abs diff of MQ score
>   net.t <- set.vertex.attribute(net.t,"AbsDiffMQscores", scc1[which(years <= t),65])
>   # number justices that voted for the case
>   net.t <- set.vertex.attribute(net.t,"NumberJusticesPro", scc1[which(years <= t),52])
>   # overruled covariate
>   net.t <- set.vertex.attribute(net.t,"Overruled", Overruled.matrix[which(years <= t),idt])
>   # sender time
>   net.t <- set.vertex.attribute(net.t,"sender.time", sender.time.t[,1])
>   # Majority Opinion Writer
>   net.t <- set.vertex.attribute(net.t,"MajOpWriter", scc1[which(years <= t),49])
> 
>   
>   not.fixed <- network(1*(sender.time == t))
>   
>   load(file="1996_1.RData")
> 
>   li <- li96[[1]]
> 
> 
>   
>   # fitting glm
>   model <- ergm(net.t~edges+ mutual + nodeicov("o.degree")+ difftransties("term")+gwidegree(1, fixed=TRUE)+ dgwesp(0.15, fixed=TRUE, type="OSP") +
+                 edgecov(mq.t)+
+                 edgecov(year.diff.t)+ edgecov(year.diff.square.t )+ 
+                 nodeicov('AbsDiffMQscores')+ nodeicov('NumberJusticesPro')+ 
+                 nodeicov('Overruled')+
+                 edgecov(same.opinion.writer.t)  + edgecov(same.issue.area.t),
+                 constraints=~fixallbut(not.fixed), control=control.ergm(MCMC.samplesize=10000,MCMLE.maxit=50, init=li)) #
>   summary(model)

==========================
Summary of model fit
==========================

Formula:   net.t ~ edges + mutual + nodeicov("o.degree") + difftransties("term") + 
    gwidegree(1, fixed = TRUE) + dgwesp(0.15, fixed = TRUE, type = "OSP") + 
    edgecov(mq.t) + edgecov(year.diff.t) + edgecov(year.diff.square.t) + 
    nodeicov("AbsDiffMQscores") + nodeicov("NumberJusticesPro") + 
    nodeicov("Overruled") + edgecov(same.opinion.writer.t) + 
    edgecov(same.issue.area.t)

Iterations:  10 out of 50 

Monte Carlo MLE Results:
                                Estimate Std. Error MCMC %  z value Pr(>|z|)
edges                         -7.514e+00  6.082e-02      1 -123.535  < 1e-04
mutual                        -1.304e+01         NA     NA       NA       NA
nodeicov.o.degree             -1.795e-02  1.583e-03      0  -11.335  < 1e-04
difftransties.term             2.434e+00  7.947e-02      0   30.627  < 1e-04
gwideg.fixed.1                -2.430e-01  9.857e-02      0   -2.465 0.013697
gwesp.OSP.fixed.0.15           2.597e+00  7.387e-02      0   35.157  < 1e-04
edgecov.mq.t                   4.589e-02  3.638e-02      0    1.262 0.207121
edgecov.year.diff.t           -9.236e-02  5.844e-03      0  -15.805  < 1e-04
edgecov.year.diff.square.t     1.021e-03  1.102e-04      0    9.259  < 1e-04
nodeicov.AbsDiffMQscores       5.632e-03  1.567e-02      0    0.359 0.719249
nodeicov.NumberJusticesPro     8.956e-02  1.880e-02      0    4.764  < 1e-04
nodeicov.Overruled            -3.973e-01  1.557e-02     38  -25.508  < 1e-04
edgecov.same.opinion.writer.t  3.330e-01  1.003e-01      0    3.321 0.000898
edgecov.same.issue.area.t      5.722e-01  3.222e-02      1   17.762  < 1e-04
                                 
edges                         ***
mutual                           
nodeicov.o.degree             ***
difftransties.term            ***
gwideg.fixed.1                *  
gwesp.OSP.fixed.0.15          ***
edgecov.mq.t                     
edgecov.year.diff.t           ***
edgecov.year.diff.square.t    ***
nodeicov.AbsDiffMQscores         
nodeicov.NumberJusticesPro    ***
nodeicov.Overruled            ***
edgecov.same.opinion.writer.t ***
edgecov.same.issue.area.t     ***
---
Signif. codes:  0 '***' 0.001 '**' 0.01 '*' 0.05 '.' 0.1 ' ' 1

     Null Deviance: 1115482  on 804650  degrees of freedom
 Residual Deviance:   14381  on 804636  degrees of freedom
 
AIC: 14409    BIC: 14571    (Smaller is better.) 
>   aicm<- AIC(model)
>   bicm <- BIC(model)
> 
>   # get statistics
>   erg.est <- summary(net.t~edges+ mutual + nodeicov("o.degree")+ difftransties("term")+gwidegree(1, fixed=TRUE)+ 
+                 dgwesp(0.15, fixed=TRUE, type="OSP") +
+                 edgecov(mq.t)+
+                 edgecov(year.diff.t)+ edgecov(year.diff.square.t )+ nodeicov('AbsDiffMQscores')+ nodeicov('NumberJusticesPro')+ 
+                 nodeicov('Overruled')+edgecov(same.opinion.writer.t) + nodeifactor('MajOpWriter')+ edgecov(same.issue.area.t)  )
>   erg.est
                        edges                        mutual 
                     88088.00                         17.00 
            nodeicov.o.degree            difftransties.term 
                   1393419.00                      53978.00 
               gwideg.fixed.1          gwesp.OSP.fixed.0.15 
                     16992.89                      63255.02 
                 edgecov.mq.t           edgecov.year.diff.t 
                     82922.49                    1080263.00 
   edgecov.year.diff.square.t      nodeicov.AbsDiffMQscores 
                  24859245.00                     480300.90 
   nodeicov.NumberJusticesPro            nodeicov.Overruled 
                    605093.00                       2572.00 
edgecov.same.opinion.writer.t    nodeifactor.MajOpWriter.68 
                      7246.00                        421.00 
   nodeifactor.MajOpWriter.71    nodeifactor.MajOpWriter.72 
                        59.00                        210.00 
   nodeifactor.MajOpWriter.74    nodeifactor.MajOpWriter.75 
                      2868.00                       1167.00 
   nodeifactor.MajOpWriter.76    nodeifactor.MajOpWriter.77 
                      1595.00                        147.00 
   nodeifactor.MajOpWriter.78    nodeifactor.MajOpWriter.79 
                      6492.00                       2915.00 
   nodeifactor.MajOpWriter.80    nodeifactor.MajOpWriter.81 
                      4276.00                       6585.00 
   nodeifactor.MajOpWriter.82    nodeifactor.MajOpWriter.83 
                      1380.00                        158.00 
   nodeifactor.MajOpWriter.84    nodeifactor.MajOpWriter.85 
                      2101.00                       1026.00 
   nodeifactor.MajOpWriter.86    nodeifactor.MajOpWriter.87 
                       943.00                       1083.00 
   nodeifactor.MajOpWriter.88    nodeifactor.MajOpWriter.89 
                      2233.00                        472.00 
   nodeifactor.MajOpWriter.90    nodeifactor.MajOpWriter.91 
                      3498.00                       2265.00 
   nodeifactor.MajOpWriter.92    nodeifactor.MajOpWriter.93 
                      7171.00                        379.00 
   nodeifactor.MajOpWriter.94    nodeifactor.MajOpWriter.95 
                      5302.00                       5929.00 
   nodeifactor.MajOpWriter.96    nodeifactor.MajOpWriter.97 
                       618.00                        532.00 
   nodeifactor.MajOpWriter.98    nodeifactor.MajOpWriter.99 
                      2963.00                       3301.00 
  nodeifactor.MajOpWriter.100   nodeifactor.MajOpWriter.101 
                      2944.00                       3836.00 
  nodeifactor.MajOpWriter.102   nodeifactor.MajOpWriter.103 
                      3565.00                       2277.00 
  nodeifactor.MajOpWriter.104   nodeifactor.MajOpWriter.105 
                      1494.00                        475.00 
  nodeifactor.MajOpWriter.106   nodeifactor.MajOpWriter.107 
                       464.00                        134.00 
  nodeifactor.MajOpWriter.108   nodeifactor.MajOpWriter.109 
                       119.00                         32.00 
  nodeifactor.MajOpWriter.110     edgecov.same.issue.area.t 
                        18.00                      51534.00 
>    
>   
>    
>    #############################################
>    # Independence model
>    #############################################
>    ind <- ergm(net.t~edges+ 
+                 edgecov(mq.t)+
+                 edgecov(year.diff.t)+ edgecov(year.diff.square.t )+ 
+                 nodeicov('AbsDiffMQscores')+ nodeicov('NumberJusticesPro')+ 
+                 nodeicov('Overruled')+
+                 edgecov(same.opinion.writer.t)  + edgecov(same.issue.area.t),
+                 constraints=~fixallbut(not.fixed), estimate="MLE") #
>     
>   summary(ind)   

==========================
Summary of model fit
==========================

Formula:   net.t ~ edges + edgecov(mq.t) + edgecov(year.diff.t) + edgecov(year.diff.square.t) + 
    nodeicov("AbsDiffMQscores") + nodeicov("NumberJusticesPro") + 
    nodeicov("Overruled") + edgecov(same.opinion.writer.t) + 
    edgecov(same.issue.area.t)

Iterations:  8 out of 20 

Monte Carlo MLE Results:
                                Estimate Std. Error MCMC % z value Pr(>|z|)    
edges                         -5.4539669  0.1511257      0 -36.089   <1e-04 ***
edgecov.mq.t                   0.1701017  0.0398523      0   4.268   <1e-04 ***
edgecov.year.diff.t           -0.0579546  0.0063128      0  -9.180   <1e-04 ***
edgecov.year.diff.square.t     0.0002187  0.0001212      0   1.804   0.0712 .  
nodeicov.AbsDiffMQscores      -0.0321614  0.0158994      0  -2.023   0.0431 *  
nodeicov.NumberJusticesPro    -0.0455317  0.0228146      0  -1.996   0.0460 *  
nodeicov.Overruled            -0.0150602  0.2563780      0  -0.059   0.9532    
edgecov.same.opinion.writer.t  0.6481686  0.1084526      0   5.977   <1e-04 ***
edgecov.same.issue.area.t      2.1332128  0.0516205      0  41.325   <1e-04 ***
---
Signif. codes:  0 '***' 0.001 '**' 0.01 '*' 0.05 '.' 0.1 ' ' 1

     Null Deviance: 1115482  on 804650  degrees of freedom
 Residual Deviance:   19994  on 804641  degrees of freedom
 
AIC: 20012    BIC: 20117    (Smaller is better.) 
>   aici<- AIC(ind)
>   bici <- BIC(ind)
> 
>    
> 
>    li96<- list(coef(model),  coef(summary(model))[,5], coef(summary(model))[,2], aicm, bicm,
+                coef(ind),  coef(summary(ind))[,5], coef(summary(ind))[,2], aici, bici ) 
>    names(li96)<- c("Coefficients", "P-values", "StdErrors", "AICm", "BICm",
+                    "CoefficientsI", "P-valuesI", "StdErrorsI", "AICi", "BICi")
> 
>   save(li96,file="1996_2.RData")
> 
> 
> 
> 
