
R version 3.5.2 (2018-12-20) -- "Eggshell Igloo"
Copyright (C) 2018 The R Foundation for Statistical Computing
Platform: x86_64-redhat-linux-gnu (64-bit)

R is free software and comes with ABSOLUTELY NO WARRANTY.
You are welcome to redistribute it under certain conditions.
Type 'license()' or 'licence()' for distribution details.

R is a collaborative project with many contributors.
Type 'contributors()' for more information and
'citation()' on how to cite R or R packages in publications.

Type 'demo()' for some demos, 'help()' for on-line help, or
'help.start()' for an HTML browser interface to help.
Type 'q()' to quit R.

> 
> # get data
> load(file="ERCM_MPLE_cl.RData")
> 
> # install.packages("statnet", Sys.getenv("R_LIBS_USER"), repos = "http://cran.case.edu" )
> library(statnet)
> library(MLmetrics)
> library(xtable)
> library(tc.ergmterms)
> 
> # there are cases in 1962 marked as 1963 and in 1971 marked as 1972
> scc1[3364,11] <- 1962
> scc1[4648,11] <- 1971
> 
> 
> year.total <- scc1[,11]-1936 #-1936 => the first year 1937 is 1, 1938 is 2 aso, term column 
> 
> set.seed(12123)
> #sampled.years <- c(14, 24, 34, 44, 54, 64, 74)
> 
> t<- 61
>   print(t+1936)
[1] 1997
> tt<- t+1936
>   rowlasttt <- max(which(scc1[,11] == tt))
>   idt <- scc1[rowlasttt, 55]  
> 
>   
>   cases <- max(which(year.total==t)) # 14 corresponds to 1950
>   
>   # simple assignment of time periods to cases
>   years <- year.total[1:cases] 
>   
>   # going to need a sender time matrix covariate
>   sender.time <- matrix(years,length(years),length(years),byrow=F)
>   year <- matrix(years, length(years),length(years),byrow=F)
>   
>    # extract the network up to time t
>   AM <- adjacency.matrix[which(years <= t),which(years <= t)]
>   
>   net.t <- network(AM) 
>   
>   #calculate outdegree
>   o.degree<- rowSums(AM)
>   
>   # fix the outdegrees of time t as 0
>   last.t<- which(years==t)
>   
>   o.degree[last.t]<- 0
>   
>   # indicate outdegree and term as a node attribute
>   net.t <- set.vertex.attribute(net.t,"o.degree", o.degree)
>   net.t <- set.vertex.attribute(net.t,"term", years)
> 
> 
>    # subset MQ matrix
>   mq.t <- mq.matrix[which(years <= t),which(years <= t)]
>   # subset same issue matrix
>   same.issue.area.t <- same.issue.area[which(years <= t),which(years <= t)]
>   # subset year diff matrix
>   year.diff.t <- year.diff.matrix[which(years <= t),which(years <= t)]
>   # subset year diff matrix square
>   year.diff.square.t <- year.diff.t^2
>   # subset sender time matrix
>   sender.time.t <- sender.time[which(years <= t),which(years <= t)]
>   # subset unique dyad id matrix
>   #dyad.id.t <- dyad.id[which(years <= t),which(years <= t)]
>   # subset year matrix
>   year.t<- year[which(years <= t),which(years <= t)]
>   # subset same opinion writer matrix
>   same.opinion.writer.t<- same.opinion.writer[which(years <= t),which(years <= t)]
>   
>   #### set vertex attributes
>   # same issue area
>   net.t <- set.vertex.attribute(net.t,"SameIssueArea", scc1[which(years <= t),41])
>   # abs diff of MQ score
>   net.t <- set.vertex.attribute(net.t,"AbsDiffMQscores", scc1[which(years <= t),65])
>   # number justices that voted for the case
>   net.t <- set.vertex.attribute(net.t,"NumberJusticesPro", scc1[which(years <= t),52])
>   # overruled covariate
>   net.t <- set.vertex.attribute(net.t,"Overruled", Overruled.matrix[which(years <= t),idt])
>   # sender time
>   net.t <- set.vertex.attribute(net.t,"sender.time", sender.time.t[,1])
>   # Majority Opinion Writer
>   net.t <- set.vertex.attribute(net.t,"MajOpWriter", scc1[which(years <= t),49])
> 
>   
>   not.fixed <- network(1*(sender.time == t))
>   
>   load(file="1997_1.RData")
> 
>   li <- li97[[1]]
> 
> 
>   
>   # fitting glm
>   model <- ergm(net.t~edges+ mutual + nodeicov("o.degree")+ difftransties("term")+gwidegree(1, fixed=TRUE)+ dgwesp(0.15, fixed=TRUE, type="OSP") +
+                 edgecov(mq.t)+
+                 edgecov(year.diff.t)+ edgecov(year.diff.square.t )+ 
+                 nodeicov('AbsDiffMQscores')+ nodeicov('NumberJusticesPro')+ 
+                 nodeicov('Overruled')+
+                 edgecov(same.opinion.writer.t)  + edgecov(same.issue.area.t),
+                 constraints=~fixallbut(not.fixed), control=control.ergm(MCMC.samplesize=10000,MCMLE.maxit=50, init=li)) #
>   summary(model)

==========================
Summary of model fit
==========================

Formula:   net.t ~ edges + mutual + nodeicov("o.degree") + difftransties("term") + 
    gwidegree(1, fixed = TRUE) + dgwesp(0.15, fixed = TRUE, type = "OSP") + 
    edgecov(mq.t) + edgecov(year.diff.t) + edgecov(year.diff.square.t) + 
    nodeicov("AbsDiffMQscores") + nodeicov("NumberJusticesPro") + 
    nodeicov("Overruled") + edgecov(same.opinion.writer.t) + 
    edgecov(same.issue.area.t)

Iterations:  9 out of 50 

Monte Carlo MLE Results:
                                Estimate Std. Error MCMC %  z value Pr(>|z|)
edges                         -7.427e+00  5.330e-02      2 -139.357   <1e-04
mutual                        -1.304e+01         NA     NA       NA       NA
nodeicov.o.degree             -2.002e-02  1.805e-03      0  -11.092   <1e-04
difftransties.term             2.575e+00  8.810e-02      0   29.234   <1e-04
gwideg.fixed.1                -1.970e-01  1.066e-01      0   -1.848   0.0646
gwesp.OSP.fixed.0.15           2.549e+00  7.438e-02      0   34.263   <1e-04
edgecov.mq.t                  -3.754e-02  3.765e-02      0   -0.997   0.3187
edgecov.year.diff.t           -7.969e-02  5.532e-03      0  -14.406   <1e-04
edgecov.year.diff.square.t     8.814e-04  9.921e-05      0    8.884   <1e-04
nodeicov.AbsDiffMQscores      -1.214e-02  1.628e-02      0   -0.746   0.4559
nodeicov.NumberJusticesPro     7.897e-02  1.723e-02      0    4.583   <1e-04
nodeicov.Overruled            -4.317e-01  1.418e-02     48  -30.452   <1e-04
edgecov.same.opinion.writer.t  4.194e-01  1.021e-01      0    4.108   <1e-04
edgecov.same.issue.area.t      4.886e-01  3.965e-02      0   12.325   <1e-04
                                 
edges                         ***
mutual                           
nodeicov.o.degree             ***
difftransties.term            ***
gwideg.fixed.1                .  
gwesp.OSP.fixed.0.15          ***
edgecov.mq.t                     
edgecov.year.diff.t           ***
edgecov.year.diff.square.t    ***
nodeicov.AbsDiffMQscores         
nodeicov.NumberJusticesPro    ***
nodeicov.Overruled            ***
edgecov.same.opinion.writer.t ***
edgecov.same.issue.area.t     ***
---
Signif. codes:  0 '***' 0.001 '**' 0.01 '*' 0.05 '.' 0.1 ' ' 1

     Null Deviance: 1176036  on 848331  degrees of freedom
 Residual Deviance:   14342  on 848317  degrees of freedom
 
AIC: 14370    BIC: 14533    (Smaller is better.) 
>   aicm<- AIC(model)
>   bicm <- BIC(model)
> 
>   # get statistics
>   erg.est <- summary(net.t~edges+ mutual + nodeicov("o.degree")+ difftransties("term")+gwidegree(1, fixed=TRUE)+ 
+                 dgwesp(0.15, fixed=TRUE, type="OSP") +
+                 edgecov(mq.t)+
+                 edgecov(year.diff.t)+ edgecov(year.diff.square.t )+ nodeicov('AbsDiffMQscores')+ nodeicov('NumberJusticesPro')+ 
+                 nodeicov('Overruled')+edgecov(same.opinion.writer.t) + nodeifactor('MajOpWriter')+ edgecov(same.issue.area.t)  )
>   erg.est
                        edges                        mutual 
                     89555.00                         17.00 
            nodeicov.o.degree            difftransties.term 
                   1425388.00                      54946.00 
               gwideg.fixed.1          gwesp.OSP.fixed.0.15 
                     17192.56                      64344.11 
                 edgecov.mq.t           edgecov.year.diff.t 
                     84160.77                    1109096.00 
   edgecov.year.diff.square.t      nodeicov.AbsDiffMQscores 
                  25761656.00                     488195.61 
   nodeicov.NumberJusticesPro            nodeicov.Overruled 
                    615179.00                       2635.00 
edgecov.same.opinion.writer.t    nodeifactor.MajOpWriter.68 
                      7338.00                        422.00 
   nodeifactor.MajOpWriter.71    nodeifactor.MajOpWriter.72 
                        59.00                        210.00 
   nodeifactor.MajOpWriter.74    nodeifactor.MajOpWriter.75 
                      2880.00                       1172.00 
   nodeifactor.MajOpWriter.76    nodeifactor.MajOpWriter.77 
                      1603.00                        148.00 
   nodeifactor.MajOpWriter.78    nodeifactor.MajOpWriter.79 
                      6529.00                       2931.00 
   nodeifactor.MajOpWriter.80    nodeifactor.MajOpWriter.81 
                      4310.00                       6629.00 
   nodeifactor.MajOpWriter.82    nodeifactor.MajOpWriter.83 
                      1391.00                        159.00 
   nodeifactor.MajOpWriter.84    nodeifactor.MajOpWriter.85 
                      2119.00                       1031.00 
   nodeifactor.MajOpWriter.86    nodeifactor.MajOpWriter.87 
                       951.00                       1088.00 
   nodeifactor.MajOpWriter.88    nodeifactor.MajOpWriter.89 
                      2250.00                        476.00 
   nodeifactor.MajOpWriter.90    nodeifactor.MajOpWriter.91 
                      3515.00                       2291.00 
   nodeifactor.MajOpWriter.92    nodeifactor.MajOpWriter.93 
                      7282.00                        382.00 
   nodeifactor.MajOpWriter.94    nodeifactor.MajOpWriter.95 
                      5349.00                       6058.00 
   nodeifactor.MajOpWriter.96    nodeifactor.MajOpWriter.97 
                       623.00                        537.00 
   nodeifactor.MajOpWriter.98    nodeifactor.MajOpWriter.99 
                      3038.00                       3362.00 
  nodeifactor.MajOpWriter.100   nodeifactor.MajOpWriter.101 
                      3019.00                       3910.00 
  nodeifactor.MajOpWriter.102   nodeifactor.MajOpWriter.103 
                      3708.00                       2371.00 
  nodeifactor.MajOpWriter.104   nodeifactor.MajOpWriter.105 
                      1613.00                        547.00 
  nodeifactor.MajOpWriter.106   nodeifactor.MajOpWriter.107 
                       515.00                        163.00 
  nodeifactor.MajOpWriter.108   nodeifactor.MajOpWriter.109 
                       135.00                         56.00 
  nodeifactor.MajOpWriter.110     edgecov.same.issue.area.t 
                        28.00                      52327.00 
>    
>   
>    
>    #############################################
>    # Independence model
>    #############################################
>    ind <- ergm(net.t~edges+ 
+                 edgecov(mq.t)+
+                 edgecov(year.diff.t)+ edgecov(year.diff.square.t )+ 
+                 nodeicov('AbsDiffMQscores')+ nodeicov('NumberJusticesPro')+ 
+                 nodeicov('Overruled')+
+                 edgecov(same.opinion.writer.t)  + edgecov(same.issue.area.t),
+                 constraints=~fixallbut(not.fixed), estimate="MLE") #
>     
>   summary(ind)   

==========================
Summary of model fit
==========================

Formula:   net.t ~ edges + edgecov(mq.t) + edgecov(year.diff.t) + edgecov(year.diff.square.t) + 
    nodeicov("AbsDiffMQscores") + nodeicov("NumberJusticesPro") + 
    nodeicov("Overruled") + edgecov(same.opinion.writer.t) + 
    edgecov(same.issue.area.t)

Iterations:  8 out of 20 

Monte Carlo MLE Results:
                                Estimate Std. Error MCMC % z value Pr(>|z|)    
edges                         -5.3820621  0.1556078      0 -34.587  < 1e-04 ***
edgecov.mq.t                   0.0855876  0.0407642      0   2.100  0.03577 *  
edgecov.year.diff.t           -0.0476846  0.0062529      0  -7.626  < 1e-04 ***
edgecov.year.diff.square.t     0.0001669  0.0001152      0   1.450  0.14717    
nodeicov.AbsDiffMQscores      -0.0420794  0.0158502      0  -2.655  0.00794 ** 
nodeicov.NumberJusticesPro    -0.0593393  0.0231165      0  -2.567  0.01026 *  
nodeicov.Overruled             0.2880519  0.2158932      0   1.334  0.18213    
edgecov.same.opinion.writer.t  0.6644203  0.1115827      0   5.955  < 1e-04 ***
edgecov.same.issue.area.t      1.8295967  0.0525527      0  34.815  < 1e-04 ***
---
Signif. codes:  0 '***' 0.001 '**' 0.01 '*' 0.05 '.' 0.1 ' ' 1

     Null Deviance: 1176036  on 848331  degrees of freedom
 Residual Deviance:   19795  on 848322  degrees of freedom
 
AIC: 19813    BIC: 19918    (Smaller is better.) 
>   aici<- AIC(ind)
>   bici <- BIC(ind)
> 
>    
> 
>    li97<- list(coef(model),  coef(summary(model))[,5], coef(summary(model))[,2], aicm, bicm,
+                coef(ind),  coef(summary(ind))[,5], coef(summary(ind))[,2], aici, bici ) 
>    names(li97)<- c("Coefficients", "P-values", "StdErrors", "AICm", "BICm",
+                    "CoefficientsI", "P-valuesI", "StdErrorsI", "AICi", "BICi")
> 
>   save(li97,file="1997_2.RData")
> 
> 
> 
> 
