
R version 3.5.2 (2018-12-20) -- "Eggshell Igloo"
Copyright (C) 2018 The R Foundation for Statistical Computing
Platform: x86_64-redhat-linux-gnu (64-bit)

R is free software and comes with ABSOLUTELY NO WARRANTY.
You are welcome to redistribute it under certain conditions.
Type 'license()' or 'licence()' for distribution details.

R is a collaborative project with many contributors.
Type 'contributors()' for more information and
'citation()' on how to cite R or R packages in publications.

Type 'demo()' for some demos, 'help()' for on-line help, or
'help.start()' for an HTML browser interface to help.
Type 'q()' to quit R.

> 
> # get data
> load(file="ERCM_MPLE_cl.RData")
> 
> # install.packages("statnet", Sys.getenv("R_LIBS_USER"), repos = "http://cran.case.edu" )
> library(statnet)
> library(MLmetrics)
> library(xtable)
> library(tc.ergmterms)
> 
> # there are cases in 1962 marked as 1963 and in 1971 marked as 1972
> scc1[3364,11] <- 1962
> scc1[4648,11] <- 1971
> 
> 
> year.total <- scc1[,11]-1936 #-1936 => the first year 1937 is 1, 1938 is 2 aso, term column 
> 
> set.seed(12123)
> #sampled.years <- c(14, 24, 34, 44, 54, 64, 74)
> 
> t<- 62
>   print(t+1936)
[1] 1998
> tt<- t+1936
>   rowlasttt <- max(which(scc1[,11] == tt))
>   idt <- scc1[rowlasttt, 55]  
> 
>   
>   cases <- max(which(year.total==t)) # 14 corresponds to 1950
>   
>   # simple assignment of time periods to cases
>   years <- year.total[1:cases] 
>   
>   # going to need a sender time matrix covariate
>   sender.time <- matrix(years,length(years),length(years),byrow=F)
>   year <- matrix(years, length(years),length(years),byrow=F)
>   
>    # extract the network up to time t
>   AM <- adjacency.matrix[which(years <= t),which(years <= t)]
>   
>   net.t <- network(AM) 
>   
>   #calculate outdegree
>   o.degree<- rowSums(AM)
>   
>   # fix the outdegrees of time t as 0
>   last.t<- which(years==t)
>   
>   o.degree[last.t]<- 0
>   
>   # indicate outdegree and term as a node attribute
>   net.t <- set.vertex.attribute(net.t,"o.degree", o.degree)
>   net.t <- set.vertex.attribute(net.t,"term", years)
> 
> 
>    # subset MQ matrix
>   mq.t <- mq.matrix[which(years <= t),which(years <= t)]
>   # subset same issue matrix
>   same.issue.area.t <- same.issue.area[which(years <= t),which(years <= t)]
>   # subset year diff matrix
>   year.diff.t <- year.diff.matrix[which(years <= t),which(years <= t)]
>   # subset year diff matrix square
>   year.diff.square.t <- year.diff.t^2
>   # subset sender time matrix
>   sender.time.t <- sender.time[which(years <= t),which(years <= t)]
>   # subset unique dyad id matrix
>   #dyad.id.t <- dyad.id[which(years <= t),which(years <= t)]
>   # subset year matrix
>   year.t<- year[which(years <= t),which(years <= t)]
>   # subset same opinion writer matrix
>   same.opinion.writer.t<- same.opinion.writer[which(years <= t),which(years <= t)]
>   
>   #### set vertex attributes
>   # same issue area
>   net.t <- set.vertex.attribute(net.t,"SameIssueArea", scc1[which(years <= t),41])
>   # abs diff of MQ score
>   net.t <- set.vertex.attribute(net.t,"AbsDiffMQscores", scc1[which(years <= t),65])
>   # number justices that voted for the case
>   net.t <- set.vertex.attribute(net.t,"NumberJusticesPro", scc1[which(years <= t),52])
>   # overruled covariate
>   net.t <- set.vertex.attribute(net.t,"Overruled", Overruled.matrix[which(years <= t),idt])
>   # sender time
>   net.t <- set.vertex.attribute(net.t,"sender.time", sender.time.t[,1])
>   # Majority Opinion Writer
>   net.t <- set.vertex.attribute(net.t,"MajOpWriter", scc1[which(years <= t),49])
> 
>   
>   not.fixed <- network(1*(sender.time == t))
>   
>   load(file="1998_1.RData")
> 
>   li <- li98[[1]]
> 
> 
>   
>   # fitting glm
>   model <- ergm(net.t~edges+ mutual + nodeicov("o.degree")+ difftransties("term")+gwidegree(1, fixed=TRUE)+ dgwesp(0.15, fixed=TRUE, type="OSP") +
+                 edgecov(mq.t)+
+                 edgecov(year.diff.t)+ edgecov(year.diff.square.t )+ 
+                 nodeicov('AbsDiffMQscores')+ nodeicov('NumberJusticesPro')+ 
+                 nodeicov('Overruled')+
+                 edgecov(same.opinion.writer.t)  + edgecov(same.issue.area.t),
+                 constraints=~fixallbut(not.fixed), control=control.ergm(MCMC.samplesize=10000,MCMLE.maxit=50, init=li)) #
>   summary(model)

==========================
Summary of model fit
==========================

Formula:   net.t ~ edges + mutual + nodeicov("o.degree") + difftransties("term") + 
    gwidegree(1, fixed = TRUE) + dgwesp(0.15, fixed = TRUE, type = "OSP") + 
    edgecov(mq.t) + edgecov(year.diff.t) + edgecov(year.diff.square.t) + 
    nodeicov("AbsDiffMQscores") + nodeicov("NumberJusticesPro") + 
    nodeicov("Overruled") + edgecov(same.opinion.writer.t) + 
    edgecov(same.issue.area.t)

Iterations:  3 out of 50 

Monte Carlo MLE Results:
                                Estimate Std. Error MCMC %  z value Pr(>|z|)
edges                         -7.525e+00  2.772e-02      8 -271.466   <1e-04
mutual                        -1.304e+01         NA     NA       NA       NA
nodeicov.o.degree             -1.811e-02  1.894e-03      0   -9.561   <1e-04
difftransties.term             2.491e+00  5.646e-02      0   44.115   <1e-04
gwideg.fixed.1                -3.318e-01  6.138e-02      0   -5.405   <1e-04
gwesp.OSP.fixed.0.15           2.584e+00  6.368e-02      0   40.570   <1e-04
edgecov.mq.t                   7.331e-02  2.973e-02      0    2.466   0.0137
edgecov.year.diff.t           -1.014e-01  6.130e-03      0  -16.546   <1e-04
edgecov.year.diff.square.t     1.140e-03  1.074e-04      0   10.613   <1e-04
nodeicov.AbsDiffMQscores       1.550e-02  1.683e-02      0    0.921   0.3571
nodeicov.NumberJusticesPro     9.858e-02  1.576e-02      0    6.256   <1e-04
nodeicov.Overruled            -3.511e-01  1.312e-02     80  -26.769   <1e-04
edgecov.same.opinion.writer.t  2.272e-01  5.666e-02      1    4.009   <1e-04
edgecov.same.issue.area.t      5.259e-01  4.469e-02      0   11.768   <1e-04
                                 
edges                         ***
mutual                           
nodeicov.o.degree             ***
difftransties.term            ***
gwideg.fixed.1                ***
gwesp.OSP.fixed.0.15          ***
edgecov.mq.t                  *  
edgecov.year.diff.t           ***
edgecov.year.diff.square.t    ***
nodeicov.AbsDiffMQscores         
nodeicov.NumberJusticesPro    ***
nodeicov.Overruled            ***
edgecov.same.opinion.writer.t ***
edgecov.same.issue.area.t     ***
---
Signif. codes:  0 '***' 0.001 '**' 0.01 '*' 0.05 '.' 0.1 ' ' 1

     Null Deviance: 1031860  on 744330  degrees of freedom
 Residual Deviance:   11620  on 744316  degrees of freedom
 
AIC: 11648    BIC: 11809    (Smaller is better.) 
>   aicm<- AIC(model)
>   bicm <- BIC(model)
> 
>   # get statistics
>   erg.est <- summary(net.t~edges+ mutual + nodeicov("o.degree")+ difftransties("term")+gwidegree(1, fixed=TRUE)+ 
+                 dgwesp(0.15, fixed=TRUE, type="OSP") +
+                 edgecov(mq.t)+
+                 edgecov(year.diff.t)+ edgecov(year.diff.square.t )+ nodeicov('AbsDiffMQscores')+ nodeicov('NumberJusticesPro')+ 
+                 nodeicov('Overruled')+edgecov(same.opinion.writer.t) + nodeifactor('MajOpWriter')+ edgecov(same.issue.area.t)  )
>   erg.est
                        edges                        mutual 
                     90737.00                         17.00 
            nodeicov.o.degree            difftransties.term 
                   1451220.00                      55710.00 
               gwideg.fixed.1          gwesp.OSP.fixed.0.15 
                     17365.52                      65209.20 
                 edgecov.mq.t           edgecov.year.diff.t 
                     85258.49                    1131523.00 
   edgecov.year.diff.square.t      nodeicov.AbsDiffMQscores 
                  26460251.00                     494712.77 
   nodeicov.NumberJusticesPro            nodeicov.Overruled 
                    623402.00                       2684.00 
edgecov.same.opinion.writer.t    nodeifactor.MajOpWriter.68 
                      7409.00                        425.00 
   nodeifactor.MajOpWriter.71    nodeifactor.MajOpWriter.72 
                        59.00                        211.00 
   nodeifactor.MajOpWriter.74    nodeifactor.MajOpWriter.75 
                      2891.00                       1177.00 
   nodeifactor.MajOpWriter.76    nodeifactor.MajOpWriter.77 
                      1609.00                        148.00 
   nodeifactor.MajOpWriter.78    nodeifactor.MajOpWriter.79 
                      6560.00                       2949.00 
   nodeifactor.MajOpWriter.80    nodeifactor.MajOpWriter.81 
                      4331.00                       6666.00 
   nodeifactor.MajOpWriter.82    nodeifactor.MajOpWriter.83 
                      1396.00                        160.00 
   nodeifactor.MajOpWriter.84    nodeifactor.MajOpWriter.85 
                      2129.00                       1035.00 
   nodeifactor.MajOpWriter.86    nodeifactor.MajOpWriter.87 
                       954.00                       1093.00 
   nodeifactor.MajOpWriter.88    nodeifactor.MajOpWriter.89 
                      2257.00                        477.00 
   nodeifactor.MajOpWriter.90    nodeifactor.MajOpWriter.91 
                      3536.00                       2304.00 
   nodeifactor.MajOpWriter.92    nodeifactor.MajOpWriter.93 
                      7360.00                        383.00 
   nodeifactor.MajOpWriter.94    nodeifactor.MajOpWriter.95 
                      5397.00                       6148.00 
   nodeifactor.MajOpWriter.96    nodeifactor.MajOpWriter.97 
                       627.00                        539.00 
   nodeifactor.MajOpWriter.98    nodeifactor.MajOpWriter.99 
                      3090.00                       3403.00 
  nodeifactor.MajOpWriter.100   nodeifactor.MajOpWriter.101 
                      3077.00                       3965.00 
  nodeifactor.MajOpWriter.102   nodeifactor.MajOpWriter.103 
                      3839.00                       2477.00 
  nodeifactor.MajOpWriter.104   nodeifactor.MajOpWriter.105 
                      1695.00                        606.00 
  nodeifactor.MajOpWriter.106   nodeifactor.MajOpWriter.107 
                       562.00                        199.00 
  nodeifactor.MajOpWriter.108   nodeifactor.MajOpWriter.109 
                       156.00                         73.00 
  nodeifactor.MajOpWriter.110     edgecov.same.issue.area.t 
                        45.00                      52956.00 
>    
>   
>    
>    #############################################
>    # Independence model
>    #############################################
>    ind <- ergm(net.t~edges+ 
+                 edgecov(mq.t)+
+                 edgecov(year.diff.t)+ edgecov(year.diff.square.t )+ 
+                 nodeicov('AbsDiffMQscores')+ nodeicov('NumberJusticesPro')+ 
+                 nodeicov('Overruled')+
+                 edgecov(same.opinion.writer.t)  + edgecov(same.issue.area.t),
+                 constraints=~fixallbut(not.fixed), estimate="MLE") #
>     
>   summary(ind)   

==========================
Summary of model fit
==========================

Formula:   net.t ~ edges + edgecov(mq.t) + edgecov(year.diff.t) + edgecov(year.diff.square.t) + 
    nodeicov("AbsDiffMQscores") + nodeicov("NumberJusticesPro") + 
    nodeicov("Overruled") + edgecov(same.opinion.writer.t) + 
    edgecov(same.issue.area.t)

Iterations:  8 out of 20 

Monte Carlo MLE Results:
                                Estimate Std. Error MCMC % z value Pr(>|z|)    
edges                         -5.5725196  0.1721693      0 -32.367  < 1e-04 ***
edgecov.mq.t                   0.1831020  0.0425767      0   4.301  < 1e-04 ***
edgecov.year.diff.t           -0.0669847  0.0067184      0  -9.970  < 1e-04 ***
edgecov.year.diff.square.t     0.0004037  0.0001232      0   3.276 0.001053 ** 
nodeicov.AbsDiffMQscores      -0.0236360  0.0180755      0  -1.308 0.191001    
nodeicov.NumberJusticesPro    -0.0344884  0.0255985      0  -1.347 0.177890    
nodeicov.Overruled             0.6321449  0.2069448      0   3.055 0.002253 ** 
edgecov.same.opinion.writer.t  0.4803045  0.1259689      0   3.813 0.000137 ***
edgecov.same.issue.area.t      1.8910823  0.0584788      0  32.338  < 1e-04 ***
---
Signif. codes:  0 '***' 0.001 '**' 0.01 '*' 0.05 '.' 0.1 ' ' 1

     Null Deviance: 1031860  on 744330  degrees of freedom
 Residual Deviance:   15983  on 744321  degrees of freedom
 
AIC: 16001    BIC: 16105    (Smaller is better.) 
>   aici<- AIC(ind)
>   bici <- BIC(ind)
> 
>    
> 
>    li98<- list(coef(model),  coef(summary(model))[,5], coef(summary(model))[,2], aicm, bicm,
+                coef(ind),  coef(summary(ind))[,5], coef(summary(ind))[,2], aici, bici ) 
>    names(li98)<- c("Coefficients", "P-values", "StdErrors", "AICm", "BICm",
+                    "CoefficientsI", "P-valuesI", "StdErrorsI", "AICi", "BICi")
> 
>   save(li98,file="1998_2.RData")
> 
> 
> 
> 
