
R version 3.5.2 (2018-12-20) -- "Eggshell Igloo"
Copyright (C) 2018 The R Foundation for Statistical Computing
Platform: x86_64-redhat-linux-gnu (64-bit)

R is free software and comes with ABSOLUTELY NO WARRANTY.
You are welcome to redistribute it under certain conditions.
Type 'license()' or 'licence()' for distribution details.

R is a collaborative project with many contributors.
Type 'contributors()' for more information and
'citation()' on how to cite R or R packages in publications.

Type 'demo()' for some demos, 'help()' for on-line help, or
'help.start()' for an HTML browser interface to help.
Type 'q()' to quit R.

> 
> # get data
> load(file="ERCM_MPLE_cl.RData")
> 
> # install.packages("statnet", Sys.getenv("R_LIBS_USER"), repos = "http://cran.case.edu" )
> library(statnet)
> library(MLmetrics)
> library(xtable)
> library(tc.ergmterms)
> 
> # there are cases in 1962 marked as 1963 and in 1971 marked as 1972
> scc1[3364,11] <- 1962
> scc1[4648,11] <- 1971
> 
> 
> year.total <- scc1[,11]-1936 #-1936 => the first year 1937 is 1, 1938 is 2 aso, term column 
> 
> set.seed(12123)
> #sampled.years <- c(14, 24, 34, 44, 54, 64, 74)
> 
> t<- 64
>   print(t+1936)
[1] 2000
> tt<- t+1936
>   rowlasttt <- max(which(scc1[,11] == tt))
>   idt <- scc1[rowlasttt, 55]  
> 
>   
>   cases <- max(which(year.total==t)) # 14 corresponds to 1950
>   
>   # simple assignment of time periods to cases
>   years <- year.total[1:cases] 
>   
>   # going to need a sender time matrix covariate
>   sender.time <- matrix(years,length(years),length(years),byrow=F)
>   year <- matrix(years, length(years),length(years),byrow=F)
>   
>    # extract the network up to time t
>   AM <- adjacency.matrix[which(years <= t),which(years <= t)]
>   
>   net.t <- network(AM) 
>   
>   #calculate outdegree
>   o.degree<- rowSums(AM)
>   
>   # fix the outdegrees of time t as 0
>   last.t<- which(years==t)
>   
>   o.degree[last.t]<- 0
>   
>   # indicate outdegree and term as a node attribute
>   net.t <- set.vertex.attribute(net.t,"o.degree", o.degree)
>   net.t <- set.vertex.attribute(net.t,"term", years)
> 
> 
>    # subset MQ matrix
>   mq.t <- mq.matrix[which(years <= t),which(years <= t)]
>   # subset same issue matrix
>   same.issue.area.t <- same.issue.area[which(years <= t),which(years <= t)]
>   # subset year diff matrix
>   year.diff.t <- year.diff.matrix[which(years <= t),which(years <= t)]
>   # subset year diff matrix square
>   year.diff.square.t <- year.diff.t^2
>   # subset sender time matrix
>   sender.time.t <- sender.time[which(years <= t),which(years <= t)]
>   # subset unique dyad id matrix
>   #dyad.id.t <- dyad.id[which(years <= t),which(years <= t)]
>   # subset year matrix
>   year.t<- year[which(years <= t),which(years <= t)]
>   # subset same opinion writer matrix
>   same.opinion.writer.t<- same.opinion.writer[which(years <= t),which(years <= t)]
>   
>   #### set vertex attributes
>   # same issue area
>   net.t <- set.vertex.attribute(net.t,"SameIssueArea", scc1[which(years <= t),41])
>   # abs diff of MQ score
>   net.t <- set.vertex.attribute(net.t,"AbsDiffMQscores", scc1[which(years <= t),65])
>   # number justices that voted for the case
>   net.t <- set.vertex.attribute(net.t,"NumberJusticesPro", scc1[which(years <= t),52])
>   # overruled covariate
>   net.t <- set.vertex.attribute(net.t,"Overruled", Overruled.matrix[which(years <= t),idt])
>   # sender time
>   net.t <- set.vertex.attribute(net.t,"sender.time", sender.time.t[,1])
>   # Majority Opinion Writer
>   net.t <- set.vertex.attribute(net.t,"MajOpWriter", scc1[which(years <= t),49])
> 
>   
>   not.fixed <- network(1*(sender.time == t))
>   
>   load(file="2000_1.RData")
> 
>   li <- li100[[1]]
> 
> 
>   
>   # fitting glm
>   model <- ergm(net.t~edges+ mutual + nodeicov("o.degree")+ difftransties("term")+gwidegree(1, fixed=TRUE)+ dgwesp(0.15, fixed=TRUE, type="OSP") +
+                 edgecov(mq.t)+
+                 edgecov(year.diff.t)+ edgecov(year.diff.square.t )+ 
+                 nodeicov('AbsDiffMQscores')+ nodeicov('NumberJusticesPro')+ 
+                 nodeicov('Overruled')+
+                 edgecov(same.opinion.writer.t)  + edgecov(same.issue.area.t),
+                 constraints=~fixallbut(not.fixed), control=control.ergm(MCMC.samplesize=10000,MCMLE.maxit=50, init=li)) #
>   summary(model)

==========================
Summary of model fit
==========================

Formula:   net.t ~ edges + mutual + nodeicov("o.degree") + difftransties("term") + 
    gwidegree(1, fixed = TRUE) + dgwesp(0.15, fixed = TRUE, type = "OSP") + 
    edgecov(mq.t) + edgecov(year.diff.t) + edgecov(year.diff.square.t) + 
    nodeicov("AbsDiffMQscores") + nodeicov("NumberJusticesPro") + 
    nodeicov("Overruled") + edgecov(same.opinion.writer.t) + 
    edgecov(same.issue.area.t)

Iterations:  8 out of 50 

Monte Carlo MLE Results:
                                Estimate Std. Error MCMC %  z value Pr(>|z|)
edges                         -7.238e+00  1.144e-02     55 -632.952   <1e-04
mutual                        -1.461e+01         NA     NA       NA       NA
nodeicov.o.degree             -2.533e-02  1.842e-03      0  -13.751   <1e-04
difftransties.term             2.374e+00  3.496e-02      0   67.907   <1e-04
gwideg.fixed.1                -3.523e-01  7.792e-03     24  -45.216   <1e-04
gwesp.OSP.fixed.0.15           2.832e+00  3.972e-02      0   71.307   <1e-04
edgecov.mq.t                   5.799e-02  2.412e-02      0    2.404   0.0162
edgecov.year.diff.t           -9.062e-02  4.944e-03      0  -18.330   <1e-04
edgecov.year.diff.square.t     8.991e-04  8.703e-05      0   10.331   <1e-04
nodeicov.AbsDiffMQscores       9.479e-03  1.507e-02      0    0.629   0.5293
nodeicov.NumberJusticesPro     7.120e-02  1.415e-02      0    5.030   <1e-04
nodeicov.Overruled            -8.289e-01  1.420e-02     97  -58.376   <1e-04
edgecov.same.opinion.writer.t  3.768e-01  7.957e-03     63   47.356   <1e-04
edgecov.same.issue.area.t      4.519e-01  3.393e-02      0   13.319   <1e-04
                                 
edges                         ***
mutual                           
nodeicov.o.degree             ***
difftransties.term            ***
gwideg.fixed.1                ***
gwesp.OSP.fixed.0.15          ***
edgecov.mq.t                  *  
edgecov.year.diff.t           ***
edgecov.year.diff.square.t    ***
nodeicov.AbsDiffMQscores         
nodeicov.NumberJusticesPro    ***
nodeicov.Overruled            ***
edgecov.same.opinion.writer.t ***
edgecov.same.issue.area.t     ***
---
Signif. codes:  0 '***' 0.001 '**' 0.01 '*' 0.05 '.' 0.1 ' ' 1

     Null Deviance: 1051651  on 758606  degrees of freedom
 Residual Deviance:   13067  on 758592  degrees of freedom
 
AIC: 13095    BIC: 13256    (Smaller is better.) 
>   aicm<- AIC(model)
>   bicm <- BIC(model)
> 
>   # get statistics
>   erg.est <- summary(net.t~edges+ mutual + nodeicov("o.degree")+ difftransties("term")+gwidegree(1, fixed=TRUE)+ 
+                 dgwesp(0.15, fixed=TRUE, type="OSP") +
+                 edgecov(mq.t)+
+                 edgecov(year.diff.t)+ edgecov(year.diff.square.t )+ nodeicov('AbsDiffMQscores')+ nodeicov('NumberJusticesPro')+ 
+                 nodeicov('Overruled')+edgecov(same.opinion.writer.t) + nodeifactor('MajOpWriter')+ edgecov(same.issue.area.t)  )
>   erg.est
                        edges                        mutual 
                     93582.00                         17.00 
            nodeicov.o.degree            difftransties.term 
                   1514670.00                      57628.00 
               gwideg.fixed.1          gwesp.OSP.fixed.0.15 
                     17769.66                      67449.56 
                 edgecov.mq.t           edgecov.year.diff.t 
                     88376.49                    1187708.00 
   edgecov.year.diff.square.t      nodeicov.AbsDiffMQscores 
                  28213710.00                     510202.07 
   nodeicov.NumberJusticesPro            nodeicov.Overruled 
                    642990.00                       2757.00 
edgecov.same.opinion.writer.t    nodeifactor.MajOpWriter.68 
                      7583.00                        428.00 
   nodeifactor.MajOpWriter.71    nodeifactor.MajOpWriter.72 
                        59.00                        212.00 
   nodeifactor.MajOpWriter.74    nodeifactor.MajOpWriter.75 
                      2906.00                       1183.00 
   nodeifactor.MajOpWriter.76    nodeifactor.MajOpWriter.77 
                      1620.00                        149.00 
   nodeifactor.MajOpWriter.78    nodeifactor.MajOpWriter.79 
                      6634.00                       2981.00 
   nodeifactor.MajOpWriter.80    nodeifactor.MajOpWriter.81 
                      4372.00                       6732.00 
   nodeifactor.MajOpWriter.82    nodeifactor.MajOpWriter.83 
                      1414.00                        160.00 
   nodeifactor.MajOpWriter.84    nodeifactor.MajOpWriter.85 
                      2160.00                       1042.00 
   nodeifactor.MajOpWriter.86    nodeifactor.MajOpWriter.87 
                       963.00                       1101.00 
   nodeifactor.MajOpWriter.88    nodeifactor.MajOpWriter.89 
                      2291.00                        480.00 
   nodeifactor.MajOpWriter.90    nodeifactor.MajOpWriter.91 
                      3591.00                       2337.00 
   nodeifactor.MajOpWriter.92    nodeifactor.MajOpWriter.93 
                      7551.00                        385.00 
   nodeifactor.MajOpWriter.94    nodeifactor.MajOpWriter.95 
                      5503.00                       6378.00 
   nodeifactor.MajOpWriter.96    nodeifactor.MajOpWriter.97 
                       634.00                        549.00 
   nodeifactor.MajOpWriter.98    nodeifactor.MajOpWriter.99 
                      3214.00                       3512.00 
  nodeifactor.MajOpWriter.100   nodeifactor.MajOpWriter.101 
                      3223.00                       4097.00 
  nodeifactor.MajOpWriter.102   nodeifactor.MajOpWriter.103 
                      4111.00                       2688.00 
  nodeifactor.MajOpWriter.104   nodeifactor.MajOpWriter.105 
                      1910.00                        757.00 
  nodeifactor.MajOpWriter.106   nodeifactor.MajOpWriter.107 
                       738.00                        263.00 
  nodeifactor.MajOpWriter.108   nodeifactor.MajOpWriter.109 
                       218.00                        143.00 
  nodeifactor.MajOpWriter.110     edgecov.same.issue.area.t 
                        79.00                      54502.00 
>    
>   
>    
>    #############################################
>    # Independence model
>    #############################################
>    ind <- ergm(net.t~edges+ 
+                 edgecov(mq.t)+
+                 edgecov(year.diff.t)+ edgecov(year.diff.square.t )+ 
+                 nodeicov('AbsDiffMQscores')+ nodeicov('NumberJusticesPro')+ 
+                 nodeicov('Overruled')+
+                 edgecov(same.opinion.writer.t)  + edgecov(same.issue.area.t),
+                 constraints=~fixallbut(not.fixed), estimate="MLE") #
>     
>   summary(ind)   

==========================
Summary of model fit
==========================

Formula:   net.t ~ edges + edgecov(mq.t) + edgecov(year.diff.t) + edgecov(year.diff.square.t) + 
    nodeicov("AbsDiffMQscores") + nodeicov("NumberJusticesPro") + 
    nodeicov("Overruled") + edgecov(same.opinion.writer.t) + 
    edgecov(same.issue.area.t)

Iterations:  8 out of 20 

Monte Carlo MLE Results:
                                Estimate Std. Error MCMC % z value Pr(>|z|)    
edges                         -5.5680522  0.1577278      0 -35.302   <1e-04 ***
edgecov.mq.t                   0.2649278  0.0329301      0   8.045   <1e-04 ***
edgecov.year.diff.t           -0.0537440  0.0060361      0  -8.904   <1e-04 ***
edgecov.year.diff.square.t     0.0001687  0.0001084      0   1.557   0.1195    
nodeicov.AbsDiffMQscores      -0.0176259  0.0162666      0  -1.084   0.2786    
nodeicov.NumberJusticesPro    -0.0457754  0.0227445      0  -2.013   0.0442 *  
nodeicov.Overruled            -0.4992068  0.3500907      0  -1.426   0.1539    
edgecov.same.opinion.writer.t  0.5303574  0.1128903      0   4.698   <1e-04 ***
edgecov.same.issue.area.t      1.9682038  0.0538699      0  36.536   <1e-04 ***
---
Signif. codes:  0 '***' 0.001 '**' 0.01 '*' 0.05 '.' 0.1 ' ' 1

     Null Deviance: 1051651  on 758606  degrees of freedom
 Residual Deviance:   18308  on 758597  degrees of freedom
 
AIC: 18326    BIC: 18429    (Smaller is better.) 
>   aici<- AIC(ind)
>   bici <- BIC(ind)
> 
>    
> 
>    li100<- list(coef(model),  coef(summary(model))[,5], coef(summary(model))[,2], aicm, bicm,
+                coef(ind),  coef(summary(ind))[,5], coef(summary(ind))[,2], aici, bici ) 
>    names(li100)<- c("Coefficients", "P-values", "StdErrors", "AICm", "BICm",
+                    "CoefficientsI", "P-valuesI", "StdErrorsI", "AICi", "BICi")
> 
>   save(li100,file="2000_2.RData")
> 
> 
> 
> 
