
R version 3.5.2 (2018-12-20) -- "Eggshell Igloo"
Copyright (C) 2018 The R Foundation for Statistical Computing
Platform: x86_64-redhat-linux-gnu (64-bit)

R is free software and comes with ABSOLUTELY NO WARRANTY.
You are welcome to redistribute it under certain conditions.
Type 'license()' or 'licence()' for distribution details.

R is a collaborative project with many contributors.
Type 'contributors()' for more information and
'citation()' on how to cite R or R packages in publications.

Type 'demo()' for some demos, 'help()' for on-line help, or
'help.start()' for an HTML browser interface to help.
Type 'q()' to quit R.

> 
> # get data
> load(file="ERCM_MPLE_cl.RData")
> 
> # install.packages("statnet", Sys.getenv("R_LIBS_USER"), repos = "http://cran.case.edu" )
> library(statnet)
> library(MLmetrics)
> library(xtable)
> library(tc.ergmterms)
> 
> # there are cases in 1962 marked as 1963 and in 1971 marked as 1972
> scc1[3364,11] <- 1962
> scc1[4648,11] <- 1971
> 
> 
> year.total <- scc1[,11]-1936 #-1936 => the first year 1937 is 1, 1938 is 2 aso, term column 
> 
> set.seed(12123)
> #sampled.years <- c(14, 24, 34, 44, 54, 64, 74)
> 
> t<- 67
>   print(t+1936)
[1] 2003
> tt<- t+1936
>   rowlasttt <- max(which(scc1[,11] == tt))
>   idt <- scc1[rowlasttt, 55]  
> 
>   
>   cases <- max(which(year.total==t)) # 14 corresponds to 1950
>   
>   # simple assignment of time periods to cases
>   years <- year.total[1:cases] 
>   
>   # going to need a sender time matrix covariate
>   sender.time <- matrix(years,length(years),length(years),byrow=F)
>   year <- matrix(years, length(years),length(years),byrow=F)
>   
>    # extract the network up to time t
>   AM <- adjacency.matrix[which(years <= t),which(years <= t)]
>   
>   net.t <- network(AM) 
>   
>   #calculate outdegree
>   o.degree<- rowSums(AM)
>   
>   # fix the outdegrees of time t as 0
>   last.t<- which(years==t)
>   
>   o.degree[last.t]<- 0
>   
>   # indicate outdegree and term as a node attribute
>   net.t <- set.vertex.attribute(net.t,"o.degree", o.degree)
>   net.t <- set.vertex.attribute(net.t,"term", years)
> 
> 
>    # subset MQ matrix
>   mq.t <- mq.matrix[which(years <= t),which(years <= t)]
>   # subset same issue matrix
>   same.issue.area.t <- same.issue.area[which(years <= t),which(years <= t)]
>   # subset year diff matrix
>   year.diff.t <- year.diff.matrix[which(years <= t),which(years <= t)]
>   # subset year diff matrix square
>   year.diff.square.t <- year.diff.t^2
>   # subset sender time matrix
>   sender.time.t <- sender.time[which(years <= t),which(years <= t)]
>   # subset unique dyad id matrix
>   #dyad.id.t <- dyad.id[which(years <= t),which(years <= t)]
>   # subset year matrix
>   year.t<- year[which(years <= t),which(years <= t)]
>   # subset same opinion writer matrix
>   same.opinion.writer.t<- same.opinion.writer[which(years <= t),which(years <= t)]
>   
>   #### set vertex attributes
>   # same issue area
>   net.t <- set.vertex.attribute(net.t,"SameIssueArea", scc1[which(years <= t),41])
>   # abs diff of MQ score
>   net.t <- set.vertex.attribute(net.t,"AbsDiffMQscores", scc1[which(years <= t),65])
>   # number justices that voted for the case
>   net.t <- set.vertex.attribute(net.t,"NumberJusticesPro", scc1[which(years <= t),52])
>   # overruled covariate
>   net.t <- set.vertex.attribute(net.t,"Overruled", Overruled.matrix[which(years <= t),idt])
>   # sender time
>   net.t <- set.vertex.attribute(net.t,"sender.time", sender.time.t[,1])
>   # Majority Opinion Writer
>   net.t <- set.vertex.attribute(net.t,"MajOpWriter", scc1[which(years <= t),49])
> 
>   
>   not.fixed <- network(1*(sender.time == t))
>   
>   load(file="1995_1.RData")
> 
>   li <- li95[[1]]
> 
>   
>   # fitting glm
>   model <- ergm(net.t~edges+ mutual + nodeicov("o.degree")+ difftransties("term")+gwidegree(1, fixed=TRUE)+ dgwesp(0.15, fixed=TRUE, type="OSP") +
+                 edgecov(mq.t)+
+                 edgecov(year.diff.t)+ edgecov(year.diff.square.t )+ 
+                 nodeicov('AbsDiffMQscores')+ nodeicov('NumberJusticesPro')+ 
+                 nodeicov('Overruled')+
+                 edgecov(same.opinion.writer.t)  + edgecov(same.issue.area.t),
+                 constraints=~fixallbut(not.fixed), control=control.ergm(MCMC.samplesize=10000,MCMLE.maxit=50, init=li), eval.loglik=FALSE) #
>   summary(model) 

==========================
Summary of model fit
==========================

Formula:   net.t ~ edges + mutual + nodeicov("o.degree") + difftransties("term") + 
    gwidegree(1, fixed = TRUE) + dgwesp(0.15, fixed = TRUE, type = "OSP") + 
    edgecov(mq.t) + edgecov(year.diff.t) + edgecov(year.diff.square.t) + 
    nodeicov("AbsDiffMQscores") + nodeicov("NumberJusticesPro") + 
    nodeicov("Overruled") + edgecov(same.opinion.writer.t) + 
    edgecov(same.issue.area.t)

Iterations:  8 out of 50 

Monte Carlo MLE Results:
                                Estimate Std. Error MCMC %  z value Pr(>|z|)
edges                         -7.505e+00  1.153e-02     61 -651.154   <1e-04
mutual                        -1.304e+01         NA     NA       NA       NA
nodeicov.o.degree             -1.534e-02  1.780e-03      0   -8.619   <1e-04
difftransties.term             2.622e+00  3.682e-02      0   71.192   <1e-04
gwideg.fixed.1                -1.788e-01  7.615e-03     29  -23.484   <1e-04
gwesp.OSP.fixed.0.15           2.573e+00  4.273e-02      0   60.198   <1e-04
edgecov.mq.t                   9.119e-02  2.107e-02      0    4.327   <1e-04
edgecov.year.diff.t           -8.188e-02  5.031e-03      0  -16.275   <1e-04
edgecov.year.diff.square.t     7.943e-04  8.723e-05      0    9.105   <1e-04
nodeicov.AbsDiffMQscores       1.200e-02  1.634e-02      0    0.735    0.463
nodeicov.NumberJusticesPro     6.054e-02  1.437e-02      0    4.213   <1e-04
nodeicov.Overruled            -3.518e-01  1.176e-02     91  -29.919   <1e-04
edgecov.same.opinion.writer.t  1.951e-01  7.805e-03     84   25.002   <1e-04
edgecov.same.issue.area.t      4.633e-01  3.591e-02      0   12.899   <1e-04
                                 
edges                         ***
mutual                           
nodeicov.o.degree             ***
difftransties.term            ***
gwideg.fixed.1                ***
gwesp.OSP.fixed.0.15          ***
edgecov.mq.t                  ***
edgecov.year.diff.t           ***
edgecov.year.diff.square.t    ***
nodeicov.AbsDiffMQscores         
nodeicov.NumberJusticesPro    ***
nodeicov.Overruled            ***
edgecov.same.opinion.writer.t ***
edgecov.same.issue.area.t     ***
---
Signif. codes:  0 '***' 0.001 '**' 0.01 '*' 0.05 '.' 0.1 ' ' 1

Log-likelihood was not estimated for this fit.
To get deviances, AIC, and/or BIC from fit `model` run 
  > model<-logLik(model, add=TRUE)
to add it to the object or rerun this function with eval.loglik=TRUE.
>   
> 
>   # get statistics
>   erg.est <- summary(net.t~edges+ mutual + nodeicov("o.degree")+ difftransties("term")+gwidegree(1, fixed=TRUE)+ 
+                 dgwesp(0.15, fixed=TRUE, type="OSP") +
+                 edgecov(mq.t)+
+                 edgecov(year.diff.t)+ edgecov(year.diff.square.t )+ nodeicov('AbsDiffMQscores')+ nodeicov('NumberJusticesPro')+ 
+                 nodeicov('Overruled')+edgecov(same.opinion.writer.t) + nodeifactor('MajOpWriter')+ edgecov(same.issue.area.t)  )
>   erg.est
                        edges                        mutual 
                     97325.00                         19.00 
            nodeicov.o.degree            difftransties.term 
                   1600013.00                      60123.00 
               gwideg.fixed.1          gwesp.OSP.fixed.0.15 
                     18273.35                      70288.07 
                 edgecov.mq.t           edgecov.year.diff.t 
                     92719.31                    1268610.00 
   edgecov.year.diff.square.t      nodeicov.AbsDiffMQscores 
                  30891704.00                     530547.54 
   nodeicov.NumberJusticesPro            nodeicov.Overruled 
                    668675.00                       2918.00 
edgecov.same.opinion.writer.t    nodeifactor.MajOpWriter.68 
                      7833.00                        432.00 
   nodeifactor.MajOpWriter.71    nodeifactor.MajOpWriter.72 
                        60.00                        212.00 
   nodeifactor.MajOpWriter.74    nodeifactor.MajOpWriter.75 
                      2935.00                       1192.00 
   nodeifactor.MajOpWriter.76    nodeifactor.MajOpWriter.77 
                      1633.00                        150.00 
   nodeifactor.MajOpWriter.78    nodeifactor.MajOpWriter.79 
                      6739.00                       3007.00 
   nodeifactor.MajOpWriter.80    nodeifactor.MajOpWriter.81 
                      4424.00                       6831.00 
   nodeifactor.MajOpWriter.82    nodeifactor.MajOpWriter.83 
                      1427.00                        163.00 
   nodeifactor.MajOpWriter.84    nodeifactor.MajOpWriter.85 
                      2210.00                       1054.00 
   nodeifactor.MajOpWriter.86    nodeifactor.MajOpWriter.87 
                       968.00                       1114.00 
   nodeifactor.MajOpWriter.88    nodeifactor.MajOpWriter.89 
                      2320.00                        482.00 
   nodeifactor.MajOpWriter.90    nodeifactor.MajOpWriter.91 
                      3669.00                       2380.00 
   nodeifactor.MajOpWriter.92    nodeifactor.MajOpWriter.93 
                      7814.00                        388.00 
   nodeifactor.MajOpWriter.94    nodeifactor.MajOpWriter.95 
                      5656.00                       6662.00 
   nodeifactor.MajOpWriter.96    nodeifactor.MajOpWriter.97 
                       647.00                        568.00 
   nodeifactor.MajOpWriter.98    nodeifactor.MajOpWriter.99 
                      3370.00                       3658.00 
  nodeifactor.MajOpWriter.100   nodeifactor.MajOpWriter.101 
                      3375.00                       4261.00 
  nodeifactor.MajOpWriter.102   nodeifactor.MajOpWriter.103 
                      4492.00                       2968.00 
  nodeifactor.MajOpWriter.104   nodeifactor.MajOpWriter.105 
                      2196.00                        963.00 
  nodeifactor.MajOpWriter.106   nodeifactor.MajOpWriter.107 
                       921.00                        387.00 
  nodeifactor.MajOpWriter.108   nodeifactor.MajOpWriter.109 
                       312.00                        219.00 
  nodeifactor.MajOpWriter.110     edgecov.same.issue.area.t 
                       138.00                      56557.00 
>   
> 
>    li103<- list(coef(model),  coef(summary(model))[,5], coef(summary(model))[,2] ) 
>    names(li103)<- c("Coefficients", "P-values", "StdErrors")
> 
>   save(li103,file="2003_1.RData")
> 
> 
> 
> 
