
R version 3.5.2 (2018-12-20) -- "Eggshell Igloo"
Copyright (C) 2018 The R Foundation for Statistical Computing
Platform: x86_64-redhat-linux-gnu (64-bit)

R is free software and comes with ABSOLUTELY NO WARRANTY.
You are welcome to redistribute it under certain conditions.
Type 'license()' or 'licence()' for distribution details.

R is a collaborative project with many contributors.
Type 'contributors()' for more information and
'citation()' on how to cite R or R packages in publications.

Type 'demo()' for some demos, 'help()' for on-line help, or
'help.start()' for an HTML browser interface to help.
Type 'q()' to quit R.

> 
> # get data
> load(file="ERCM_MPLE_cl.RData")
> 
> # install.packages("statnet", Sys.getenv("R_LIBS_USER"), repos = "http://cran.case.edu" )
> library(statnet)
> library(MLmetrics)
> library(xtable)
> library(tc.ergmterms)
> 
> # there are cases in 1962 marked as 1963 and in 1971 marked as 1972
> scc1[3364,11] <- 1962
> scc1[4648,11] <- 1971
> 
> 
> year.total <- scc1[,11]-1936 #-1936 => the first year 1937 is 1, 1938 is 2 aso, term column 
> 
> set.seed(12123)
> #sampled.years <- c(14, 24, 34, 44, 54, 64, 74)
> 
> t<- 71
>   print(t+1936)
[1] 2007
> tt<- t+1936
>   rowlasttt <- max(which(scc1[,11] == tt))
>   idt <- scc1[rowlasttt, 55]  
> 
>   
>   cases <- max(which(year.total==t)) # 14 corresponds to 1950
>   
>   # simple assignment of time periods to cases
>   years <- year.total[1:cases] 
>   
>   # going to need a sender time matrix covariate
>   sender.time <- matrix(years,length(years),length(years),byrow=F)
>   year <- matrix(years, length(years),length(years),byrow=F)
>   
>    # extract the network up to time t
>   AM <- adjacency.matrix[which(years <= t),which(years <= t)]
>   
>   net.t <- network(AM) 
>   
>   #calculate outdegree
>   o.degree<- rowSums(AM)
>   
>   # fix the outdegrees of time t as 0
>   last.t<- which(years==t)
>   
>   o.degree[last.t]<- 0
>   
>   # indicate outdegree and term as a node attribute
>   net.t <- set.vertex.attribute(net.t,"o.degree", o.degree)
>   net.t <- set.vertex.attribute(net.t,"term", years)
> 
> 
>    # subset MQ matrix
>   mq.t <- mq.matrix[which(years <= t),which(years <= t)]
>   # subset same issue matrix
>   same.issue.area.t <- same.issue.area[which(years <= t),which(years <= t)]
>   # subset year diff matrix
>   year.diff.t <- year.diff.matrix[which(years <= t),which(years <= t)]
>   # subset year diff matrix square
>   year.diff.square.t <- year.diff.t^2
>   # subset sender time matrix
>   sender.time.t <- sender.time[which(years <= t),which(years <= t)]
>   # subset unique dyad id matrix
>   #dyad.id.t <- dyad.id[which(years <= t),which(years <= t)]
>   # subset year matrix
>   year.t<- year[which(years <= t),which(years <= t)]
>   # subset same opinion writer matrix
>   same.opinion.writer.t<- same.opinion.writer[which(years <= t),which(years <= t)]
>   
>   #### set vertex attributes
>   # same issue area
>   net.t <- set.vertex.attribute(net.t,"SameIssueArea", scc1[which(years <= t),41])
>   # abs diff of MQ score
>   net.t <- set.vertex.attribute(net.t,"AbsDiffMQscores", scc1[which(years <= t),65])
>   # number justices that voted for the case
>   net.t <- set.vertex.attribute(net.t,"NumberJusticesPro", scc1[which(years <= t),52])
>   # overruled covariate
>   net.t <- set.vertex.attribute(net.t,"Overruled", Overruled.matrix[which(years <= t),idt])
>   # sender time
>   net.t <- set.vertex.attribute(net.t,"sender.time", sender.time.t[,1])
>   # Majority Opinion Writer
>   net.t <- set.vertex.attribute(net.t,"MajOpWriter", scc1[which(years <= t),49])
> 
>   
>   not.fixed <- network(1*(sender.time == t))
>   
>   load(file="2005_1.RData")
> 
>   li <- li105[[1]]
> 
>   
>   # fitting glm
>   model <- ergm(net.t~edges+ mutual + nodeicov("o.degree")+ difftransties("term")+gwidegree(1, fixed=TRUE)+ dgwesp(0.15, fixed=TRUE, type="OSP") +
+                 edgecov(mq.t)+
+                 edgecov(year.diff.t)+ edgecov(year.diff.square.t )+ 
+                 nodeicov('AbsDiffMQscores')+ nodeicov('NumberJusticesPro')+ 
+                 nodeicov('Overruled')+
+                 edgecov(same.opinion.writer.t)  + edgecov(same.issue.area.t),
+                 constraints=~fixallbut(not.fixed), control=control.ergm(MCMC.samplesize=10000,MCMLE.maxit=50, init=li), eval.loglik=FALSE) #
>   summary(model) 

==========================
Summary of model fit
==========================

Formula:   net.t ~ edges + mutual + nodeicov("o.degree") + difftransties("term") + 
    gwidegree(1, fixed = TRUE) + dgwesp(0.15, fixed = TRUE, type = "OSP") + 
    edgecov(mq.t) + edgecov(year.diff.t) + edgecov(year.diff.square.t) + 
    nodeicov("AbsDiffMQscores") + nodeicov("NumberJusticesPro") + 
    nodeicov("Overruled") + edgecov(same.opinion.writer.t) + 
    edgecov(same.issue.area.t)

Iterations:  6 out of 50 

Monte Carlo MLE Results:
                                Estimate Std. Error MCMC %  z value Pr(>|z|)
edges                         -7.589e+00  1.160e-02     58 -654.128   <1e-04
mutual                        -1.304e+01         NA     NA       NA       NA
nodeicov.o.degree             -2.226e-02  1.694e-03      0  -13.140   <1e-04
difftransties.term             2.398e+00  3.308e-02      1   72.496   <1e-04
gwideg.fixed.1                -2.058e-01  8.144e-03     23  -25.263   <1e-04
gwesp.OSP.fixed.0.15           2.669e+00  3.554e-02      0   75.093   <1e-04
edgecov.mq.t                   3.648e-02  2.094e-02      0    1.742   0.0815
edgecov.year.diff.t           -5.751e-02  4.337e-03      0  -13.259   <1e-04
edgecov.year.diff.square.t     4.414e-04  7.018e-05      0    6.290   <1e-04
nodeicov.AbsDiffMQscores      -1.203e-02  1.703e-02      0   -0.707   0.4799
nodeicov.NumberJusticesPro     1.063e-01  1.462e-02      0    7.269   <1e-04
nodeicov.Overruled            -3.809e-01  1.222e-02     92  -31.173   <1e-04
edgecov.same.opinion.writer.t  4.744e-01  1.004e-02     47   47.227   <1e-04
edgecov.same.issue.area.t      4.004e-01  3.336e-02      0   12.002   <1e-04
                                 
edges                         ***
mutual                           
nodeicov.o.degree             ***
difftransties.term            ***
gwideg.fixed.1                ***
gwesp.OSP.fixed.0.15          ***
edgecov.mq.t                  .  
edgecov.year.diff.t           ***
edgecov.year.diff.square.t    ***
nodeicov.AbsDiffMQscores         
nodeicov.NumberJusticesPro    ***
nodeicov.Overruled            ***
edgecov.same.opinion.writer.t ***
edgecov.same.issue.area.t     ***
---
Signif. codes:  0 '***' 0.001 '**' 0.01 '*' 0.05 '.' 0.1 ' ' 1

Log-likelihood was not estimated for this fit.
To get deviances, AIC, and/or BIC from fit `model` run 
  > model<-logLik(model, add=TRUE)
to add it to the object or rerun this function with eval.loglik=TRUE.
>   
> 
>   # get statistics
>   erg.est <- summary(net.t~edges+ mutual + nodeicov("o.degree")+ difftransties("term")+gwidegree(1, fixed=TRUE)+ 
+                 dgwesp(0.15, fixed=TRUE, type="OSP") +
+                 edgecov(mq.t)+
+                 edgecov(year.diff.t)+ edgecov(year.diff.square.t )+ nodeicov('AbsDiffMQscores')+ nodeicov('NumberJusticesPro')+ 
+                 nodeicov('Overruled')+edgecov(same.opinion.writer.t) + nodeifactor('MajOpWriter')+ edgecov(same.issue.area.t)  )
>   erg.est
                        edges                        mutual 
                    102509.00                         26.00 
            nodeicov.o.degree            difftransties.term 
                   1711518.00                      63471.00 
               gwideg.fixed.1          gwesp.OSP.fixed.0.15 
                     19054.52                      74210.35 
                 edgecov.mq.t           edgecov.year.diff.t 
                     98787.16                    1383025.00 
   edgecov.year.diff.square.t      nodeicov.AbsDiffMQscores 
                  34830457.00                     558893.71 
   nodeicov.NumberJusticesPro            nodeicov.Overruled 
                    704561.00                       3021.00 
edgecov.same.opinion.writer.t    nodeifactor.MajOpWriter.68 
                      8118.00                        440.00 
   nodeifactor.MajOpWriter.71    nodeifactor.MajOpWriter.72 
                        63.00                        215.00 
   nodeifactor.MajOpWriter.74    nodeifactor.MajOpWriter.75 
                      2977.00                       1200.00 
   nodeifactor.MajOpWriter.76    nodeifactor.MajOpWriter.77 
                      1643.00                        151.00 
   nodeifactor.MajOpWriter.78    nodeifactor.MajOpWriter.79 
                      6862.00                       3038.00 
   nodeifactor.MajOpWriter.80    nodeifactor.MajOpWriter.81 
                      4482.00                       6924.00 
   nodeifactor.MajOpWriter.82    nodeifactor.MajOpWriter.83 
                      1452.00                        164.00 
   nodeifactor.MajOpWriter.84    nodeifactor.MajOpWriter.85 
                      2269.00                       1068.00 
   nodeifactor.MajOpWriter.86    nodeifactor.MajOpWriter.87 
                       976.00                       1129.00 
   nodeifactor.MajOpWriter.88    nodeifactor.MajOpWriter.89 
                      2382.00                        488.00 
   nodeifactor.MajOpWriter.90    nodeifactor.MajOpWriter.91 
                      3739.00                       2426.00 
   nodeifactor.MajOpWriter.92    nodeifactor.MajOpWriter.93 
                      8063.00                        402.00 
   nodeifactor.MajOpWriter.94    nodeifactor.MajOpWriter.95 
                      5840.00                       6994.00 
   nodeifactor.MajOpWriter.96    nodeifactor.MajOpWriter.97 
                       663.00                        583.00 
   nodeifactor.MajOpWriter.98    nodeifactor.MajOpWriter.99 
                      3567.00                       3825.00 
  nodeifactor.MajOpWriter.100   nodeifactor.MajOpWriter.101 
                      3589.00                       4476.00 
  nodeifactor.MajOpWriter.102   nodeifactor.MajOpWriter.103 
                      4961.00                       3377.00 
  nodeifactor.MajOpWriter.104   nodeifactor.MajOpWriter.105 
                      2618.00                       1315.00 
  nodeifactor.MajOpWriter.106   nodeifactor.MajOpWriter.107 
                      1202.00                        611.00 
  nodeifactor.MajOpWriter.108   nodeifactor.MajOpWriter.109 
                       500.00                        377.00 
  nodeifactor.MajOpWriter.110   nodeifactor.MajOpWriter.111 
                       271.00                         26.00 
  nodeifactor.MajOpWriter.112     edgecov.same.issue.area.t 
                         8.00                      59453.00 
>   
> 
>    li107<- list(coef(model),  coef(summary(model))[,5], coef(summary(model))[,2] ) 
>    names(li107)<- c("Coefficients", "P-values", "StdErrors")
> 
>   save(li107,file="2007_1.RData")
> 
> 
> 
> 
