
R version 3.5.2 (2018-12-20) -- "Eggshell Igloo"
Copyright (C) 2018 The R Foundation for Statistical Computing
Platform: x86_64-redhat-linux-gnu (64-bit)

R is free software and comes with ABSOLUTELY NO WARRANTY.
You are welcome to redistribute it under certain conditions.
Type 'license()' or 'licence()' for distribution details.

R is a collaborative project with many contributors.
Type 'contributors()' for more information and
'citation()' on how to cite R or R packages in publications.

Type 'demo()' for some demos, 'help()' for on-line help, or
'help.start()' for an HTML browser interface to help.
Type 'q()' to quit R.

> 
> # get data
> load(file="ERCM_MPLE_cl.RData")
> 
> # install.packages("statnet", Sys.getenv("R_LIBS_USER"), repos = "http://cran.case.edu" )
> library(statnet)
> library(MLmetrics)
> library(xtable)
> library(tc.ergmterms)
> 
> # there are cases in 1962 marked as 1963 and in 1971 marked as 1972
> scc1[3364,11] <- 1962
> scc1[4648,11] <- 1971
> 
> 
> year.total <- scc1[,11]-1936 #-1936 => the first year 1937 is 1, 1938 is 2 aso, term column 
> 
> set.seed(12123)
> #sampled.years <- c(14, 24, 34, 44, 54, 64, 74)
> 
> t<- 74
>   print(t+1936)
[1] 2010
> tt<- t+1936
>   rowlasttt <- max(which(scc1[,11] == tt))
>   idt <- scc1[rowlasttt, 55]  
> 
>   
>   cases <- max(which(year.total==t)) # 14 corresponds to 1950
>   
>   # simple assignment of time periods to cases
>   years <- year.total[1:cases] 
>   
>   # going to need a sender time matrix covariate
>   sender.time <- matrix(years,length(years),length(years),byrow=F)
>   year <- matrix(years, length(years),length(years),byrow=F)
>   
>    # extract the network up to time t
>   AM <- adjacency.matrix[which(years <= t),which(years <= t)]
>   
>   net.t <- network(AM) 
>   
>   #calculate outdegree
>   o.degree<- rowSums(AM)
>   
>   # fix the outdegrees of time t as 0
>   last.t<- which(years==t)
>   
>   o.degree[last.t]<- 0
>   
>   # indicate outdegree and term as a node attribute
>   net.t <- set.vertex.attribute(net.t,"o.degree", o.degree)
>   net.t <- set.vertex.attribute(net.t,"term", years)
> 
> 
>    # subset MQ matrix
>   mq.t <- mq.matrix[which(years <= t),which(years <= t)]
>   # subset same issue matrix
>   same.issue.area.t <- same.issue.area[which(years <= t),which(years <= t)]
>   # subset year diff matrix
>   year.diff.t <- year.diff.matrix[which(years <= t),which(years <= t)]
>   # subset year diff matrix square
>   year.diff.square.t <- year.diff.t^2
>   # subset sender time matrix
>   sender.time.t <- sender.time[which(years <= t),which(years <= t)]
>   # subset unique dyad id matrix
>   #dyad.id.t <- dyad.id[which(years <= t),which(years <= t)]
>   # subset year matrix
>   year.t<- year[which(years <= t),which(years <= t)]
>   # subset same opinion writer matrix
>   same.opinion.writer.t<- same.opinion.writer[which(years <= t),which(years <= t)]
>   
>   #### set vertex attributes
>   # same issue area
>   net.t <- set.vertex.attribute(net.t,"SameIssueArea", scc1[which(years <= t),41])
>   # abs diff of MQ score
>   net.t <- set.vertex.attribute(net.t,"AbsDiffMQscores", scc1[which(years <= t),65])
>   # number justices that voted for the case
>   net.t <- set.vertex.attribute(net.t,"NumberJusticesPro", scc1[which(years <= t),52])
>   # overruled covariate
>   net.t <- set.vertex.attribute(net.t,"Overruled", Overruled.matrix[which(years <= t),idt])
>   # sender time
>   net.t <- set.vertex.attribute(net.t,"sender.time", sender.time.t[,1])
>   # Majority Opinion Writer
>   net.t <- set.vertex.attribute(net.t,"MajOpWriter", scc1[which(years <= t),49])
> 
>   
>   not.fixed <- network(1*(sender.time == t))
>   
>   load(file="2010_1.RData")
> 
>   li <- li110[[1]]
> 
> 
>   
>   # fitting glm
>   model <- ergm(net.t~edges+ mutual + nodeicov("o.degree")+ difftransties("term")+gwidegree(1, fixed=TRUE)+ dgwesp(0.15, fixed=TRUE, type="OSP") +
+                 edgecov(mq.t)+
+                 edgecov(year.diff.t)+ edgecov(year.diff.square.t )+ 
+                 nodeicov('AbsDiffMQscores')+ nodeicov('NumberJusticesPro')+ 
+                 nodeicov('Overruled')+
+                 edgecov(same.opinion.writer.t)  + edgecov(same.issue.area.t),
+                 constraints=~fixallbut(not.fixed), control=control.ergm(MCMC.samplesize=10000,MCMLE.maxit=50, init=li)) #
>   summary(model)

==========================
Summary of model fit
==========================

Formula:   net.t ~ edges + mutual + nodeicov("o.degree") + difftransties("term") + 
    gwidegree(1, fixed = TRUE) + dgwesp(0.15, fixed = TRUE, type = "OSP") + 
    edgecov(mq.t) + edgecov(year.diff.t) + edgecov(year.diff.square.t) + 
    nodeicov("AbsDiffMQscores") + nodeicov("NumberJusticesPro") + 
    nodeicov("Overruled") + edgecov(same.opinion.writer.t) + 
    edgecov(same.issue.area.t)

Iterations:  2 out of 50 

Monte Carlo MLE Results:
                                Estimate Std. Error MCMC %  z value Pr(>|z|)
edges                         -7.355e+00  1.082e-02     65 -679.985   <1e-04
mutual                        -1.517e+01         NA     NA       NA       NA
nodeicov.o.degree             -1.641e-02  1.406e-03      0  -11.672   <1e-04
difftransties.term             2.129e+00  3.254e-02      1   65.434   <1e-04
gwideg.fixed.1                -5.026e-01  7.654e-03     25  -65.668   <1e-04
gwesp.OSP.fixed.0.15           2.649e+00  3.643e-02      0   72.720   <1e-04
edgecov.mq.t                   1.276e-02  2.297e-02      0    0.555    0.579
edgecov.year.diff.t           -5.699e-02  4.054e-03      0  -14.057   <1e-04
edgecov.year.diff.square.t     3.436e-04  6.739e-05      0    5.099   <1e-04
nodeicov.AbsDiffMQscores      -5.256e-04  1.620e-02      0   -0.032    0.974
nodeicov.NumberJusticesPro     9.381e-02  1.335e-02      0    7.027   <1e-04
nodeicov.Overruled            -3.141e-01  1.186e-02     96  -26.480   <1e-04
edgecov.same.opinion.writer.t  6.369e-01  9.360e-03     49   68.037   <1e-04
edgecov.same.issue.area.t      4.774e-01  3.543e-02      0   13.474   <1e-04
                                 
edges                         ***
mutual                           
nodeicov.o.degree             ***
difftransties.term            ***
gwideg.fixed.1                ***
gwesp.OSP.fixed.0.15          ***
edgecov.mq.t                     
edgecov.year.diff.t           ***
edgecov.year.diff.square.t    ***
nodeicov.AbsDiffMQscores         
nodeicov.NumberJusticesPro    ***
nodeicov.Overruled            ***
edgecov.same.opinion.writer.t ***
edgecov.same.issue.area.t     ***
---
Signif. codes:  0 '***' 0.001 '**' 0.01 '*' 0.05 '.' 0.1 ' ' 1

     Null Deviance: 1122216  on 809508  degrees of freedom
 Residual Deviance:   14061  on 809494  degrees of freedom
 
AIC: 14089    BIC: 14251    (Smaller is better.) 
>   aicm<- AIC(model)
>   bicm <- BIC(model)
> 
>   # get statistics
>   erg.est <- summary(net.t~edges+ mutual + nodeicov("o.degree")+ difftransties("term")+gwidegree(1, fixed=TRUE)+ 
+                 dgwesp(0.15, fixed=TRUE, type="OSP") +
+                 edgecov(mq.t)+
+                 edgecov(year.diff.t)+ edgecov(year.diff.square.t )+ nodeicov('AbsDiffMQscores')+ nodeicov('NumberJusticesPro')+ 
+                 nodeicov('Overruled')+edgecov(same.opinion.writer.t) + nodeifactor('MajOpWriter')+ edgecov(same.issue.area.t)  )
>   erg.est
                        edges                        mutual 
                    107127.00                         28.00 
            nodeicov.o.degree            difftransties.term 
                   1814589.00                      66408.00 
               gwideg.fixed.1          gwesp.OSP.fixed.0.15 
                     19727.30                      77677.07 
                 edgecov.mq.t           edgecov.year.diff.t 
                    104186.99                    1489329.00 
   edgecov.year.diff.square.t      nodeicov.AbsDiffMQscores 
                  38607683.00                     584069.39 
   nodeicov.NumberJusticesPro            nodeicov.Overruled 
                    736512.00                       3113.00 
edgecov.same.opinion.writer.t    nodeifactor.MajOpWriter.68 
                      8392.00                        446.00 
   nodeifactor.MajOpWriter.71    nodeifactor.MajOpWriter.72 
                        63.00                        217.00 
   nodeifactor.MajOpWriter.74    nodeifactor.MajOpWriter.75 
                      3000.00                       1209.00 
   nodeifactor.MajOpWriter.76    nodeifactor.MajOpWriter.77 
                      1655.00                        152.00 
   nodeifactor.MajOpWriter.78    nodeifactor.MajOpWriter.79 
                      6954.00                       3065.00 
   nodeifactor.MajOpWriter.80    nodeifactor.MajOpWriter.81 
                      4527.00                       7024.00 
   nodeifactor.MajOpWriter.82    nodeifactor.MajOpWriter.83 
                      1471.00                        164.00 
   nodeifactor.MajOpWriter.84    nodeifactor.MajOpWriter.85 
                      2302.00                       1082.00 
   nodeifactor.MajOpWriter.86    nodeifactor.MajOpWriter.87 
                       983.00                       1135.00 
   nodeifactor.MajOpWriter.88    nodeifactor.MajOpWriter.89 
                      2417.00                        491.00 
   nodeifactor.MajOpWriter.90    nodeifactor.MajOpWriter.91 
                      3809.00                       2477.00 
   nodeifactor.MajOpWriter.92    nodeifactor.MajOpWriter.93 
                      8291.00                        404.00 
   nodeifactor.MajOpWriter.94    nodeifactor.MajOpWriter.95 
                      5960.00                       7307.00 
   nodeifactor.MajOpWriter.96    nodeifactor.MajOpWriter.97 
                       672.00                        597.00 
   nodeifactor.MajOpWriter.98    nodeifactor.MajOpWriter.99 
                      3718.00                       3968.00 
  nodeifactor.MajOpWriter.100   nodeifactor.MajOpWriter.101 
                      3752.00                       4652.00 
  nodeifactor.MajOpWriter.102   nodeifactor.MajOpWriter.103 
                      5344.00                       3726.00 
  nodeifactor.MajOpWriter.104   nodeifactor.MajOpWriter.105 
                      2964.00                       1662.00 
  nodeifactor.MajOpWriter.106   nodeifactor.MajOpWriter.107 
                      1497.00                        812.00 
  nodeifactor.MajOpWriter.108   nodeifactor.MajOpWriter.109 
                       697.00                        555.00 
  nodeifactor.MajOpWriter.110   nodeifactor.MajOpWriter.111 
                       423.00                         94.00 
  nodeifactor.MajOpWriter.112   nodeifactor.MajOpWriter.113 
                        64.00                         14.00 
  nodeifactor.MajOpWriter.114     edgecov.same.issue.area.t 
                         1.00                      61853.00 
>    
>   
>    
>    #############################################
>    # Independence model
>    #############################################
>    ind <- ergm(net.t~edges+ 
+                 edgecov(mq.t)+
+                 edgecov(year.diff.t)+ edgecov(year.diff.square.t )+ 
+                 nodeicov('AbsDiffMQscores')+ nodeicov('NumberJusticesPro')+ 
+                 nodeicov('Overruled')+
+                 edgecov(same.opinion.writer.t)  + edgecov(same.issue.area.t),
+                 constraints=~fixallbut(not.fixed), estimate="MLE") #
>     
>   summary(ind)   

==========================
Summary of model fit
==========================

Formula:   net.t ~ edges + edgecov(mq.t) + edgecov(year.diff.t) + edgecov(year.diff.square.t) + 
    nodeicov("AbsDiffMQscores") + nodeicov("NumberJusticesPro") + 
    nodeicov("Overruled") + edgecov(same.opinion.writer.t) + 
    edgecov(same.issue.area.t)

Iterations:  8 out of 20 

Monte Carlo MLE Results:
                                Estimate Std. Error MCMC % z value Pr(>|z|)    
edges                         -5.4090125  0.1546056      0 -34.986   <1e-04 ***
edgecov.mq.t                   0.1336981  0.0320867      0   4.167   <1e-04 ***
edgecov.year.diff.t           -0.0329777  0.0050576      0  -6.520   <1e-04 ***
edgecov.year.diff.square.t    -0.0001507  0.0000815      0  -1.849   0.0645 .  
nodeicov.AbsDiffMQscores      -0.0198499  0.0170688      0  -1.163   0.2449    
nodeicov.NumberJusticesPro    -0.0464384  0.0223107      0  -2.081   0.0374 *  
nodeicov.Overruled             0.2243962  0.2395429      0   0.937   0.3489    
edgecov.same.opinion.writer.t  0.6848494  0.1205823      0   5.680   <1e-04 ***
edgecov.same.issue.area.t      1.8117908  0.0527263      0  34.362   <1e-04 ***
---
Signif. codes:  0 '***' 0.001 '**' 0.01 '*' 0.05 '.' 0.1 ' ' 1

     Null Deviance: 1122216  on 809508  degrees of freedom
 Residual Deviance:   19172  on 809499  degrees of freedom
 
AIC: 19190    BIC: 19295    (Smaller is better.) 
>   aici<- AIC(ind)
>   bici <- BIC(ind)
> 
>    
> 
>    li110<- list(coef(model),  coef(summary(model))[,5], coef(summary(model))[,2], aicm, bicm,
+                coef(ind),  coef(summary(ind))[,5], coef(summary(ind))[,2], aici, bici ) 
>    names(li110)<- c("Coefficients", "P-values", "StdErrors", "AICm", "BICm",
+                    "CoefficientsI", "P-valuesI", "StdErrorsI", "AICi", "BICi")
> 
>   save(li110,file="2010_2.RData")
> 
> 
> 
> 
