
R version 3.5.2 (2018-12-20) -- "Eggshell Igloo"
Copyright (C) 2018 The R Foundation for Statistical Computing
Platform: x86_64-redhat-linux-gnu (64-bit)

R is free software and comes with ABSOLUTELY NO WARRANTY.
You are welcome to redistribute it under certain conditions.
Type 'license()' or 'licence()' for distribution details.

R is a collaborative project with many contributors.
Type 'contributors()' for more information and
'citation()' on how to cite R or R packages in publications.

Type 'demo()' for some demos, 'help()' for on-line help, or
'help.start()' for an HTML browser interface to help.
Type 'q()' to quit R.

> 
> # get data
> load(file="ERCM_MPLE_cl.RData")
> 
> # install.packages("statnet", Sys.getenv("R_LIBS_USER"), repos = "http://cran.case.edu" )
> library(statnet)
> library(MLmetrics)
> library(xtable)
> library(tc.ergmterms)
> 
> # there are cases in 1962 marked as 1963 and in 1971 marked as 1972
> scc1[3364,11] <- 1962
> scc1[4648,11] <- 1971
> 
> 
> year.total <- scc1[,11]-1936 #-1936 => the first year 1937 is 1, 1938 is 2 aso, term column 
> 
> set.seed(12123)
> #sampled.years <- c(14, 24, 34, 44, 54, 64, 74)
> 
> t<- 75
>   print(t+1936)
[1] 2011
> tt<- t+1936
>   rowlasttt <- max(which(scc1[,11] == tt))
>   idt <- scc1[rowlasttt, 55]  
> 
>   
>   cases <- max(which(year.total==t)) # 14 corresponds to 1950
>   
>   # simple assignment of time periods to cases
>   years <- year.total[1:cases] 
>   
>   # going to need a sender time matrix covariate
>   sender.time <- matrix(years,length(years),length(years),byrow=F)
>   year <- matrix(years, length(years),length(years),byrow=F)
>   
>    # extract the network up to time t
>   AM <- adjacency.matrix[which(years <= t),which(years <= t)]
>   
>   net.t <- network(AM) 
>   
>   #calculate outdegree
>   o.degree<- rowSums(AM)
>   
>   # fix the outdegrees of time t as 0
>   last.t<- which(years==t)
>   
>   o.degree[last.t]<- 0
>   
>   # indicate outdegree and term as a node attribute
>   net.t <- set.vertex.attribute(net.t,"o.degree", o.degree)
>   net.t <- set.vertex.attribute(net.t,"term", years)
> 
> 
>    # subset MQ matrix
>   mq.t <- mq.matrix[which(years <= t),which(years <= t)]
>   # subset same issue matrix
>   same.issue.area.t <- same.issue.area[which(years <= t),which(years <= t)]
>   # subset year diff matrix
>   year.diff.t <- year.diff.matrix[which(years <= t),which(years <= t)]
>   # subset year diff matrix square
>   year.diff.square.t <- year.diff.t^2
>   # subset sender time matrix
>   sender.time.t <- sender.time[which(years <= t),which(years <= t)]
>   # subset unique dyad id matrix
>   #dyad.id.t <- dyad.id[which(years <= t),which(years <= t)]
>   # subset year matrix
>   year.t<- year[which(years <= t),which(years <= t)]
>   # subset same opinion writer matrix
>   same.opinion.writer.t<- same.opinion.writer[which(years <= t),which(years <= t)]
>   
>   #### set vertex attributes
>   # same issue area
>   net.t <- set.vertex.attribute(net.t,"SameIssueArea", scc1[which(years <= t),41])
>   # abs diff of MQ score
>   net.t <- set.vertex.attribute(net.t,"AbsDiffMQscores", scc1[which(years <= t),65])
>   # number justices that voted for the case
>   net.t <- set.vertex.attribute(net.t,"NumberJusticesPro", scc1[which(years <= t),52])
>   # overruled covariate
>   net.t <- set.vertex.attribute(net.t,"Overruled", Overruled.matrix[which(years <= t),idt])
>   # sender time
>   net.t <- set.vertex.attribute(net.t,"sender.time", sender.time.t[,1])
>   # Majority Opinion Writer
>   net.t <- set.vertex.attribute(net.t,"MajOpWriter", scc1[which(years <= t),49])
> 
>   
>   not.fixed <- network(1*(sender.time == t))
>   
>   load(file="2012_1.RData")
> 
>   li <- li112[[1]]
> 
>   # load(file="2011_2.RData")
> 
>   # li[1:6] <- li111[[1]]
> 
>   
>   # fitting glm
>   model <- ergm(net.t~edges+ mutual + nodeicov("o.degree")+ difftransties("term")+gwidegree(1, fixed=TRUE)+ dgwesp(0.15, fixed=TRUE, type="OSP") +
+                 edgecov(mq.t)+
+                 edgecov(year.diff.t)+ edgecov(year.diff.square.t )+ 
+                 nodeicov('AbsDiffMQscores')+ nodeicov('NumberJusticesPro')+ 
+                 nodeicov('Overruled')+
+                 edgecov(same.opinion.writer.t)  + edgecov(same.issue.area.t),
+                 constraints=~fixallbut(not.fixed), control=control.ergm(MCMC.samplesize=12000,MCMLE.maxit=5, init=li), eval.loglik=FALSE) #
>   summary(model) 

==========================
Summary of model fit
==========================

Formula:   net.t ~ edges + mutual + nodeicov("o.degree") + difftransties("term") + 
    gwidegree(1, fixed = TRUE) + dgwesp(0.15, fixed = TRUE, type = "OSP") + 
    edgecov(mq.t) + edgecov(year.diff.t) + edgecov(year.diff.square.t) + 
    nodeicov("AbsDiffMQscores") + nodeicov("NumberJusticesPro") + 
    nodeicov("Overruled") + edgecov(same.opinion.writer.t) + 
    edgecov(same.issue.area.t)

Iterations:  5 out of 5 

Monte Carlo MLE Results:
                                Estimate Std. Error MCMC %  z value Pr(>|z|)
edges                         -7.389e+00  2.021e-02     56 -365.605   <1e-04
mutual                        -1.517e+01         NA     NA       NA       NA
nodeicov.o.degree             -1.837e-02  2.148e-03      0   -8.551   <1e-04
difftransties.term             2.463e+00  3.452e-02      2   71.350   <1e-04
gwideg.fixed.1                -6.633e-01  9.060e-03     62  -73.209   <1e-04
gwesp.OSP.fixed.0.15           2.478e+00  4.186e-02      1   59.193   <1e-04
edgecov.mq.t                   4.250e-02  3.118e-02      1    1.363    0.173
edgecov.year.diff.t           -5.543e-02  4.984e-03      1  -11.121   <1e-04
edgecov.year.diff.square.t     3.398e-04  8.026e-05      0    4.234   <1e-04
nodeicov.AbsDiffMQscores       2.138e-02  1.770e-02      0    1.207    0.227
nodeicov.NumberJusticesPro     6.957e-02  1.549e-02      1    4.490   <1e-04
nodeicov.Overruled            -3.009e-01  2.095e-02     96  -14.363   <1e-04
edgecov.same.opinion.writer.t  4.663e-01  1.637e-02     88   28.491   <1e-04
edgecov.same.issue.area.t      4.550e-01  4.615e-02      1    9.859   <1e-04
                                 
edges                         ***
mutual                           
nodeicov.o.degree             ***
difftransties.term            ***
gwideg.fixed.1                ***
gwesp.OSP.fixed.0.15          ***
edgecov.mq.t                     
edgecov.year.diff.t           ***
edgecov.year.diff.square.t    ***
nodeicov.AbsDiffMQscores         
nodeicov.NumberJusticesPro    ***
nodeicov.Overruled            ***
edgecov.same.opinion.writer.t ***
edgecov.same.issue.area.t     ***
---
Signif. codes:  0 '***' 0.001 '**' 0.01 '*' 0.05 '.' 0.1 ' ' 1

Log-likelihood was not estimated for this fit.
To get deviances, AIC, and/or BIC from fit `model` run 
  > model<-logLik(model, add=TRUE)
to add it to the object or rerun this function with eval.loglik=TRUE.
>   
> 
>   # get statistics
>   erg.est <- summary(net.t~edges+ mutual + nodeicov("o.degree")+ difftransties("term")+gwidegree(1, fixed=TRUE)+ 
+                 dgwesp(0.15, fixed=TRUE, type="OSP") +
+                 edgecov(mq.t)+
+                 edgecov(year.diff.t)+ edgecov(year.diff.square.t )+ nodeicov('AbsDiffMQscores')+ nodeicov('NumberJusticesPro')+ 
+                 nodeicov('Overruled')+edgecov(same.opinion.writer.t) + nodeifactor('MajOpWriter')+ edgecov(same.issue.area.t)  )
>   erg.est
                        edges                        mutual 
                    108279.00                         28.00 
            nodeicov.o.degree            difftransties.term 
                   1840188.00                      67133.00 
               gwideg.fixed.1          gwesp.OSP.fixed.0.15 
                     19868.56                      78510.80 
                 edgecov.mq.t           edgecov.year.diff.t 
                    105486.09                    1518319.00 
   edgecov.year.diff.square.t      nodeicov.AbsDiffMQscores 
                  39687027.00                     590436.19 
   nodeicov.NumberJusticesPro            nodeicov.Overruled 
                    744491.00                       3120.00 
edgecov.same.opinion.writer.t    nodeifactor.MajOpWriter.68 
                      8439.00                        447.00 
   nodeifactor.MajOpWriter.71    nodeifactor.MajOpWriter.72 
                        63.00                        218.00 
   nodeifactor.MajOpWriter.74    nodeifactor.MajOpWriter.75 
                      3006.00                       1212.00 
   nodeifactor.MajOpWriter.76    nodeifactor.MajOpWriter.77 
                      1656.00                        152.00 
   nodeifactor.MajOpWriter.78    nodeifactor.MajOpWriter.79 
                      6974.00                       3069.00 
   nodeifactor.MajOpWriter.80    nodeifactor.MajOpWriter.81 
                      4538.00                       7053.00 
   nodeifactor.MajOpWriter.82    nodeifactor.MajOpWriter.83 
                      1476.00                        164.00 
   nodeifactor.MajOpWriter.84    nodeifactor.MajOpWriter.85 
                      2315.00                       1085.00 
   nodeifactor.MajOpWriter.86    nodeifactor.MajOpWriter.87 
                       984.00                       1136.00 
   nodeifactor.MajOpWriter.88    nodeifactor.MajOpWriter.89 
                      2425.00                        492.00 
   nodeifactor.MajOpWriter.90    nodeifactor.MajOpWriter.91 
                      3823.00                       2490.00 
   nodeifactor.MajOpWriter.92    nodeifactor.MajOpWriter.93 
                      8363.00                        406.00 
   nodeifactor.MajOpWriter.94    nodeifactor.MajOpWriter.95 
                      5990.00                       7368.00 
   nodeifactor.MajOpWriter.96    nodeifactor.MajOpWriter.97 
                       681.00                        601.00 
   nodeifactor.MajOpWriter.98    nodeifactor.MajOpWriter.99 
                      3753.00                       4002.00 
  nodeifactor.MajOpWriter.100   nodeifactor.MajOpWriter.101 
                      3810.00                       4693.00 
  nodeifactor.MajOpWriter.102   nodeifactor.MajOpWriter.103 
                      5429.00                       3824.00 
  nodeifactor.MajOpWriter.104   nodeifactor.MajOpWriter.105 
                      3044.00                       1756.00 
  nodeifactor.MajOpWriter.106   nodeifactor.MajOpWriter.107 
                      1573.00                        862.00 
  nodeifactor.MajOpWriter.108   nodeifactor.MajOpWriter.109 
                       733.00                        602.00 
  nodeifactor.MajOpWriter.110   nodeifactor.MajOpWriter.111 
                       456.00                        115.00 
  nodeifactor.MajOpWriter.112   nodeifactor.MajOpWriter.113 
                        73.00                         19.00 
  nodeifactor.MajOpWriter.114     edgecov.same.issue.area.t 
                         6.00                      62407.00 
>   
> 
>    li111<- list(coef(model),  coef(summary(model))[,5], coef(summary(model))[,2] ) 
>    names(li111)<- c("Coefficients", "P-values", "StdErrors")
> 
>   save(li111,file="2011_1.RData")
> 
> 
> 
> 
