
R version 3.5.2 (2018-12-20) -- "Eggshell Igloo"
Copyright (C) 2018 The R Foundation for Statistical Computing
Platform: x86_64-redhat-linux-gnu (64-bit)

R is free software and comes with ABSOLUTELY NO WARRANTY.
You are welcome to redistribute it under certain conditions.
Type 'license()' or 'licence()' for distribution details.

R is a collaborative project with many contributors.
Type 'contributors()' for more information and
'citation()' on how to cite R or R packages in publications.

Type 'demo()' for some demos, 'help()' for on-line help, or
'help.start()' for an HTML browser interface to help.
Type 'q()' to quit R.

> 
> # get data
> load(file="ERCM_MPLE_cl.RData")
> 
> # install.packages("statnet", Sys.getenv("R_LIBS_USER"), repos = "http://cran.case.edu" )
> library(statnet)
> library(MLmetrics)
> library(xtable)
> library(tc.ergmterms)
> 
> # there are cases in 1962 marked as 1963 and in 1971 marked as 1972
> scc1[3364,11] <- 1962
> scc1[4648,11] <- 1971
> 
> 
> year.total <- scc1[,11]-1936 #-1936 => the first year 1937 is 1, 1938 is 2 aso, term column 
> 
> set.seed(12123)
> #sampled.years <- c(14, 24, 34, 44, 54, 64, 74)
> 
> t<- 76
>   print(t+1936)
[1] 2012
> tt<- t+1936
>   rowlasttt <- max(which(scc1[,11] == tt))
>   idt <- scc1[rowlasttt, 55]  
> 
>   
>   cases <- max(which(year.total==t)) # 14 corresponds to 1950
>   
>   # simple assignment of time periods to cases
>   years <- year.total[1:cases] 
>   
>   # going to need a sender time matrix covariate
>   sender.time <- matrix(years,length(years),length(years),byrow=F)
>   year <- matrix(years, length(years),length(years),byrow=F)
>   
>    # extract the network up to time t
>   AM <- adjacency.matrix[which(years <= t),which(years <= t)]
>   
>   net.t <- network(AM) 
>   
>   #calculate outdegree
>   o.degree<- rowSums(AM)
>   
>   # fix the outdegrees of time t as 0
>   last.t<- which(years==t)
>   
>   o.degree[last.t]<- 0
>   
>   # indicate outdegree and term as a node attribute
>   net.t <- set.vertex.attribute(net.t,"o.degree", o.degree)
>   net.t <- set.vertex.attribute(net.t,"term", years)
> 
> 
>    # subset MQ matrix
>   mq.t <- mq.matrix[which(years <= t),which(years <= t)]
>   # subset same issue matrix
>   same.issue.area.t <- same.issue.area[which(years <= t),which(years <= t)]
>   # subset year diff matrix
>   year.diff.t <- year.diff.matrix[which(years <= t),which(years <= t)]
>   # subset year diff matrix square
>   year.diff.square.t <- year.diff.t^2
>   # subset sender time matrix
>   sender.time.t <- sender.time[which(years <= t),which(years <= t)]
>   # subset unique dyad id matrix
>   #dyad.id.t <- dyad.id[which(years <= t),which(years <= t)]
>   # subset year matrix
>   year.t<- year[which(years <= t),which(years <= t)]
>   # subset same opinion writer matrix
>   same.opinion.writer.t<- same.opinion.writer[which(years <= t),which(years <= t)]
>   
>   #### set vertex attributes
>   # same issue area
>   net.t <- set.vertex.attribute(net.t,"SameIssueArea", scc1[which(years <= t),41])
>   # abs diff of MQ score
>   net.t <- set.vertex.attribute(net.t,"AbsDiffMQscores", scc1[which(years <= t),65])
>   # number justices that voted for the case
>   net.t <- set.vertex.attribute(net.t,"NumberJusticesPro", scc1[which(years <= t),52])
>   # overruled covariate
>   net.t <- set.vertex.attribute(net.t,"Overruled", Overruled.matrix[which(years <= t),idt])
>   # sender time
>   net.t <- set.vertex.attribute(net.t,"sender.time", sender.time.t[,1])
>   # Majority Opinion Writer
>   net.t <- set.vertex.attribute(net.t,"MajOpWriter", scc1[which(years <= t),49])
> 
>   
>   not.fixed <- network(1*(sender.time == t))
>   
>   load(file="2012_1.RData")
> 
>   li <- li112[[1]]
> 
> 
>   
>   # fitting glm
>   model <- ergm(net.t~edges+ mutual + nodeicov("o.degree")+ difftransties("term")+gwidegree(1, fixed=TRUE)+ dgwesp(0.15, fixed=TRUE, type="OSP") +
+                 edgecov(mq.t)+
+                 edgecov(year.diff.t)+ edgecov(year.diff.square.t )+ 
+                 nodeicov('AbsDiffMQscores')+ nodeicov('NumberJusticesPro')+ 
+                 nodeicov('Overruled')+
+                 edgecov(same.opinion.writer.t)  + edgecov(same.issue.area.t),
+                 constraints=~fixallbut(not.fixed), control=control.ergm(MCMC.samplesize=10000,MCMLE.maxit=50, init=li)) #
>   summary(model)

==========================
Summary of model fit
==========================

Formula:   net.t ~ edges + mutual + nodeicov("o.degree") + difftransties("term") + 
    gwidegree(1, fixed = TRUE) + dgwesp(0.15, fixed = TRUE, type = "OSP") + 
    edgecov(mq.t) + edgecov(year.diff.t) + edgecov(year.diff.square.t) + 
    nodeicov("AbsDiffMQscores") + nodeicov("NumberJusticesPro") + 
    nodeicov("Overruled") + edgecov(same.opinion.writer.t) + 
    edgecov(same.issue.area.t)

Iterations:  5 out of 50 

Monte Carlo MLE Results:
                                Estimate Std. Error MCMC %  z value Pr(>|z|)
edges                         -7.382e+00  1.225e-02     54 -602.506  < 1e-04
mutual                        -1.517e+01         NA     NA       NA       NA
nodeicov.o.degree             -1.608e-02  1.803e-03      0   -8.919  < 1e-04
difftransties.term             2.385e+00  3.906e-02      0   61.060  < 1e-04
gwideg.fixed.1                -6.388e-01  8.971e-03     21  -71.206  < 1e-04
gwesp.OSP.fixed.0.15           2.419e+00  3.606e-02      0   67.079  < 1e-04
edgecov.mq.t                   3.034e-02  2.470e-02      0    1.228 0.219302
edgecov.year.diff.t           -5.288e-02  4.944e-03      0  -10.694  < 1e-04
edgecov.year.diff.square.t     2.838e-04  7.827e-05      0    3.626 0.000288
nodeicov.AbsDiffMQscores      -2.848e-02  1.896e-02      0   -1.502 0.133121
nodeicov.NumberJusticesPro     1.147e-01  1.641e-02      0    6.989  < 1e-04
nodeicov.Overruled            -3.030e-01  1.190e-02     93  -25.453  < 1e-04
edgecov.same.opinion.writer.t  4.787e-01  9.094e-03     65   52.644  < 1e-04
edgecov.same.issue.area.t      4.950e-01  4.038e-02      0   12.258  < 1e-04
                                 
edges                         ***
mutual                           
nodeicov.o.degree             ***
difftransties.term            ***
gwideg.fixed.1                ***
gwesp.OSP.fixed.0.15          ***
edgecov.mq.t                     
edgecov.year.diff.t           ***
edgecov.year.diff.square.t    ***
nodeicov.AbsDiffMQscores         
nodeicov.NumberJusticesPro    ***
nodeicov.Overruled            ***
edgecov.same.opinion.writer.t ***
edgecov.same.issue.area.t     ***
---
Signif. codes:  0 '***' 0.001 '**' 0.01 '*' 0.05 '.' 0.1 ' ' 1

     Null Deviance: 1072502  on 773647  degrees of freedom
 Residual Deviance:   12543  on 773633  degrees of freedom
 
AIC: 12571    BIC: 12733    (Smaller is better.) 
>   aicm<- AIC(model)
>   bicm <- BIC(model)
> 
>   # get statistics
>   erg.est <- summary(net.t~edges+ mutual + nodeicov("o.degree")+ difftransties("term")+gwidegree(1, fixed=TRUE)+ 
+                 dgwesp(0.15, fixed=TRUE, type="OSP") +
+                 edgecov(mq.t)+
+                 edgecov(year.diff.t)+ edgecov(year.diff.square.t )+ nodeicov('AbsDiffMQscores')+ nodeicov('NumberJusticesPro')+ 
+                 nodeicov('Overruled')+edgecov(same.opinion.writer.t) + nodeifactor('MajOpWriter')+ edgecov(same.issue.area.t)  )
>   erg.est
                        edges                        mutual 
                    109554.00                         28.00 
            nodeicov.o.degree            difftransties.term 
                   1868130.00                      67955.00 
               gwideg.fixed.1          gwesp.OSP.fixed.0.15 
                     20034.73                      79435.76 
                 edgecov.mq.t           edgecov.year.diff.t 
                    107051.58                    1549074.00 
   edgecov.year.diff.square.t      nodeicov.AbsDiffMQscores 
                  40812392.00                     597255.83 
   nodeicov.NumberJusticesPro            nodeicov.Overruled 
                    753352.00                       3129.00 
edgecov.same.opinion.writer.t    nodeifactor.MajOpWriter.68 
                      8508.00                        448.00 
   nodeifactor.MajOpWriter.71    nodeifactor.MajOpWriter.72 
                        63.00                        218.00 
   nodeifactor.MajOpWriter.74    nodeifactor.MajOpWriter.75 
                      3012.00                       1214.00 
   nodeifactor.MajOpWriter.76    nodeifactor.MajOpWriter.77 
                      1659.00                        153.00 
   nodeifactor.MajOpWriter.78    nodeifactor.MajOpWriter.79 
                      6992.00                       3080.00 
   nodeifactor.MajOpWriter.80    nodeifactor.MajOpWriter.81 
                      4550.00                       7072.00 
   nodeifactor.MajOpWriter.82    nodeifactor.MajOpWriter.83 
                      1478.00                        164.00 
   nodeifactor.MajOpWriter.84    nodeifactor.MajOpWriter.85 
                      2327.00                       1087.00 
   nodeifactor.MajOpWriter.86    nodeifactor.MajOpWriter.87 
                       987.00                       1140.00 
   nodeifactor.MajOpWriter.88    nodeifactor.MajOpWriter.89 
                      2444.00                        492.00 
   nodeifactor.MajOpWriter.90    nodeifactor.MajOpWriter.91 
                      3849.00                       2502.00 
   nodeifactor.MajOpWriter.92    nodeifactor.MajOpWriter.93 
                      8415.00                        408.00 
   nodeifactor.MajOpWriter.94    nodeifactor.MajOpWriter.95 
                      6024.00                       7425.00 
   nodeifactor.MajOpWriter.96    nodeifactor.MajOpWriter.97 
                       682.00                        603.00 
   nodeifactor.MajOpWriter.98    nodeifactor.MajOpWriter.99 
                      3784.00                       4039.00 
  nodeifactor.MajOpWriter.100   nodeifactor.MajOpWriter.101 
                      3854.00                       4744.00 
  nodeifactor.MajOpWriter.102   nodeifactor.MajOpWriter.103 
                      5548.00                       3920.00 
  nodeifactor.MajOpWriter.104   nodeifactor.MajOpWriter.105 
                      3136.00                       1859.00 
  nodeifactor.MajOpWriter.106   nodeifactor.MajOpWriter.107 
                      1661.00                        924.00 
  nodeifactor.MajOpWriter.108   nodeifactor.MajOpWriter.109 
                       790.00                        646.00 
  nodeifactor.MajOpWriter.110   nodeifactor.MajOpWriter.111 
                       511.00                        137.00 
  nodeifactor.MajOpWriter.112   nodeifactor.MajOpWriter.113 
                        92.00                         29.00 
  nodeifactor.MajOpWriter.114     edgecov.same.issue.area.t 
                        12.00                      63068.00 
>    
>   
>    
>    #############################################
>    # Independence model
>    #############################################
>    ind <- ergm(net.t~edges+ 
+                 edgecov(mq.t)+
+                 edgecov(year.diff.t)+ edgecov(year.diff.square.t )+ 
+                 nodeicov('AbsDiffMQscores')+ nodeicov('NumberJusticesPro')+ 
+                 nodeicov('Overruled')+
+                 edgecov(same.opinion.writer.t)  + edgecov(same.issue.area.t),
+                 constraints=~fixallbut(not.fixed), estimate="MLE") #
>     
>   summary(ind)   

==========================
Summary of model fit
==========================

Formula:   net.t ~ edges + edgecov(mq.t) + edgecov(year.diff.t) + edgecov(year.diff.square.t) + 
    nodeicov("AbsDiffMQscores") + nodeicov("NumberJusticesPro") + 
    nodeicov("Overruled") + edgecov(same.opinion.writer.t) + 
    edgecov(same.issue.area.t)

Iterations:  9 out of 20 

Monte Carlo MLE Results:
                                Estimate Std. Error MCMC % z value Pr(>|z|)    
edges                         -5.504e+00  1.628e-01      0 -33.817  < 1e-04 ***
edgecov.mq.t                   1.196e-01  3.273e-02      0   3.654 0.000258 ***
edgecov.year.diff.t           -2.554e-02  5.264e-03      0  -4.852  < 1e-04 ***
edgecov.year.diff.square.t    -2.260e-04  8.193e-05      0  -2.758 0.005809 ** 
nodeicov.AbsDiffMQscores      -4.445e-02  1.846e-02      0  -2.408 0.016049 *  
nodeicov.NumberJusticesPro    -3.367e-02  2.335e-02      0  -1.442 0.149375    
nodeicov.Overruled            -2.101e-01  3.302e-01      0  -0.636 0.524641    
edgecov.same.opinion.writer.t  6.161e-01  1.282e-01      0   4.806  < 1e-04 ***
edgecov.same.issue.area.t      1.774e+00  5.630e-02      0  31.512  < 1e-04 ***
---
Signif. codes:  0 '***' 0.001 '**' 0.01 '*' 0.05 '.' 0.1 ' ' 1

     Null Deviance: 1072502  on 773647  degrees of freedom
 Residual Deviance:   17075  on 773638  degrees of freedom
 
AIC: 17093    BIC: 17197    (Smaller is better.) 
>   aici<- AIC(ind)
>   bici <- BIC(ind)
> 
>    
> 
>    li112<- list(coef(model),  coef(summary(model))[,5], coef(summary(model))[,2], aicm, bicm,
+                coef(ind),  coef(summary(ind))[,5], coef(summary(ind))[,2], aici, bici ) 
>    names(li112)<- c("Coefficients", "P-values", "StdErrors", "AICm", "BICm",
+                    "CoefficientsI", "P-valuesI", "StdErrorsI", "AICi", "BICi")
> 
>   save(li112,file="2012_2.RData")
> 
> 
> 
> 
