
R version 3.5.2 (2018-12-20) -- "Eggshell Igloo"
Copyright (C) 2018 The R Foundation for Statistical Computing
Platform: x86_64-redhat-linux-gnu (64-bit)

R is free software and comes with ABSOLUTELY NO WARRANTY.
You are welcome to redistribute it under certain conditions.
Type 'license()' or 'licence()' for distribution details.

R is a collaborative project with many contributors.
Type 'contributors()' for more information and
'citation()' on how to cite R or R packages in publications.

Type 'demo()' for some demos, 'help()' for on-line help, or
'help.start()' for an HTML browser interface to help.
Type 'q()' to quit R.

> 
> # get data
> load(file="ERCM_MPLE_cl.RData")
> 
> # install.packages("statnet", Sys.getenv("R_LIBS_USER"), repos = "http://cran.case.edu" )
> library(statnet)
> library(MLmetrics)
> library(xtable)
> library(tc.ergmterms)
> 
> # there are cases in 1962 marked as 1963 and in 1971 marked as 1972
> scc1[3364,11] <- 1962
> scc1[4648,11] <- 1971
> 
> 
> year.total <- scc1[,11]-1936 #-1936 => the first year 1937 is 1, 1938 is 2 aso, term column 
> 
> set.seed(12123)
> #sampled.years <- c(14, 24, 34, 44, 54, 64, 74)
> 
> t<- 77
>   print(t+1936)
[1] 2013
> tt<- t+1936
>   rowlasttt <- max(which(scc1[,11] == tt))
>   idt <- scc1[rowlasttt, 55]  
> 
>   
>   cases <- max(which(year.total==t)) # 14 corresponds to 1950
>   
>   # simple assignment of time periods to cases
>   years <- year.total[1:cases] 
>   
>   # going to need a sender time matrix covariate
>   sender.time <- matrix(years,length(years),length(years),byrow=F)
>   year <- matrix(years, length(years),length(years),byrow=F)
>   
>    # extract the network up to time t
>   AM <- adjacency.matrix[which(years <= t),which(years <= t)]
>   
>   net.t <- network(AM) 
>   
>   #calculate outdegree
>   o.degree<- rowSums(AM)
>   
>   # fix the outdegrees of time t as 0
>   last.t<- which(years==t)
>   
>   o.degree[last.t]<- 0
>   
>   # indicate outdegree and term as a node attribute
>   net.t <- set.vertex.attribute(net.t,"o.degree", o.degree)
>   net.t <- set.vertex.attribute(net.t,"term", years)
> 
> 
>    # subset MQ matrix
>   mq.t <- mq.matrix[which(years <= t),which(years <= t)]
>   # subset same issue matrix
>   same.issue.area.t <- same.issue.area[which(years <= t),which(years <= t)]
>   # subset year diff matrix
>   year.diff.t <- year.diff.matrix[which(years <= t),which(years <= t)]
>   # subset year diff matrix square
>   year.diff.square.t <- year.diff.t^2
>   # subset sender time matrix
>   sender.time.t <- sender.time[which(years <= t),which(years <= t)]
>   # subset unique dyad id matrix
>   #dyad.id.t <- dyad.id[which(years <= t),which(years <= t)]
>   # subset year matrix
>   year.t<- year[which(years <= t),which(years <= t)]
>   # subset same opinion writer matrix
>   same.opinion.writer.t<- same.opinion.writer[which(years <= t),which(years <= t)]
>   
>   #### set vertex attributes
>   # same issue area
>   net.t <- set.vertex.attribute(net.t,"SameIssueArea", scc1[which(years <= t),41])
>   # abs diff of MQ score
>   net.t <- set.vertex.attribute(net.t,"AbsDiffMQscores", scc1[which(years <= t),65])
>   # number justices that voted for the case
>   net.t <- set.vertex.attribute(net.t,"NumberJusticesPro", scc1[which(years <= t),52])
>   # overruled covariate
>   net.t <- set.vertex.attribute(net.t,"Overruled", Overruled.matrix[which(years <= t),idt])
>   # sender time
>   net.t <- set.vertex.attribute(net.t,"sender.time", sender.time.t[,1])
>   # Majority Opinion Writer
>   net.t <- set.vertex.attribute(net.t,"MajOpWriter", scc1[which(years <= t),49])
> 
>   
>   not.fixed <- network(1*(sender.time == t))
>   
>   load(file="2012_1.RData")
> 
>   li <- li112[[1]]
> 
>   #load(file="2013_2.RData")
>   #li[1:6]<- li113[[1]] 
> 
>   
>   # fitting glm
>   model <- ergm(net.t~edges+ mutual + nodeicov("o.degree")+ difftransties("term")+gwidegree(1, fixed=TRUE)+ dgwesp(0.15, fixed=TRUE, type="OSP") +
+                 edgecov(mq.t)+
+                 edgecov(year.diff.t)+ edgecov(year.diff.square.t )+ 
+                 nodeicov('AbsDiffMQscores')+ nodeicov('NumberJusticesPro')+ 
+                 nodeicov('Overruled')+
+                 edgecov(same.opinion.writer.t)  + edgecov(same.issue.area.t),
+                 constraints=~fixallbut(not.fixed), control=control.ergm(MCMC.samplesize=10000,MCMLE.maxit=16, init=li), eval.loglik=FALSE) #
>   summary(model) 

==========================
Summary of model fit
==========================

Formula:   net.t ~ edges + mutual + nodeicov("o.degree") + difftransties("term") + 
    gwidegree(1, fixed = TRUE) + dgwesp(0.15, fixed = TRUE, type = "OSP") + 
    edgecov(mq.t) + edgecov(year.diff.t) + edgecov(year.diff.square.t) + 
    nodeicov("AbsDiffMQscores") + nodeicov("NumberJusticesPro") + 
    nodeicov("Overruled") + edgecov(same.opinion.writer.t) + 
    edgecov(same.issue.area.t)

Iterations:  16 out of 16 

Monte Carlo MLE Results:
                                Estimate Std. Error MCMC %  z value Pr(>|z|)
edges                         -7.401e+00  1.827e-02     72 -405.158  < 1e-04
mutual                        -1.517e+01         NA     NA       NA       NA
nodeicov.o.degree             -1.537e-02  2.024e-03      1   -7.592  < 1e-04
difftransties.term             2.372e+00  4.340e-02      1   54.659  < 1e-04
gwideg.fixed.1                -6.635e-01  9.320e-03     54  -71.184  < 1e-04
gwesp.OSP.fixed.0.15           2.292e+00  3.956e-02      1   57.938  < 1e-04
edgecov.mq.t                   8.063e-02  3.170e-02      1    2.543 0.010976
edgecov.year.diff.t           -5.038e-02  5.218e-03      0   -9.653  < 1e-04
edgecov.year.diff.square.t     2.661e-04  8.026e-05      0    3.316 0.000914
nodeicov.AbsDiffMQscores       3.486e-02  2.132e-02      0    1.635 0.102094
nodeicov.NumberJusticesPro     6.054e-02  1.944e-02      1    3.113 0.001849
nodeicov.Overruled            -2.992e-01  2.174e-02     94  -13.763  < 1e-04
edgecov.same.opinion.writer.t  4.608e-01  1.365e-02     78   33.750  < 1e-04
edgecov.same.issue.area.t      6.069e-01  5.097e-02      1   11.906  < 1e-04
                                 
edges                         ***
mutual                           
nodeicov.o.degree             ***
difftransties.term            ***
gwideg.fixed.1                ***
gwesp.OSP.fixed.0.15          ***
edgecov.mq.t                  *  
edgecov.year.diff.t           ***
edgecov.year.diff.square.t    ***
nodeicov.AbsDiffMQscores         
nodeicov.NumberJusticesPro    ** 
nodeicov.Overruled            ***
edgecov.same.opinion.writer.t ***
edgecov.same.issue.area.t     ***
---
Signif. codes:  0 '***' 0.001 '**' 0.01 '*' 0.05 '.' 0.1 ' ' 1

Log-likelihood was not estimated for this fit.
To get deviances, AIC, and/or BIC from fit `model` run 
  > model<-logLik(model, add=TRUE)
to add it to the object or rerun this function with eval.loglik=TRUE.
>   
> 
>   # get statistics
>   erg.est <- summary(net.t~edges+ mutual + nodeicov("o.degree")+ difftransties("term")+gwidegree(1, fixed=TRUE)+ 
+                 dgwesp(0.15, fixed=TRUE, type="OSP") +
+                 edgecov(mq.t)+
+                 edgecov(year.diff.t)+ edgecov(year.diff.square.t )+ nodeicov('AbsDiffMQscores')+ nodeicov('NumberJusticesPro')+ 
+                 nodeicov('Overruled')+edgecov(same.opinion.writer.t) + nodeifactor('MajOpWriter')+ edgecov(same.issue.area.t)  )
>   erg.est
                        edges                        mutual 
                    110640.00                         28.00 
            nodeicov.o.degree            difftransties.term 
                   1891944.00                      68625.00 
               gwideg.fixed.1          gwesp.OSP.fixed.0.15 
                     20145.55                      80199.43 
                 edgecov.mq.t           edgecov.year.diff.t 
                    108249.14                    1577582.00 
   edgecov.year.diff.square.t      nodeicov.AbsDiffMQscores 
                  41894678.00                     603279.39 
   nodeicov.NumberJusticesPro            nodeicov.Overruled 
                    760944.00                       3137.00 
edgecov.same.opinion.writer.t    nodeifactor.MajOpWriter.68 
                      8568.00                        448.00 
   nodeifactor.MajOpWriter.71    nodeifactor.MajOpWriter.72 
                        63.00                        218.00 
   nodeifactor.MajOpWriter.74    nodeifactor.MajOpWriter.75 
                      3016.00                       1217.00 
   nodeifactor.MajOpWriter.76    nodeifactor.MajOpWriter.77 
                      1661.00                        153.00 
   nodeifactor.MajOpWriter.78    nodeifactor.MajOpWriter.79 
                      7016.00                       3085.00 
   nodeifactor.MajOpWriter.80    nodeifactor.MajOpWriter.81 
                      4560.00                       7095.00 
   nodeifactor.MajOpWriter.82    nodeifactor.MajOpWriter.83 
                      1485.00                        164.00 
   nodeifactor.MajOpWriter.84    nodeifactor.MajOpWriter.85 
                      2338.00                       1090.00 
   nodeifactor.MajOpWriter.86    nodeifactor.MajOpWriter.87 
                       989.00                       1140.00 
   nodeifactor.MajOpWriter.88    nodeifactor.MajOpWriter.89 
                      2450.00                        493.00 
   nodeifactor.MajOpWriter.90    nodeifactor.MajOpWriter.91 
                      3866.00                       2517.00 
   nodeifactor.MajOpWriter.92    nodeifactor.MajOpWriter.93 
                      8468.00                        410.00 
   nodeifactor.MajOpWriter.94    nodeifactor.MajOpWriter.95 
                      6050.00                       7491.00 
   nodeifactor.MajOpWriter.96    nodeifactor.MajOpWriter.97 
                       684.00                        606.00 
   nodeifactor.MajOpWriter.98    nodeifactor.MajOpWriter.99 
                      3829.00                       4074.00 
  nodeifactor.MajOpWriter.100   nodeifactor.MajOpWriter.101 
                      3890.00                       4768.00 
  nodeifactor.MajOpWriter.102   nodeifactor.MajOpWriter.103 
                      5633.00                       4007.00 
  nodeifactor.MajOpWriter.104   nodeifactor.MajOpWriter.105 
                      3199.00                       1956.00 
  nodeifactor.MajOpWriter.106   nodeifactor.MajOpWriter.107 
                      1751.00                        963.00 
  nodeifactor.MajOpWriter.108   nodeifactor.MajOpWriter.109 
                       832.00                        683.00 
  nodeifactor.MajOpWriter.110   nodeifactor.MajOpWriter.111 
                       551.00                        164.00 
  nodeifactor.MajOpWriter.112   nodeifactor.MajOpWriter.113 
                       110.00                         34.00 
  nodeifactor.MajOpWriter.114     edgecov.same.issue.area.t 
                        15.00                      63658.00 
>   
> 
>    li113<- list(coef(model),  coef(summary(model))[,5], coef(summary(model))[,2] ) 
>    names(li113)<- c("Coefficients", "P-values", "StdErrors")
> 
>   save(li113,file="2013_1.RData")
> 
> 
> 
> 
