
R version 3.5.2 (2018-12-20) -- "Eggshell Igloo"
Copyright (C) 2018 The R Foundation for Statistical Computing
Platform: x86_64-redhat-linux-gnu (64-bit)

R is free software and comes with ABSOLUTELY NO WARRANTY.
You are welcome to redistribute it under certain conditions.
Type 'license()' or 'licence()' for distribution details.

R is a collaborative project with many contributors.
Type 'contributors()' for more information and
'citation()' on how to cite R or R packages in publications.

Type 'demo()' for some demos, 'help()' for on-line help, or
'help.start()' for an HTML browser interface to help.
Type 'q()' to quit R.

> 
> # get data
> load(file="ERCM_MPLE_cl.RData")
> 
> # install.packages("statnet", Sys.getenv("R_LIBS_USER"), repos = "http://cran.case.edu" )
> library(statnet)
> library(MLmetrics)
> library(xtable)
> library(tc.ergmterms)
> 
> # there are cases in 1962 marked as 1963 and in 1971 marked as 1972
> scc1[3364,11] <- 1962
> scc1[4648,11] <- 1971
> 
> 
> year.total <- scc1[,11]-1936 #-1936 => the first year 1937 is 1, 1938 is 2 aso, term column 
> 
> set.seed(12123)
> #sampled.years <- c(14, 24, 34, 44, 54, 64, 74)
> 
> t<- 79
>   print(t+1936)
[1] 2015
> tt<- t+1936
>   rowlasttt <- max(which(scc1[,11] == tt))
>   idt <- scc1[rowlasttt, 55]  
> 
>   
>   cases <- max(which(year.total==t)) # 14 corresponds to 1950
>   
>   # simple assignment of time periods to cases
>   years <- year.total[1:cases] 
>   
>   # going to need a sender time matrix covariate
>   sender.time <- matrix(years,length(years),length(years),byrow=F)
>   year <- matrix(years, length(years),length(years),byrow=F)
>   
>    # extract the network up to time t
>   AM <- adjacency.matrix[which(years <= t),which(years <= t)]
>   
>   net.t <- network(AM) 
>   
>   #calculate outdegree
>   o.degree<- rowSums(AM)
>   
>   # fix the outdegrees of time t as 0
>   last.t<- which(years==t)
>   
>   o.degree[last.t]<- 0
>   
>   # indicate outdegree and term as a node attribute
>   net.t <- set.vertex.attribute(net.t,"o.degree", o.degree)
>   net.t <- set.vertex.attribute(net.t,"term", years)
> 
> 
>    # subset MQ matrix
>   mq.t <- mq.matrix[which(years <= t),which(years <= t)]
>   # subset same issue matrix
>   same.issue.area.t <- same.issue.area[which(years <= t),which(years <= t)]
>   # subset year diff matrix
>   year.diff.t <- year.diff.matrix[which(years <= t),which(years <= t)]
>   # subset year diff matrix square
>   year.diff.square.t <- year.diff.t^2
>   # subset sender time matrix
>   sender.time.t <- sender.time[which(years <= t),which(years <= t)]
>   # subset unique dyad id matrix
>   #dyad.id.t <- dyad.id[which(years <= t),which(years <= t)]
>   # subset year matrix
>   year.t<- year[which(years <= t),which(years <= t)]
>   # subset same opinion writer matrix
>   same.opinion.writer.t<- same.opinion.writer[which(years <= t),which(years <= t)]
>   
>   #### set vertex attributes
>   # same issue area
>   net.t <- set.vertex.attribute(net.t,"SameIssueArea", scc1[which(years <= t),41])
>   # abs diff of MQ score
>   net.t <- set.vertex.attribute(net.t,"AbsDiffMQscores", scc1[which(years <= t),65])
>   # number justices that voted for the case
>   net.t <- set.vertex.attribute(net.t,"NumberJusticesPro", scc1[which(years <= t),52])
>   # overruled covariate
>   net.t <- set.vertex.attribute(net.t,"Overruled", Overruled.matrix[which(years <= t),idt])
>   # sender time
>   net.t <- set.vertex.attribute(net.t,"sender.time", sender.time.t[,1])
>   # Majority Opinion Writer
>   net.t <- set.vertex.attribute(net.t,"MajOpWriter", scc1[which(years <= t),49])
> 
>   
>   not.fixed <- network(1*(sender.time == t))
>   
>   load(file="2012_1.RData")
> 
>   li <- li112[[1]]
> 
>   #load(file="2013_2.RData")
>   #li[1:6]<- li113[[1]] 
> 
>   
>   # fitting glm
>   model <- ergm(net.t~edges+ mutual + nodeicov("o.degree")+ difftransties("term")+gwidegree(1, fixed=TRUE)+ dgwesp(0.15, fixed=TRUE, type="OSP") +
+                 edgecov(mq.t)+
+                 edgecov(year.diff.t)+ edgecov(year.diff.square.t )+ 
+                 nodeicov('AbsDiffMQscores')+ nodeicov('NumberJusticesPro')+ 
+                 nodeicov('Overruled')+
+                 edgecov(same.opinion.writer.t)  + edgecov(same.issue.area.t),
+                 constraints=~fixallbut(not.fixed), control=control.ergm(MCMC.samplesize=10000,Step.maxit=15, init=li, main.method="Stepping"), eval.loglik=FALSE) #
>   summary(model) 

==========================
Summary of model fit
==========================

Formula:   net.t ~ edges + mutual + nodeicov("o.degree") + difftransties("term") + 
    gwidegree(1, fixed = TRUE) + dgwesp(0.15, fixed = TRUE, type = "OSP") + 
    edgecov(mq.t) + edgecov(year.diff.t) + edgecov(year.diff.square.t) + 
    nodeicov("AbsDiffMQscores") + nodeicov("NumberJusticesPro") + 
    nodeicov("Overruled") + edgecov(same.opinion.writer.t) + 
    edgecov(same.issue.area.t)

Iterations:  NA 

 Stepping MLE Results:
                                Estimate Std. Error MCMC %   z value Pr(>|z|)
edges                         -7.450e+00  1.874e-04      0 -39754.44   <1e-04
mutual                        -1.517e+01         NA      0        NA       NA
nodeicov.o.degree             -9.028e-03  6.940e-04      0    -13.01   <1e-04
difftransties.term             2.496e+00  2.031e-04      0  12287.00   <1e-04
gwideg.fixed.1                -8.354e-01  1.802e-05      0 -46360.12   <1e-04
gwesp.OSP.fixed.0.15           2.490e+00  1.765e-04      0  14109.54   <1e-04
edgecov.mq.t                   2.181e-01  2.469e-04      0    883.33   <1e-04
edgecov.year.diff.t           -6.588e-02  1.992e-03      0    -33.08   <1e-04
edgecov.year.diff.square.t     4.733e-04  3.289e-05      0     14.39   <1e-04
nodeicov.AbsDiffMQscores       3.767e-02  1.322e-03      0     28.48   <1e-04
nodeicov.NumberJusticesPro     2.672e-02  1.669e-03      0     16.01   <1e-04
nodeicov.Overruled            -2.978e-01  1.409e-05      0 -21140.87   <1e-04
edgecov.same.opinion.writer.t  4.941e-01  3.780e-05      0  13068.98   <1e-04
edgecov.same.issue.area.t      8.843e-01  9.030e-05      0   9792.67   <1e-04
                                 
edges                         ***
mutual                           
nodeicov.o.degree             ***
difftransties.term            ***
gwideg.fixed.1                ***
gwesp.OSP.fixed.0.15          ***
edgecov.mq.t                  ***
edgecov.year.diff.t           ***
edgecov.year.diff.square.t    ***
nodeicov.AbsDiffMQscores      ***
nodeicov.NumberJusticesPro    ***
nodeicov.Overruled            ***
edgecov.same.opinion.writer.t ***
edgecov.same.issue.area.t     ***
---
Signif. codes:  0 '***' 0.001 '**' 0.01 '*' 0.05 '.' 0.1 ' ' 1

Log-likelihood was not estimated for this fit.
To get deviances, AIC, and/or BIC from fit `model` run 
  > model<-logLik(model, add=TRUE)
to add it to the object or rerun this function with eval.loglik=TRUE.
>   
> 
>   # get statistics
>   erg.est <- summary(net.t~edges+ mutual + nodeicov("o.degree")+ difftransties("term")+gwidegree(1, fixed=TRUE)+ 
+                 dgwesp(0.15, fixed=TRUE, type="OSP") +
+                 edgecov(mq.t)+
+                 edgecov(year.diff.t)+ edgecov(year.diff.square.t )+ nodeicov('AbsDiffMQscores')+ nodeicov('NumberJusticesPro')+ 
+                 nodeicov('Overruled')+edgecov(same.opinion.writer.t) + nodeifactor('MajOpWriter')+ edgecov(same.issue.area.t)  )
>   erg.est
                        edges                        mutual 
                    112939.00                         28.00 
            nodeicov.o.degree            difftransties.term 
                   1944664.00                      70089.00 
               gwideg.fixed.1          gwesp.OSP.fixed.0.15 
                     20343.85                      81877.21 
                 edgecov.mq.t           edgecov.year.diff.t 
                    111696.40                    1642375.00 
   edgecov.year.diff.square.t      nodeicov.AbsDiffMQscores 
                  44489975.00                     615610.10 
   nodeicov.NumberJusticesPro            nodeicov.Overruled 
                    776843.00                       3162.00 
edgecov.same.opinion.writer.t    nodeifactor.MajOpWriter.68 
                      8670.00                        451.00 
   nodeifactor.MajOpWriter.71    nodeifactor.MajOpWriter.72 
                        64.00                        219.00 
   nodeifactor.MajOpWriter.74    nodeifactor.MajOpWriter.75 
                      3036.00                       1222.00 
   nodeifactor.MajOpWriter.76    nodeifactor.MajOpWriter.77 
                      1672.00                        153.00 
   nodeifactor.MajOpWriter.78    nodeifactor.MajOpWriter.79 
                      7064.00                       3099.00 
   nodeifactor.MajOpWriter.80    nodeifactor.MajOpWriter.81 
                      4585.00                       7138.00 
   nodeifactor.MajOpWriter.82    nodeifactor.MajOpWriter.83 
                      1498.00                        164.00 
   nodeifactor.MajOpWriter.84    nodeifactor.MajOpWriter.85 
                      2361.00                       1098.00 
   nodeifactor.MajOpWriter.86    nodeifactor.MajOpWriter.87 
                       994.00                       1146.00 
   nodeifactor.MajOpWriter.88    nodeifactor.MajOpWriter.89 
                      2465.00                        499.00 
   nodeifactor.MajOpWriter.90    nodeifactor.MajOpWriter.91 
                      3901.00                       2531.00 
   nodeifactor.MajOpWriter.92    nodeifactor.MajOpWriter.93 
                      8576.00                        410.00 
   nodeifactor.MajOpWriter.94    nodeifactor.MajOpWriter.95 
                      6113.00                       7617.00 
   nodeifactor.MajOpWriter.96    nodeifactor.MajOpWriter.97 
                       685.00                        609.00 
   nodeifactor.MajOpWriter.98    nodeifactor.MajOpWriter.99 
                      3897.00                       4133.00 
  nodeifactor.MajOpWriter.100   nodeifactor.MajOpWriter.101 
                      3979.00                       4851.00 
  nodeifactor.MajOpWriter.102   nodeifactor.MajOpWriter.103 
                      5816.00                       4173.00 
  nodeifactor.MajOpWriter.104   nodeifactor.MajOpWriter.105 
                      3345.00                       2163.00 
  nodeifactor.MajOpWriter.106   nodeifactor.MajOpWriter.107 
                      1917.00                       1048.00 
  nodeifactor.MajOpWriter.108   nodeifactor.MajOpWriter.109 
                       939.00                        760.00 
  nodeifactor.MajOpWriter.110   nodeifactor.MajOpWriter.111 
                       622.00                        214.00 
  nodeifactor.MajOpWriter.112   nodeifactor.MajOpWriter.113 
                       159.00                         50.00 
  nodeifactor.MajOpWriter.114     edgecov.same.issue.area.t 
                        26.00                      64876.00 
>   
> 
>    li115<- list(coef(model),  coef(summary(model))[,5], coef(summary(model))[,2] ) 
>    names(li115)<- c("Coefficients", "P-values", "StdErrors")
> 
>   save(li115,file="2015_1.RData")
> 
> 
> 
> 
